Archive member included to satisfy reference by file (symbol)

/home/traian/st/stm32cubeide_1.19.0/plugins/com.st.stm32cube.ide.mcu.externaltools.gnu-tools-for-stm32.13.3.rel1.linux64_1.0.0.202410170706/tools/bin/../lib/gcc/arm-none-eabi/13.3.1/../../../../arm-none-eabi/lib/thumb/v8-m.main/nofp/libc_nano.a(libc_a-exit.o)
                              /home/traian/st/stm32cubeide_1.19.0/plugins/com.st.stm32cube.ide.mcu.externaltools.gnu-tools-for-stm32.13.3.rel1.linux64_1.0.0.202410170706/tools/bin/../lib/gcc/arm-none-eabi/13.3.1/../../../../arm-none-eabi/lib/thumb/v8-m.main/nofp/crt0.o (exit)
/home/traian/st/stm32cubeide_1.19.0/plugins/com.st.stm32cube.ide.mcu.externaltools.gnu-tools-for-stm32.13.3.rel1.linux64_1.0.0.202410170706/tools/bin/../lib/gcc/arm-none-eabi/13.3.1/../../../../arm-none-eabi/lib/thumb/v8-m.main/nofp/libc_nano.a(libc_a-findfp.o)
                              /home/traian/st/stm32cubeide_1.19.0/plugins/com.st.stm32cube.ide.mcu.externaltools.gnu-tools-for-stm32.13.3.rel1.linux64_1.0.0.202410170706/tools/bin/../lib/gcc/arm-none-eabi/13.3.1/../../../../arm-none-eabi/lib/thumb/v8-m.main/nofp/libc_nano.a(libc_a-exit.o) (__stdio_exit_handler)
/home/traian/st/stm32cubeide_1.19.0/plugins/com.st.stm32cube.ide.mcu.externaltools.gnu-tools-for-stm32.13.3.rel1.linux64_1.0.0.202410170706/tools/bin/../lib/gcc/arm-none-eabi/13.3.1/../../../../arm-none-eabi/lib/thumb/v8-m.main/nofp/libc_nano.a(libc_a-fwalk.o)
                              /home/traian/st/stm32cubeide_1.19.0/plugins/com.st.stm32cube.ide.mcu.externaltools.gnu-tools-for-stm32.13.3.rel1.linux64_1.0.0.202410170706/tools/bin/../lib/gcc/arm-none-eabi/13.3.1/../../../../arm-none-eabi/lib/thumb/v8-m.main/nofp/libc_nano.a(libc_a-findfp.o) (_fwalk_sglue)
/home/traian/st/stm32cubeide_1.19.0/plugins/com.st.stm32cube.ide.mcu.externaltools.gnu-tools-for-stm32.13.3.rel1.linux64_1.0.0.202410170706/tools/bin/../lib/gcc/arm-none-eabi/13.3.1/../../../../arm-none-eabi/lib/thumb/v8-m.main/nofp/libc_nano.a(libc_a-printf.o)
                              ./Src/binary_heap_queue.o (printf)
/home/traian/st/stm32cubeide_1.19.0/plugins/com.st.stm32cube.ide.mcu.externaltools.gnu-tools-for-stm32.13.3.rel1.linux64_1.0.0.202410170706/tools/bin/../lib/gcc/arm-none-eabi/13.3.1/../../../../arm-none-eabi/lib/thumb/v8-m.main/nofp/libc_nano.a(libc_a-putchar.o)
                              ./Src/binary_heap_queue.o (putchar)
/home/traian/st/stm32cubeide_1.19.0/plugins/com.st.stm32cube.ide.mcu.externaltools.gnu-tools-for-stm32.13.3.rel1.linux64_1.0.0.202410170706/tools/bin/../lib/gcc/arm-none-eabi/13.3.1/../../../../arm-none-eabi/lib/thumb/v8-m.main/nofp/libc_nano.a(libc_a-puts.o)
                              ./Src/main.o (puts)
/home/traian/st/stm32cubeide_1.19.0/plugins/com.st.stm32cube.ide.mcu.externaltools.gnu-tools-for-stm32.13.3.rel1.linux64_1.0.0.202410170706/tools/bin/../lib/gcc/arm-none-eabi/13.3.1/../../../../arm-none-eabi/lib/thumb/v8-m.main/nofp/libc_nano.a(libc_a-stdio.o)
                              /home/traian/st/stm32cubeide_1.19.0/plugins/com.st.stm32cube.ide.mcu.externaltools.gnu-tools-for-stm32.13.3.rel1.linux64_1.0.0.202410170706/tools/bin/../lib/gcc/arm-none-eabi/13.3.1/../../../../arm-none-eabi/lib/thumb/v8-m.main/nofp/libc_nano.a(libc_a-findfp.o) (__sread)
/home/traian/st/stm32cubeide_1.19.0/plugins/com.st.stm32cube.ide.mcu.externaltools.gnu-tools-for-stm32.13.3.rel1.linux64_1.0.0.202410170706/tools/bin/../lib/gcc/arm-none-eabi/13.3.1/../../../../arm-none-eabi/lib/thumb/v8-m.main/nofp/libc_nano.a(libc_a-wbuf.o)
                              /home/traian/st/stm32cubeide_1.19.0/plugins/com.st.stm32cube.ide.mcu.externaltools.gnu-tools-for-stm32.13.3.rel1.linux64_1.0.0.202410170706/tools/bin/../lib/gcc/arm-none-eabi/13.3.1/../../../../arm-none-eabi/lib/thumb/v8-m.main/nofp/libc_nano.a(libc_a-puts.o) (__swbuf_r)
/home/traian/st/stm32cubeide_1.19.0/plugins/com.st.stm32cube.ide.mcu.externaltools.gnu-tools-for-stm32.13.3.rel1.linux64_1.0.0.202410170706/tools/bin/../lib/gcc/arm-none-eabi/13.3.1/../../../../arm-none-eabi/lib/thumb/v8-m.main/nofp/libc_nano.a(libc_a-wsetup.o)
                              /home/traian/st/stm32cubeide_1.19.0/plugins/com.st.stm32cube.ide.mcu.externaltools.gnu-tools-for-stm32.13.3.rel1.linux64_1.0.0.202410170706/tools/bin/../lib/gcc/arm-none-eabi/13.3.1/../../../../arm-none-eabi/lib/thumb/v8-m.main/nofp/libc_nano.a(libc_a-puts.o) (__swsetup_r)
/home/traian/st/stm32cubeide_1.19.0/plugins/com.st.stm32cube.ide.mcu.externaltools.gnu-tools-for-stm32.13.3.rel1.linux64_1.0.0.202410170706/tools/bin/../lib/gcc/arm-none-eabi/13.3.1/../../../../arm-none-eabi/lib/thumb/v8-m.main/nofp/libc_nano.a(libc_a-memset.o)
                              /home/traian/st/stm32cubeide_1.19.0/plugins/com.st.stm32cube.ide.mcu.externaltools.gnu-tools-for-stm32.13.3.rel1.linux64_1.0.0.202410170706/tools/bin/../lib/gcc/arm-none-eabi/13.3.1/../../../../arm-none-eabi/lib/thumb/v8-m.main/nofp/crt0.o (memset)
[...]
Memory Configuration

Name             Origin             Length             Attributes
RAM              0x20000000         0x000c0000         xrw
SRAM4            0x28000000         0x00004000         xrw
FLASH            0x08000000         0x00200000         xr
*default*        0x00000000         0xffffffff

Linker script and memory map

LOAD /home/traian/st/stm32cubeide_1.19.0/plugins/com.st.stm32cube.ide.mcu.externaltools.gnu-tools-for-stm32.13.3.rel1.linux64_1.0.0.202410170706/tools/bin/../lib/gcc/arm-none-eabi/13.3.1/thumb/v8-m.main/nofp/crti.o
LOAD /home/traian/st/stm32cubeide_1.19.0/plugins/com.st.stm32cube.ide.mcu.externaltools.gnu-tools-for-stm32.13.3.rel1.linux64_1.0.0.202410170706/tools/bin/../lib/gcc/arm-none-eabi/13.3.1/thumb/v8-m.main/nofp/crtbegin.o
LOAD /home/traian/st/stm32cubeide_1.19.0/plugins/com.st.stm32cube.ide.mcu.externaltools.gnu-tools-for-stm32.13.3.rel1.linux64_1.0.0.202410170706/tools/bin/../lib/gcc/arm-none-eabi/13.3.1/../../../../arm-none-eabi/lib/thumb/v8-m.main/nofp/crt0.o
LOAD ./Src/binary_heap_queue.o
LOAD ./Src/globals.o
LOAD ./Src/led.o
LOAD ./Src/main.o
LOAD ./Src/memory_pool.o
LOAD ./Src/mutex.o
LOAD ./Src/osKernel.o
LOAD ./Src/priority_queue.o
LOAD ./Src/queue.o
LOAD ./Src/rms_scheduler.o
LOAD ./Src/rtos.o
LOAD ./Src/syscalls.o
LOAD ./Src/sysmem.o
LOAD ./Src/task.o
LOAD ./Src/timebase.o
LOAD ./Src/uart.o
LOAD ./Startup/startup_stm32u575zitxq.o
START GROUP
LOAD /home/traian/st/stm32cubeide_1.19.0/plugins/com.st.stm32cube.ide.mcu.externaltools.gnu-tools-for-stm32.13.3.rel1.linux64_1.0.0.202410170706/tools/bin/../lib/gcc/arm-none-eabi/13.3.1/../../../../arm-none-eabi/lib/thumb/v8-m.main/nofp/libc_nano.a
LOAD /home/traian/st/stm32cubeide_1.19.0/plugins/com.st.stm32cube.ide.mcu.externaltools.gnu-tools-for-stm32.13.3.rel1.linux64_1.0.0.202410170706/tools/bin/../lib/gcc/arm-none-eabi/13.3.1/../../../../arm-none-eabi/lib/thumb/v8-m.main/nofp/libm.a
END GROUP
START GROUP
LOAD /home/traian/st/stm32cubeide_1.19.0/plugins/com.st.stm32cube.ide.mcu.externaltools.gnu-tools-for-stm32.13.3.rel1.linux64_1.0.0.202410170706/tools/bin/../lib/gcc/arm-none-eabi/13.3.1/thumb/v8-m.main/nofp/libgcc.a
LOAD /home/traian/st/stm32cubeide_1.19.0/plugins/com.st.stm32cube.ide.mcu.externaltools.gnu-tools-for-stm32.13.3.rel1.linux64_1.0.0.202410170706/tools/bin/../lib/gcc/arm-none-eabi/13.3.1/../../../../arm-none-eabi/lib/thumb/v8-m.main/nofp/libc_nano.a
END GROUP
START GROUP
LOAD /home/traian/st/stm32cubeide_1.19.0/plugins/com.st.stm32cube.ide.mcu.externaltools.gnu-tools-for-stm32.13.3.rel1.linux64_1.0.0.202410170706/tools/bin/../lib/gcc/arm-none-eabi/13.3.1/thumb/v8-m.main/nofp/libgcc.a
LOAD /home/traian/st/stm32cubeide_1.19.0/plugins/com.st.stm32cube.ide.mcu.externaltools.gnu-tools-for-stm32.13.3.rel1.linux64_1.0.0.202410170706/tools/bin/../lib/gcc/arm-none-eabi/13.3.1/../../../../arm-none-eabi/lib/thumb/v8-m.main/nofp/libc_nano.a
LOAD /home/traian/st/stm32cubeide_1.19.0/plugins/com.st.stm32cube.ide.mcu.externaltools.gnu-tools-for-stm32.13.3.rel1.linux64_1.0.0.202410170706/tools/bin/../lib/gcc/arm-none-eabi/13.3.1/../../../../arm-none-eabi/lib/thumb/v8-m.main/nofp/libnosys.a
END GROUP
START GROUP
LOAD /home/traian/st/stm32cubeide_1.19.0/plugins/com.st.stm32cube.ide.mcu.externaltools.gnu-tools-for-stm32.13.3.rel1.linux64_1.0.0.202410170706/tools/bin/../lib/gcc/arm-none-eabi/13.3.1/thumb/v8-m.main/nofp/libgcc.a
LOAD /home/traian/st/stm32cubeide_1.19.0/plugins/com.st.stm32cube.ide.mcu.externaltools.gnu-tools-for-stm32.13.3.rel1.linux64_1.0.0.202410170706/tools/bin/../lib/gcc/arm-none-eabi/13.3.1/../../../../arm-none-eabi/lib/thumb/v8-m.main/nofp/libc_nano.a
LOAD /home/traian/st/stm32cubeide_1.19.0/plugins/com.st.stm32cube.ide.mcu.externaltools.gnu-tools-for-stm32.13.3.rel1.linux64_1.0.0.202410170706/tools/bin/../lib/gcc/arm-none-eabi/13.3.1/../../../../arm-none-eabi/lib/thumb/v8-m.main/nofp/libnosys.a
END GROUP
LOAD /home/traian/st/stm32cubeide_1.19.0/plugins/com.st.stm32cube.ide.mcu.externaltools.gnu-tools-for-stm32.13.3.rel1.linux64_1.0.0.202410170706/tools/bin/../lib/gcc/arm-none-eabi/13.3.1/thumb/v8-m.main/nofp/crtend.o
LOAD /home/traian/st/stm32cubeide_1.19.0/plugins/com.st.stm32cube.ide.mcu.externaltools.gnu-tools-for-stm32.13.3.rel1.linux64_1.0.0.202410170706/tools/bin/../lib/gcc/arm-none-eabi/13.3.1/thumb/v8-m.main/nofp/crtn.o
                0x200c0000                        _estack = (ORIGIN (RAM) + LENGTH (RAM))
                0x00000200                        _Min_Heap_Size = 0x200
                0x00000400                        _Min_Stack_Size = 0x400

.isr_vector     0x08000000      0x258
 *(.isr_vector)
 .isr_vector    0x08000000      0x258 ./Startup/startup_stm32u575zitxq.o
                0x08000000                g_pfnVectors

.text           0x08000258     0x2db4
 *(.text)
 .text          0x08000258       0x40 /home/traian/st/stm32cubeide_1.19.0/plugins/com.st.stm32cube.ide.mcu.externaltools.gnu-tools-for-stm32.13.3.rel1.linux64_1.0.0.202410170706/tools/bin/../lib/gcc/arm-none-eabi/13.3.1/thumb/v8-m.main/nofp/crtbegin.o
 .text          0x08000298      0x378 /home/traian/st/stm32cubeide_1.19.0/plugins/com.st.stm32cube.ide.mcu.externaltools.gnu-tools-for-stm32.13.3.rel1.linux64_1.0.0.202410170706/tools/bin/../lib/gcc/arm-none-eabi/13.3.1/thumb/v8-m.main/nofp/libgcc.a(_arm_addsubdf3.o)
                0x08000298                __aeabi_drsub
                0x080002a0                __aeabi_dsub
                0x080002a0                __subdf3
                0x080002a4                __adddf3
                0x080002a4                __aeabi_dadd
                0x0800051c                __aeabi_ui2d
                0x0800051c                __floatunsidf
                0x0800053c                __floatsidf
                0x0800053c                __aeabi_i2d
                0x08000560                __extendsfdf2
                0x08000560                __aeabi_f2d
                0x080005a4                __aeabi_ul2d
                0x080005a4                __floatundidf
                0x080005b4                __floatdidf
                0x080005b4                __aeabi_l2d
 .text          0x08000610      0x110 /home/traian/st/stm32cubeide_1.19.0/plugins/com.st.stm32cube.ide.mcu.externaltools.gnu-tools-for-stm32.13.3.rel1.linux64_1.0.0.202410170706/tools/bin/../lib/gcc/arm-none-eabi/13.3.1/thumb/v8-m.main/nofp/libgcc.a(_arm_cmpdf2.o)
                0x08000610                __gtdf2
                0x08000610                __gedf2
                0x08000618                __ltdf2
                0x08000618                __ledf2
                0x08000620                __cmpdf2
                0x08000620                __eqdf2
                0x08000620                __nedf2
                0x0800069c                __aeabi_cdrcmple
                0x080006ac                __aeabi_cdcmple
                0x080006ac                __aeabi_cdcmpeq
                0x080006bc                __aeabi_dcmpeq
                0x080006d0                __aeabi_dcmplt
                0x080006e4                __aeabi_dcmple
                0x080006f8                __aeabi_dcmpge
                0x0800070c                __aeabi_dcmpgt
 .text          0x08000720      0x21c /home/traian/st/stm32cubeide_1.19.0/plugins/com.st.stm32cube.ide.mcu.externaltools.gnu-tools-for-stm32.13.3.rel1.linux64_1.0.0.202410170706/tools/bin/../lib/gcc/arm-none-eabi/13.3.1/thumb/v8-m.main/nofp/libgcc.a(_arm_addsubsf3.o)
                0x08000720                __aeabi_frsub
                0x08000728                __subsf3
                0x08000728                __aeabi_fsub
                0x0800072c                __aeabi_fadd
                0x0800072c                __addsf3
                0x0800088c                __aeabi_ui2f
                0x0800088c                __floatunsisf
                0x08000894                __aeabi_i2f
                0x08000894                __floatsisf
                0x080008b0                __floatundisf
                0x080008b0                __aeabi_ul2f
                0x080008c0                __floatdisf
                0x080008c0                __aeabi_l2f
 .text          0x0800093c      0x2a0 /home/traian/st/stm32cubeide_1.19.0/plugins/com.st.stm32cube.ide.mcu.externaltools.gnu-tools-for-stm32.13.3.rel1.linux64_1.0.0.202410170706/tools/bin/../lib/gcc/arm-none-eabi/13.3.1/thumb/v8-m.main/nofp/libgcc.a(_arm_muldivsf3.o)
                0x0800093c                __mulsf3
                0x0800093c                __aeabi_fmul
                0x08000aa4                __divsf3
                0x08000aa4                __aeabi_fdiv
 .text          0x08000bdc       0xec /home/traian/st/stm32cubeide_1.19.0/plugins/com.st.stm32cube.ide.mcu.externaltools.gnu-tools-for-stm32.13.3.rel1.linux64_1.0.0.202410170706/tools/bin/../lib/gcc/arm-none-eabi/13.3.1/thumb/v8-m.main/nofp/libgcc.a(_arm_cmpsf2.o)
                0x08000bdc                __gtsf2
                0x08000bdc                __gesf2
                0x08000be4                __lesf2
                0x08000be4                __ltsf2
                0x08000bec                __nesf2
                0x08000bec                __eqsf2
                0x08000bec                __cmpsf2
                0x08000c4c                __aeabi_cfrcmple
                0x08000c54                __aeabi_cfcmple
                0x08000c54                __aeabi_cfcmpeq
                0x08000c64                __aeabi_fcmpeq
                0x08000c78                __aeabi_fcmplt
                0x08000c8c                __aeabi_fcmple
                0x08000ca0                __aeabi_fcmpge
                0x08000cb4                __aeabi_fcmpgt
 .text          0x08000cc8       0x4c /home/traian/st/stm32cubeide_1.19.0/plugins/com.st.stm32cube.ide.mcu.externaltools.gnu-tools-for-stm32.13.3.rel1.linux64_1.0.0.202410170706/tools/bin/../lib/gcc/arm-none-eabi/13.3.1/thumb/v8-m.main/nofp/libgcc.a(_arm_fixsfsi.o)
                0x08000cc8                __fixsfsi
                0x08000cc8                __aeabi_f2iz
 .text          0x08000d14       0x30 /home/traian/st/stm32cubeide_1.19.0/plugins/com.st.stm32cube.ide.mcu.externaltools.gnu-tools-for-stm32.13.3.rel1.linux64_1.0.0.202410170706/tools/bin/../lib/gcc/arm-none-eabi/13.3.1/thumb/v8-m.main/nofp/libgcc.a(_aeabi_uldivmod.o)
                0x08000d14                __aeabi_uldivmod
 .text          0x08000d44      0x348 /home/traian/st/stm32cubeide_1.19.0/plugins/com.st.stm32cube.ide.mcu.externaltools.gnu-tools-for-stm32.13.3.rel1.linux64_1.0.0.202410170706/tools/bin/../lib/gcc/arm-none-eabi/13.3.1/thumb/v8-m.main/nofp/libgcc.a(_udivmoddi4.o)
                0x08000d44                __udivmoddi4
 .text          0x0800108c        0x4 /home/traian/st/stm32cubeide_1.19.0/plugins/com.st.stm32cube.ide.mcu.externaltools.gnu-tools-for-stm32.13.3.rel1.linux64_1.0.0.202410170706/tools/bin/../lib/gcc/arm-none-eabi/13.3.1/thumb/v8-m.main/nofp/libgcc.a(_dvmd_tls.o)
                0x0800108c                __aeabi_ldiv0
                0x0800108c                __aeabi_idiv0
 *(.text*)
 .text.h_init   0x08001090       0x18 ./Src/binary_heap_queue.o
                0x08001090                h_init
 .text.swap_elements
                0x080010a8       0x28 ./Src/binary_heap_queue.o
 .text.shift_heap
                0x080010d0       0x56 ./Src/binary_heap_queue.o
 .text.h_enqueue
                0x08001126       0x3a ./Src/binary_heap_queue.o
                0x08001126                h_enqueue
 .text.min_heapify
                0x08001160       0xa4 ./Src/binary_heap_queue.o
 .text.h_dequeue
                0x08001204       0x6c ./Src/binary_heap_queue.o
                0x08001204                h_dequeue
 .text.h_peek   0x08001270       0x38 ./Src/binary_heap_queue.o
                0x08001270                h_peek
 .text.h_is_empty
                0x080012a8       0x22 ./Src/binary_heap_queue.o
                0x080012a8                h_is_empty
 *fill*         0x080012ca        0x2 
 .text.task_low
                0x080012cc       0x5c ./Src/main.o
                0x080012cc                task_low
 .text.task_med
                0x08001328       0x14 ./Src/main.o
                0x08001328                task_med
 .text.task_high
                0x0800133c       0x44 ./Src/main.o
                0x0800133c                task_high
 .text.main     0x08001380       0x68 ./Src/main.o
                0x08001380                main
 .text.c_malloc
                0x080013e8      0x148 ./Src/memory_pool.o
                0x080013e8                c_malloc
 .text.enqueue_condition
                0x08001530       0x26 ./Src/mutex.o
 .text.dequeue_condition
                0x08001556       0x14 ./Src/mutex.o
 .text.mutex_init
                0x0800156a       0x20 ./Src/mutex.o
                0x0800156a                mutex_init
 *fill*         0x0800158a        0x2 
 .text.locked_mutex
                0x0800158c       0x70 ./Src/mutex.o
 .text.unlocked_mutex
                0x080015fc       0x24 ./Src/mutex.o
 .text.mutex_lock
                0x08001620       0x26 ./Src/mutex.o
                0x08001620                mutex_lock
 *fill*         0x08001646        0x2 
 .text.mutex_unlock
                0x08001648       0x84 ./Src/mutex.o
                0x08001648                mutex_unlock
 .text.__NVIC_SetPriority
                0x080016cc       0x54 ./Src/osKernel.o
 .text.os_idle_thread
                0x08001720        0x8 ./Src/osKernel.o
 .text.SystemCoreClockUpdate
                0x08001728       0x1c ./Src/osKernel.o
                0x08001728                SystemCoreClockUpdate
 .text.osSchedulerLaunch
                0x08001744       0x2c ./Src/osKernel.o
                0x08001744                osSchedulerLaunch
 .text.osKernelStackInit
                0x08001770       0xce ./Src/osKernel.o
                0x08001770                osKernelStackInit
 *fill*         0x0800183e        0x2 
 .text.osKernelAddThreads
                0x08001840       0x6c ./Src/osKernel.o
                0x08001840                osKernelAddThreads
 .text.osKernelInit
                0x080018ac       0x68 ./Src/osKernel.o
                0x080018ac                osKernelInit
 .text.osKernelLaunch
                0x08001914       0x74 ./Src/osKernel.o
                0x08001914                osKernelLaunch
 .text.task_runtime
                0x08001988       0x14 ./Src/osKernel.o
                0x08001988                task_runtime
 .text.SysTick_Handler
                0x0800199c       0x48 ./Src/osKernel.o
                0x0800199c                SysTick_Handler
 .text.PendSV_Handler
                0x080019e4       0x2c ./Src/osKernel.o
                0x080019e4                PendSV_Handler
 .text.queue_init
                0x08001a10       0x24 ./Src/queue.o
                0x08001a10                queue_init
 .text.queue_is_empty
                0x08001a34       0x20 ./Src/queue.o
                0x08001a34                queue_is_empty
 .text.enqueue  0x08001a54       0x50 ./Src/queue.o
                0x08001a54                enqueue
 .text.dequeue  0x08001aa4       0x5c ./Src/queue.o
                0x08001aa4                dequeue
 .text.peek     0x08001b00       0x30 ./Src/queue.o
                0x08001b00                peek
 .text.scheduler_set_idle_task
                0x08001b30       0x1c ./Src/rms_scheduler.o
                0x08001b30                scheduler_set_idle_task
 .text.new_task_condition
                0x08001b4c       0x26 ./Src/rms_scheduler.o
 .text.return_task_from_template
                0x08001b72       0x14 ./Src/rms_scheduler.o
 .text.pending_enqueue
                0x08001b86       0x46 ./Src/rms_scheduler.o
 .text.should_restore
                0x08001bcc       0x38 ./Src/rms_scheduler.o
 .text.scheduler_init
                0x08001c04       0x54 ./Src/rms_scheduler.o
                0x08001c04                scheduler_init
 .text.prepare_next_task
                0x08001c58       0x1c ./Src/rms_scheduler.o
                0x08001c58                prepare_next_task
 .text.compute_task_priority
                0x08001c74       0x64 ./Src/rms_scheduler.o
 .text.rms_task_templates_add
                0x08001cd8       0x80 ./Src/rms_scheduler.o
                0x08001cd8                rms_task_templates_add
 .text.add_next_task
                0x08001d58       0x70 ./Src/rms_scheduler.o
                0x08001d58                add_next_task
 .text.calculate_rms_bound
                0x08001dc8       0x34 ./Src/rms_scheduler.o
                0x08001dc8                calculate_rms_bound
 *fill*         0x08001dfc        0x4 
 .text.is_schedulable
                0x08001e00       0xe8 ./Src/rms_scheduler.o
                0x08001e00                is_schedulable
 .text.start_scheduler
                0x08001ee8       0xdc ./Src/rms_scheduler.o
                0x08001ee8                start_scheduler
 .text.scheduler_add_task
                0x08001fc4       0x54 ./Src/rms_scheduler.o
                0x08001fc4                scheduler_add_task
 .text.scheduler_get_task
                0x08002018       0x8c ./Src/rms_scheduler.o
                0x08002018                scheduler_get_task
 .text.scheduler_sleep_task
                0x080020a4       0x2c ./Src/rms_scheduler.o
                0x080020a4                scheduler_sleep_task
 .text.scheduler_release_tasks
                0x080020d0       0x54 ./Src/rms_scheduler.o
                0x080020d0                scheduler_release_tasks
 .text.exists_higher_priority_task
                0x08002124       0x50 ./Src/rms_scheduler.o
                0x08002124                exists_higher_priority_task
 .text.exists_any_task
                0x08002174       0x44 ./Src/rms_scheduler.o
                0x08002174                exists_any_task
 .text.rtos_init
                0x080021b8        0xc ./Src/rtos.o
                0x080021b8                rtos_init
 .text.rtos_task_wait
                0x080021c4       0x54 ./Src/rtos.o
                0x080021c4                rtos_task_wait
 .text.rtos_task_yeld
                0x08002218       0x28 ./Src/rtos.o
                0x08002218                rtos_task_yeld
 .text._read    0x08002240       0x3a ./Src/syscalls.o
                0x08002240                _read
 .text._write   0x0800227a       0x38 ./Src/syscalls.o
                0x0800227a                _write
 .text._close   0x080022b2       0x16 ./Src/syscalls.o
                0x080022b2                _close
 .text._fstat   0x080022c8       0x1e ./Src/syscalls.o
                0x080022c8                _fstat
 .text._isatty  0x080022e6       0x14 ./Src/syscalls.o
                0x080022e6                _isatty
 .text._lseek   0x080022fa       0x18 ./Src/syscalls.o
                0x080022fa                _lseek
 *fill*         0x08002312        0x2 
 .text._sbrk    0x08002314       0x6c ./Src/sysmem.o
                0x08002314                _sbrk
 .text.init_task
                0x08002380       0x7a ./Src/task.o
                0x08002380                init_task
 *fill*         0x080023fa        0x2 
 .text.reset_task
                0x080023fc       0x58 ./Src/task.o
                0x080023fc                reset_task
 .text.context_switch
                0x08002454       0x1c ./Src/task.o
                0x08002454                context_switch
 .text.should_switch
                0x08002470       0x5c ./Src/task.o
                0x08002470                should_switch
 .text.inheritate_priority
                0x080024cc       0x46 ./Src/task.o
                0x080024cc                inheritate_priority
 .text.__io_putchar
                0x08002512       0x18 ./Src/uart.o
                0x08002512                __io_putchar
 *fill*         0x0800252a        0x2 
 .text.uart_tx_init
                0x0800252c       0x9c ./Src/uart.o
                0x0800252c                uart_tx_init
 .text.uart_write
                0x080025c8       0x2c ./Src/uart.o
 .text.uart_set_baudrate
                0x080025f4       0x28 ./Src/uart.o
 .text.compute_uart_bd
                0x0800261c       0x24 ./Src/uart.o
 .text.Reset_Handler
                0x08002640       0x50 ./Startup/startup_stm32u575zitxq.o
                0x08002640                Reset_Handler
 .text.Default_Handler
                0x08002690        0x2 ./Startup/startup_stm32u575zitxq.o
                0x08002690                EXTI2_IRQHandler
                0x08002690                TIM8_TRG_COM_IRQHandler
                0x08002690                TIM8_CC_IRQHandler
                0x08002690                EXTI5_IRQHandler
                0x08002690                DebugMon_Handler
                0x08002690                FLASH_S_IRQHandler
                0x08002690                EXTI13_IRQHandler
                0x08002690                TIM1_CC_IRQHandler
                0x08002690                TSC_IRQHandler
                0x08002690                Cordic_IRQHandler
                0x08002690                HardFault_Handler
                0x08002690                TAMP_IRQHandler
                0x08002690                TIM6_IRQHandler
                0x08002690                EXTI12_IRQHandler
                0x08002690                NMI_Handler
                0x08002690                EXTI3_IRQHandler
                0x08002690                ADC12_IRQHandler
                0x08002690                LPTIM4_IRQHandler
                0x08002690                EXTI8_IRQHandler
                0x08002690                LPTIM2_IRQHandler
                0x08002690                GPDMA1_CH5_IRQHandler
                0x08002690                GPDMA1_CH12_IRQHandler
                0x08002690                I2C3_ER_IRQHandler
                0x08002690                PWR_S3WU_IRQHandler
                0x08002690                GPDMA1_CH15_IRQHandler
                0x08002690                MDF1_FLT2_IRQHandler
                0x08002690                LPTIM3_IRQHandler
                0x08002690                GPDMA1_CH11_IRQHandler
                0x08002690                EXTI0_IRQHandler
                0x08002690                I2C2_EV_IRQHandler
                0x08002690                FPU_IRQHandler
                0x08002690                MDF1_FLT4_IRQHandler
                0x08002690                FDCAN1_IT1_IRQHandler
                0x08002690                RAMCFG_IRQHandler
                0x08002690                UsageFault_Handler
                0x08002690                DCACHE1_IRQHandler
                0x08002690                GPDMA1_CH3_IRQHandler
                0x08002690                SPI1_IRQHandler
                0x08002690                OCTOSPI1_IRQHandler
                0x08002690                GPDMA1_CH4_IRQHandler
                0x08002690                GPDMA1_CH14_IRQHandler
                0x08002690                TIM8_UP_IRQHandler
                0x08002690                RCC_S_IRQHandler
                0x08002690                OCTOSPI2_IRQHandler
                0x08002690                SAI2_IRQHandler
                0x08002690                MDF1_FLT1_IRQHandler
                0x08002690                PKA_IRQHandler
                0x08002690                MDF1_FLT5_IRQHandler
                0x08002690                EXTI15_IRQHandler
                0x08002690                TIM17_IRQHandler
                0x08002690                USART3_IRQHandler
                0x08002690                RTC_IRQHandler
                0x08002690                EXTI9_IRQHandler
                0x08002690                UART5_IRQHandler
                0x08002690                GPDMA1_CH7_IRQHandler
                0x08002690                LPDMA1_CH1_IRQHandler
                0x08002690                TIM4_IRQHandler
                0x08002690                I2C1_EV_IRQHandler
                0x08002690                TIM16_IRQHandler
                0x08002690                UART4_IRQHandler
                0x08002690                SecureFault_Handler
                0x08002690                GPDMA1_CH6_IRQHandler
                0x08002690                TIM3_IRQHandler
                0x08002690                RCC_IRQHandler
                0x08002690                TIM1_TRG_COM_IRQHandler
                0x08002690                Default_Handler
                0x08002690                GPDMA1_CH1_IRQHandler
                0x08002690                FMAC_IRQHandler
                0x08002690                OTFDEC1_IRQHandler
                0x08002690                GPDMA1_CH0_IRQHandler
                0x08002690                TIM7_IRQHandler
                0x08002690                SDMMC1_IRQHandler
                0x08002690                TIM5_IRQHandler
                0x08002690                UCPD1_IRQHandler
                0x08002690                TIM15_IRQHandler
                0x08002690                I2C3_EV_IRQHandler
                0x08002690                GPDMA1_CH9_IRQHandler
                0x08002690                PVD_PVM_IRQHandler
                0x08002690                GPU2D_IRQSYS_IRQHandler
                0x08002690                SPI2_IRQHandler
                0x08002690                MemManage_Handler
                0x08002690                LPDMA1_CH3_IRQHandler
                0x08002690                GPDMA1_CH2_IRQHandler
                0x08002690                EXTI14_IRQHandler
                0x08002690                EXTI11_IRQHandler
                0x08002690                OTFDEC2_IRQHandler
                0x08002690                SVC_Handler
                0x08002690                CRS_IRQHandler
                0x08002690                LSECSSD_IRQHandler
                0x08002690                EXTI4_IRQHandler
                0x08002690                RTC_S_IRQHandler
                0x08002690                RNG_IRQHandler
                0x08002690                GPDMA1_CH8_IRQHandler
                0x08002690                GPDMA1_CH13_IRQHandler
                0x08002690                COMP_IRQHandler
                0x08002690                TIM1_UP_IRQHandler
                0x08002690                ADC4_IRQHandler
                0x08002690                WWDG_IRQHandler
                0x08002690                I2C4_EV_IRQHandler
                0x08002690                LPUART1_IRQHandler
                0x08002690                MDF1_FLT0_IRQHandler
                0x08002690                FDCAN1_IT0_IRQHandler
                0x08002690                TIM2_IRQHandler
                0x08002690                LPDMA1_CH2_IRQHandler
                0x08002690                GPDMA1_CH10_IRQHandler
                0x08002690                EXTI7_IRQHandler
                0x08002690                DMA2D_IRQHandler
                0x08002690                TIM1_BRK_IRQHandler
                0x08002690                EXTI1_IRQHandler
                0x08002690                SDMMC2_IRQHandler
                0x08002690                DAC1_IRQHandler
                0x08002690                GTZC_IRQHandler
                0x08002690                MDF1_FLT3_IRQHandler
                0x08002690                USART2_IRQHandler
                0x08002690                ADF1_FLT0_IRQHandler
                0x08002690                I2C2_ER_IRQHandler
                0x08002690                TIM8_BRK_IRQHandler
                0x08002690                FLASH_IRQHandler
                0x08002690                BusFault_Handler
                0x08002690                USART1_IRQHandler
                0x08002690                EXTI10_IRQHandler
                0x08002690                OTG_FS_IRQHandler
                0x08002690                SPI3_IRQHandler
                0x08002690                I2C1_ER_IRQHandler
                0x08002690                LPDMA1_CH0_IRQHandler
                0x08002690                FMC_IRQHandler
                0x08002690                GPU2D_IRQ_IRQHandler
                0x08002690                EXTI6_IRQHandler
                0x08002690                LPTIM1_IRQHandler
                0x08002690                DCMI_PSSI_IRQHandler
                0x08002690                I2C4_ER_IRQHandler
                0x08002690                ICACHE_IRQHandler
                0x08002690                SAI1_IRQHandler
                0x08002690                HASH_IRQHandler
 *fill*         0x08002692        0x2 
 .text.std      0x08002694       0x6c /home/traian/st/stm32cubeide_1.19.0/plugins/com.st.stm32cube.ide.mcu.externaltools.gnu-tools-for-stm32.13.3.rel1.linux64_1.0.0.202410170706/tools/bin/../lib/gcc/arm-none-eabi/13.3.1/../../../../arm-none-eabi/lib/thumb/v8-m.main/nofp/libc_nano.a(libc_a-findfp.o)
 .text.stdio_exit_handler
                0x08002700       0x18 /home/traian/st/stm32cubeide_1.19.0/plugins/com.st.stm32cube.ide.mcu.externaltools.gnu-tools-for-stm32.13.3.rel1.linux64_1.0.0.202410170706/tools/bin/../lib/gcc/arm-none-eabi/13.3.1/../../../../arm-none-eabi/lib/thumb/v8-m.main/nofp/libc_nano.a(libc_a-findfp.o)
 .text.cleanup_stdio
                0x08002718       0x40 /home/traian/st/stm32cubeide_1.19.0/plugins/com.st.stm32cube.ide.mcu.externaltools.gnu-tools-for-stm32.13.3.rel1.linux64_1.0.0.202410170706/tools/bin/../lib/gcc/arm-none-eabi/13.3.1/../../../../arm-none-eabi/lib/thumb/v8-m.main/nofp/libc_nano.a(libc_a-findfp.o)
 .text.global_stdio_init.part.0
                0x08002758       0x3c /home/traian/st/stm32cubeide_1.19.0/plugins/com.st.stm32cube.ide.mcu.externaltools.gnu-tools-for-stm32.13.3.rel1.linux64_1.0.0.202410170706/tools/bin/../lib/gcc/arm-none-eabi/13.3.1/../../../../arm-none-eabi/lib/thumb/v8-m.main/nofp/libc_nano.a(libc_a-findfp.o)
 .text.__sfp_lock_acquire
                0x08002794        0xc /home/traian/st/stm32cubeide_1.19.0/plugins/com.st.stm32cube.ide.mcu.externaltools.gnu-tools-for-stm32.13.3.rel1.linux64_1.0.0.202410170706/tools/bin/../lib/gcc/arm-none-eabi/13.3.1/../../../../arm-none-eabi/lib/thumb/v8-m.main/nofp/libc_nano.a(libc_a-findfp.o)
                0x08002794                __sfp_lock_acquire
 .text.__sfp_lock_release
                0x080027a0        0xc /home/traian/st/stm32cubeide_1.19.0/plugins/com.st.stm32cube.ide.mcu.externaltools.gnu-tools-for-stm32.13.3.rel1.linux64_1.0.0.202410170706/tools/bin/../lib/gcc/arm-none-eabi/13.3.1/../../../../arm-none-eabi/lib/thumb/v8-m.main/nofp/libc_nano.a(libc_a-findfp.o)
                0x080027a0                __sfp_lock_release
 .text.__sinit  0x080027ac       0x30 /home/traian/st/stm32cubeide_1.19.0/plugins/com.st.stm32cube.ide.mcu.externaltools.gnu-tools-for-stm32.13.3.rel1.linux64_1.0.0.202410170706/tools/bin/../lib/gcc/arm-none-eabi/13.3.1/../../../../arm-none-eabi/lib/thumb/v8-m.main/nofp/libc_nano.a(libc_a-findfp.o)
                0x080027ac                __sinit
 .text._fwalk_sglue
                0x080027dc       0x3c /home/traian/st/stm32cubeide_1.19.0/plugins/com.st.stm32cube.ide.mcu.externaltools.gnu-tools-for-stm32.13.3.rel1.linux64_1.0.0.202410170706/tools/bin/../lib/gcc/arm-none-eabi/13.3.1/../../../../arm-none-eabi/lib/thumb/v8-m.main/nofp/libc_nano.a(libc_a-fwalk.o)
                0x080027dc                _fwalk_sglue
 .text._puts_r  0x08002818       0xaa /home/traian/st/stm32cubeide_1.19.0/plugins/com.st.stm32cube.ide.mcu.externaltools.gnu-tools-for-stm32.13.3.rel1.linux64_1.0.0.202410170706/tools/bin/../lib/gcc/arm-none-eabi/13.3.1/../../../../arm-none-eabi/lib/thumb/v8-m.main/nofp/libc_nano.a(libc_a-puts.o)
                0x08002818                _puts_r
 *fill*         0x080028c2        0x2 
 .text.puts     0x080028c4       0x10 /home/traian/st/stm32cubeide_1.19.0/plugins/com.st.stm32cube.ide.mcu.externaltools.gnu-tools-for-stm32.13.3.rel1.linux64_1.0.0.202410170706/tools/bin/../lib/gcc/arm-none-eabi/13.3.1/../../../../arm-none-eabi/lib/thumb/v8-m.main/nofp/libc_nano.a(libc_a-puts.o)
                0x080028c4                puts
 .text.__sread  0x080028d4       0x22 /home/traian/st/stm32cubeide_1.19.0/plugins/com.st.stm32cube.ide.mcu.externaltools.gnu-tools-for-stm32.13.3.rel1.linux64_1.0.0.202410170706/tools/bin/../lib/gcc/arm-none-eabi/13.3.1/../../../../arm-none-eabi/lib/thumb/v8-m.main/nofp/libc_nano.a(libc_a-stdio.o)
                0x080028d4                __sread
 .text.__swrite
                0x080028f6       0x38 /home/traian/st/stm32cubeide_1.19.0/plugins/com.st.stm32cube.ide.mcu.externaltools.gnu-tools-for-stm32.13.3.rel1.linux64_1.0.0.202410170706/tools/bin/../lib/gcc/arm-none-eabi/13.3.1/../../../../arm-none-eabi/lib/thumb/v8-m.main/nofp/libc_nano.a(libc_a-stdio.o)
                0x080028f6                __swrite
 .text.__sseek  0x0800292e       0x24 /home/traian/st/stm32cubeide_1.19.0/plugins/com.st.stm32cube.ide.mcu.externaltools.gnu-tools-for-stm32.13.3.rel1.linux64_1.0.0.202410170706/tools/bin/../lib/gcc/arm-none-eabi/13.3.1/../../../../arm-none-eabi/lib/thumb/v8-m.main/nofp/libc_nano.a(libc_a-stdio.o)
                0x0800292e                __sseek
 .text.__sclose
                0x08002952        0x8 /home/traian/st/stm32cubeide_1.19.0/plugins/com.st.stm32cube.ide.mcu.externaltools.gnu-tools-for-stm32.13.3.rel1.linux64_1.0.0.202410170706/tools/bin/../lib/gcc/arm-none-eabi/13.3.1/../../../../arm-none-eabi/lib/thumb/v8-m.main/nofp/libc_nano.a(libc_a-stdio.o)
                0x08002952                __sclose
 .text.__swbuf_r
                0x0800295a       0x7c /home/traian/st/stm32cubeide_1.19.0/plugins/com.st.stm32cube.ide.mcu.externaltools.gnu-tools-for-stm32.13.3.rel1.linux64_1.0.0.202410170706/tools/bin/../lib/gcc/arm-none-eabi/13.3.1/../../../../arm-none-eabi/lib/thumb/v8-m.main/nofp/libc_nano.a(libc_a-wbuf.o)
                0x0800295a                __swbuf_r
 *fill*         0x080029d6        0x2 
 .text.__swsetup_r
                0x080029d8       0xac /home/traian/st/stm32cubeide_1.19.0/plugins/com.st.stm32cube.ide.mcu.externaltools.gnu-tools-for-stm32.13.3.rel1.linux64_1.0.0.202410170706/tools/bin/../lib/gcc/arm-none-eabi/13.3.1/../../../../arm-none-eabi/lib/thumb/v8-m.main/nofp/libc_nano.a(libc_a-wsetup.o)
                0x080029d8                __swsetup_r
 .text.memset   0x08002a84       0x10 /home/traian/st/stm32cubeide_1.19.0/plugins/com.st.stm32cube.ide.mcu.externaltools.gnu-tools-for-stm32.13.3.rel1.linux64_1.0.0.202410170706/tools/bin/../lib/gcc/arm-none-eabi/13.3.1/../../../../arm-none-eabi/lib/thumb/v8-m.main/nofp/libc_nano.a(libc_a-memset.o)
                0x08002a84                memset
 .text._close_r
                0x08002a94       0x20 /home/traian/st/stm32cubeide_1.19.0/plugins/com.st.stm32cube.ide.mcu.externaltools.gnu-tools-for-stm32.13.3.rel1.linux64_1.0.0.202410170706/tools/bin/../lib/gcc/arm-none-eabi/13.3.1/../../../../arm-none-eabi/lib/thumb/v8-m.main/nofp/libc_nano.a(libc_a-closer.o)
                0x08002a94                _close_r
 .text._lseek_r
                0x08002ab4       0x24 /home/traian/st/stm32cubeide_1.19.0/plugins/com.st.stm32cube.ide.mcu.externaltools.gnu-tools-for-stm32.13.3.rel1.linux64_1.0.0.202410170706/tools/bin/../lib/gcc/arm-none-eabi/13.3.1/../../../../arm-none-eabi/lib/thumb/v8-m.main/nofp/libc_nano.a(libc_a-lseekr.o)
                0x08002ab4                _lseek_r
 .text._read_r  0x08002ad8       0x24 /home/traian/st/stm32cubeide_1.19.0/plugins/com.st.stm32cube.ide.mcu.externaltools.gnu-tools-for-stm32.13.3.rel1.linux64_1.0.0.202410170706/tools/bin/../lib/gcc/arm-none-eabi/13.3.1/../../../../arm-none-eabi/lib/thumb/v8-m.main/nofp/libc_nano.a(libc_a-readr.o)
                0x08002ad8                _read_r
 .text._write_r
                0x08002afc       0x24 /home/traian/st/stm32cubeide_1.19.0/plugins/com.st.stm32cube.ide.mcu.externaltools.gnu-tools-for-stm32.13.3.rel1.linux64_1.0.0.202410170706/tools/bin/../lib/gcc/arm-none-eabi/13.3.1/../../../../arm-none-eabi/lib/thumb/v8-m.main/nofp/libc_nano.a(libc_a-writer.o)
                0x08002afc                _write_r
 .text.__errno  0x08002b20        0xc /home/traian/st/stm32cubeide_1.19.0/plugins/com.st.stm32cube.ide.mcu.externaltools.gnu-tools-for-stm32.13.3.rel1.linux64_1.0.0.202410170706/tools/bin/../lib/gcc/arm-none-eabi/13.3.1/../../../../arm-none-eabi/lib/thumb/v8-m.main/nofp/libc_nano.a(libc_a-errno.o)
                0x08002b20                __errno
 .text.__libc_init_array
                0x08002b2c       0x48 /home/traian/st/stm32cubeide_1.19.0/plugins/com.st.stm32cube.ide.mcu.externaltools.gnu-tools-for-stm32.13.3.rel1.linux64_1.0.0.202410170706/tools/bin/../lib/gcc/arm-none-eabi/13.3.1/../../../../arm-none-eabi/lib/thumb/v8-m.main/nofp/libc_nano.a(libc_a-init.o)
                0x08002b2c                __libc_init_array
 .text.__retarget_lock_init_recursive
                0x08002b74        0x2 /home/traian/st/stm32cubeide_1.19.0/plugins/com.st.stm32cube.ide.mcu.externaltools.gnu-tools-for-stm32.13.3.rel1.linux64_1.0.0.202410170706/tools/bin/../lib/gcc/arm-none-eabi/13.3.1/../../../../arm-none-eabi/lib/thumb/v8-m.main/nofp/libc_nano.a(libc_a-lock.o)
                0x08002b74                __retarget_lock_init_recursive
 .text.__retarget_lock_acquire_recursive
                0x08002b76        0x2 /home/traian/st/stm32cubeide_1.19.0/plugins/com.st.stm32cube.ide.mcu.externaltools.gnu-tools-for-stm32.13.3.rel1.linux64_1.0.0.202410170706/tools/bin/../lib/gcc/arm-none-eabi/13.3.1/../../../../arm-none-eabi/lib/thumb/v8-m.main/nofp/libc_nano.a(libc_a-lock.o)
                0x08002b76                __retarget_lock_acquire_recursive
 .text.__retarget_lock_release_recursive
                0x08002b78        0x2 /home/traian/st/stm32cubeide_1.19.0/plugins/com.st.stm32cube.ide.mcu.externaltools.gnu-tools-for-stm32.13.3.rel1.linux64_1.0.0.202410170706/tools/bin/../lib/gcc/arm-none-eabi/13.3.1/../../../../arm-none-eabi/lib/thumb/v8-m.main/nofp/libc_nano.a(libc_a-lock.o)
                0x08002b78                __retarget_lock_release_recursive
 .text.strcpy   0x08002b7a       0x10 /home/traian/st/stm32cubeide_1.19.0/plugins/com.st.stm32cube.ide.mcu.externaltools.gnu-tools-for-stm32.13.3.rel1.linux64_1.0.0.202410170706/tools/bin/../lib/gcc/arm-none-eabi/13.3.1/../../../../arm-none-eabi/lib/thumb/v8-m.main/nofp/libc_nano.a(libc_a-strcpy.o)
                0x08002b7a                strcpy
 *fill*         0x08002b8a        0x2 
 .text._free_r  0x08002b8c       0x94 /home/traian/st/stm32cubeide_1.19.0/plugins/com.st.stm32cube.ide.mcu.externaltools.gnu-tools-for-stm32.13.3.rel1.linux64_1.0.0.202410170706/tools/bin/../lib/gcc/arm-none-eabi/13.3.1/../../../../arm-none-eabi/lib/thumb/v8-m.main/nofp/libc_nano.a(libc_a-freer.o)
                0x08002b8c                _free_r
 .text.sbrk_aligned
                0x08002c20       0x44 /home/traian/st/stm32cubeide_1.19.0/plugins/com.st.stm32cube.ide.mcu.externaltools.gnu-tools-for-stm32.13.3.rel1.linux64_1.0.0.202410170706/tools/bin/../lib/gcc/arm-none-eabi/13.3.1/../../../../arm-none-eabi/lib/thumb/v8-m.main/nofp/libc_nano.a(libc_a-mallocr.o)
 .text._malloc_r
                0x08002c64      0x100 /home/traian/st/stm32cubeide_1.19.0/plugins/com.st.stm32cube.ide.mcu.externaltools.gnu-tools-for-stm32.13.3.rel1.linux64_1.0.0.202410170706/tools/bin/../lib/gcc/arm-none-eabi/13.3.1/../../../../arm-none-eabi/lib/thumb/v8-m.main/nofp/libc_nano.a(libc_a-mallocr.o)
                0x08002c64                _malloc_r
 .text.__malloc_lock
                0x08002d64        0xc /home/traian/st/stm32cubeide_1.19.0/plugins/com.st.stm32cube.ide.mcu.externaltools.gnu-tools-for-stm32.13.3.rel1.linux64_1.0.0.202410170706/tools/bin/../lib/gcc/arm-none-eabi/13.3.1/../../../../arm-none-eabi/lib/thumb/v8-m.main/nofp/libc_nano.a(libc_a-mlock.o)
                0x08002d64                __malloc_lock
 .text.__malloc_unlock
                0x08002d70        0xc /home/traian/st/stm32cubeide_1.19.0/plugins/com.st.stm32cube.ide.mcu.externaltools.gnu-tools-for-stm32.13.3.rel1.linux64_1.0.0.202410170706/tools/bin/../lib/gcc/arm-none-eabi/13.3.1/../../../../arm-none-eabi/lib/thumb/v8-m.main/nofp/libc_nano.a(libc_a-mlock.o)
                0x08002d70                __malloc_unlock
 .text.__sflush_r
                0x08002d7c      0x100 /home/traian/st/stm32cubeide_1.19.0/plugins/com.st.stm32cube.ide.mcu.externaltools.gnu-tools-for-stm32.13.3.rel1.linux64_1.0.0.202410170706/tools/bin/../lib/gcc/arm-none-eabi/13.3.1/../../../../arm-none-eabi/lib/thumb/v8-m.main/nofp/libc_nano.a(libc_a-fflush.o)
                0x08002d7c                __sflush_r
 .text._fflush_r
                0x08002e7c       0x50 /home/traian/st/stm32cubeide_1.19.0/plugins/com.st.stm32cube.ide.mcu.externaltools.gnu-tools-for-stm32.13.3.rel1.linux64_1.0.0.202410170706/tools/bin/../lib/gcc/arm-none-eabi/13.3.1/../../../../arm-none-eabi/lib/thumb/v8-m.main/nofp/libc_nano.a(libc_a-fflush.o)
                0x08002e7c                _fflush_r
 .text.__swhatbuf_r
                0x08002ecc       0x4a /home/traian/st/stm32cubeide_1.19.0/plugins/com.st.stm32cube.ide.mcu.externaltools.gnu-tools-for-stm32.13.3.rel1.linux64_1.0.0.202410170706/tools/bin/../lib/gcc/arm-none-eabi/13.3.1/../../../../arm-none-eabi/lib/thumb/v8-m.main/nofp/libc_nano.a(libc_a-makebuf.o)
                0x08002ecc                __swhatbuf_r
 .text.__smakebuf_r
                0x08002f16       0x78 /home/traian/st/stm32cubeide_1.19.0/plugins/com.st.stm32cube.ide.mcu.externaltools.gnu-tools-for-stm32.13.3.rel1.linux64_1.0.0.202410170706/tools/bin/../lib/gcc/arm-none-eabi/13.3.1/../../../../arm-none-eabi/lib/thumb/v8-m.main/nofp/libc_nano.a(libc_a-makebuf.o)
                0x08002f16                __smakebuf_r
 *fill*         0x08002f8e        0x2 
 .text._fstat_r
                0x08002f90       0x24 /home/traian/st/stm32cubeide_1.19.0/plugins/com.st.stm32cube.ide.mcu.externaltools.gnu-tools-for-stm32.13.3.rel1.linux64_1.0.0.202410170706/tools/bin/../lib/gcc/arm-none-eabi/13.3.1/../../../../arm-none-eabi/lib/thumb/v8-m.main/nofp/libc_nano.a(libc_a-fstatr.o)
                0x08002f90                _fstat_r
 .text._isatty_r
                0x08002fb4       0x20 /home/traian/st/stm32cubeide_1.19.0/plugins/com.st.stm32cube.ide.mcu.externaltools.gnu-tools-for-stm32.13.3.rel1.linux64_1.0.0.202410170706/tools/bin/../lib/gcc/arm-none-eabi/13.3.1/../../../../arm-none-eabi/lib/thumb/v8-m.main/nofp/libc_nano.a(libc_a-isattyr.o)
                0x08002fb4                _isatty_r
 .text._sbrk_r  0x08002fd4       0x20 /home/traian/st/stm32cubeide_1.19.0/plugins/com.st.stm32cube.ide.mcu.externaltools.gnu-tools-for-stm32.13.3.rel1.linux64_1.0.0.202410170706/tools/bin/../lib/gcc/arm-none-eabi/13.3.1/../../../../arm-none-eabi/lib/thumb/v8-m.main/nofp/libc_nano.a(libc_a-sbrkr.o)
                0x08002fd4                _sbrk_r
 *(.glue_7)
 .glue_7        0x08002ff4        0x0 linker stubs
 *(.glue_7t)
 .glue_7t       0x08002ff4        0x0 linker stubs
 *(.eh_frame)
 .eh_frame      0x08002ff4        0x0 /home/traian/st/stm32cubeide_1.19.0/plugins/com.st.stm32cube.ide.mcu.externaltools.gnu-tools-for-stm32.13.3.rel1.linux64_1.0.0.202410170706/tools/bin/../lib/gcc/arm-none-eabi/13.3.1/thumb/v8-m.main/nofp/crtbegin.o
 *(.init)
 .init          0x08002ff4        0x4 /home/traian/st/stm32cubeide_1.19.0/plugins/com.st.stm32cube.ide.mcu.externaltools.gnu-tools-for-stm32.13.3.rel1.linux64_1.0.0.202410170706/tools/bin/../lib/gcc/arm-none-eabi/13.3.1/thumb/v8-m.main/nofp/crti.o
                0x08002ff4                _init
 .init          0x08002ff8        0x8 /home/traian/st/stm32cubeide_1.19.0/plugins/com.st.stm32cube.ide.mcu.externaltools.gnu-tools-for-stm32.13.3.rel1.linux64_1.0.0.202410170706/tools/bin/../lib/gcc/arm-none-eabi/13.3.1/thumb/v8-m.main/nofp/crtn.o
 *(.fini)
 .fini          0x08003000        0x4 /home/traian/st/stm32cubeide_1.19.0/plugins/com.st.stm32cube.ide.mcu.externaltools.gnu-tools-for-stm32.13.3.rel1.linux64_1.0.0.202410170706/tools/bin/../lib/gcc/arm-none-eabi/13.3.1/thumb/v8-m.main/nofp/crti.o
                0x08003000                _fini
 .fini          0x08003004        0x8 /home/traian/st/stm32cubeide_1.19.0/plugins/com.st.stm32cube.ide.mcu.externaltools.gnu-tools-for-stm32.13.3.rel1.linux64_1.0.0.202410170706/tools/bin/../lib/gcc/arm-none-eabi/13.3.1/thumb/v8-m.main/nofp/crtn.o
                0x0800300c                        _etext = .

.vfp11_veneer   0x0800300c        0x0
 .vfp11_veneer  0x0800300c        0x0 linker stubs

.v4_bx          0x0800300c        0x0
 .v4_bx         0x0800300c        0x0 linker stubs

.iplt           0x0800300c        0x0
 .iplt          0x0800300c        0x0 /home/traian/st/stm32cubeide_1.19.0/plugins/com.st.stm32cube.ide.mcu.externaltools.gnu-tools-for-stm32.13.3.rel1.linux64_1.0.0.202410170706/tools/bin/../lib/gcc/arm-none-eabi/13.3.1/thumb/v8-m.main/nofp/crtbegin.o

.rodata         0x0800300c      0x100
 *(.rodata)
 .rodata        0x0800300c       0xc8 ./Src/main.o
 .rodata        0x080030d4       0x10 ./Src/osKernel.o
 *(.rodata*)
 .rodata.RMS_BOUNDS
                0x080030e4       0x28 ./Src/rms_scheduler.o

.ARM.extab
 *(.ARM.extab* .gnu.linkonce.armextab.*)

.ARM            0x0800310c        0x8
                0x0800310c                        __exidx_start = .
 *(.ARM.exidx*)
 .ARM.exidx     0x0800310c        0x8 /home/traian/st/stm32cubeide_1.19.0/plugins/com.st.stm32cube.ide.mcu.externaltools.gnu-tools-for-stm32.13.3.rel1.linux64_1.0.0.202410170706/tools/bin/../lib/gcc/arm-none-eabi/13.3.1/thumb/v8-m.main/nofp/libgcc.a(_udivmoddi4.o)
                0x08003114                        __exidx_end = .

.preinit_array  0x08003114        0x0
                0x08003114                        PROVIDE (__preinit_array_start = .)
 *(.preinit_array*)
                0x08003114                        PROVIDE (__preinit_array_end = .)

.init_array     0x08003114        0x4
                0x08003114                        PROVIDE (__init_array_start = .)
 *(SORT_BY_NAME(.init_array.*))
 *(.init_array*)
 .init_array    0x08003114        0x4 /home/traian/st/stm32cubeide_1.19.0/plugins/com.st.stm32cube.ide.mcu.externaltools.gnu-tools-for-stm32.13.3.rel1.linux64_1.0.0.202410170706/tools/bin/../lib/gcc/arm-none-eabi/13.3.1/thumb/v8-m.main/nofp/crtbegin.o
                0x08003118                        PROVIDE (__init_array_end = .)

.fini_array     0x08003118        0x4
                [!provide]                        PROVIDE (__fini_array_start = .)
 *(SORT_BY_NAME(.fini_array.*))
 *(.fini_array*)
 .fini_array    0x08003118        0x4 /home/traian/st/stm32cubeide_1.19.0/plugins/com.st.stm32cube.ide.mcu.externaltools.gnu-tools-for-stm32.13.3.rel1.linux64_1.0.0.202410170706/tools/bin/../lib/gcc/arm-none-eabi/13.3.1/thumb/v8-m.main/nofp/crtbegin.o
                [!provide]                        PROVIDE (__fini_array_end = .)
                0x0800311c                        _sidata = LOADADDR (.data)

.rel.dyn        0x0800311c        0x0
 .rel.iplt      0x0800311c        0x0 /home/traian/st/stm32cubeide_1.19.0/plugins/com.st.stm32cube.ide.mcu.externaltools.gnu-tools-for-stm32.13.3.rel1.linux64_1.0.0.202410170706/tools/bin/../lib/gcc/arm-none-eabi/13.3.1/thumb/v8-m.main/nofp/crtbegin.o

.data           0x20000000       0x64 load address 0x0800311c
                0x20000000                        _sdata = .
 *(.data)
 *(.data*)
 .data.QUANTA   0x20000000        0x4 ./Src/globals.o
                0x20000000                QUANTA
 .data.SystemCoreClock
                0x20000004        0x4 ./Src/osKernel.o
                0x20000004                SystemCoreClock
 .data.__sglue  0x20000008        0xc /home/traian/st/stm32cubeide_1.19.0/plugins/com.st.stm32cube.ide.mcu.externaltools.gnu-tools-for-stm32.13.3.rel1.linux64_1.0.0.202410170706/tools/bin/../lib/gcc/arm-none-eabi/13.3.1/../../../../arm-none-eabi/lib/thumb/v8-m.main/nofp/libc_nano.a(libc_a-findfp.o)
                0x20000008                __sglue
 .data._impure_ptr
                0x20000014        0x4 /home/traian/st/stm32cubeide_1.19.0/plugins/com.st.stm32cube.ide.mcu.externaltools.gnu-tools-for-stm32.13.3.rel1.linux64_1.0.0.202410170706/tools/bin/../lib/gcc/arm-none-eabi/13.3.1/../../../../arm-none-eabi/lib/thumb/v8-m.main/nofp/libc_nano.a(libc_a-impure.o)
                0x20000014                _impure_ptr
 .data._impure_data
                0x20000018       0x4c /home/traian/st/stm32cubeide_1.19.0/plugins/com.st.stm32cube.ide.mcu.externaltools.gnu-tools-for-stm32.13.3.rel1.linux64_1.0.0.202410170706/tools/bin/../lib/gcc/arm-none-eabi/13.3.1/../../../../arm-none-eabi/lib/thumb/v8-m.main/nofp/libc_nano.a(libc_a-impure.o)
                0x20000018                _impure_data
 *(.RamFunc)
 *(.RamFunc*)
                0x20000064                        _edata = .

.igot.plt       0x20000064        0x0 load address 0x08003180
 .igot.plt      0x20000064        0x0 /home/traian/st/stm32cubeide_1.19.0/plugins/com.st.stm32cube.ide.mcu.externaltools.gnu-tools-for-stm32.13.3.rel1.linux64_1.0.0.202410170706/tools/bin/../lib/gcc/arm-none-eabi/13.3.1/thumb/v8-m.main/nofp/crtbegin.o

.bss            0x20000068     0x8320 load address 0x08003180
                0x20000068                        _sbss = .
                0x20000068                        __bss_start__ = _sbss
 *(.bss)
 .bss           0x20000068       0x1c /home/traian/st/stm32cubeide_1.19.0/plugins/com.st.stm32cube.ide.mcu.externaltools.gnu-tools-for-stm32.13.3.rel1.linux64_1.0.0.202410170706/tools/bin/../lib/gcc/arm-none-eabi/13.3.1/thumb/v8-m.main/nofp/crtbegin.o
 *(.bss*)
 .bss.running_task
                0x20000084        0x4 ./Src/globals.o
                0x20000084                running_task
 .bss.next_task
                0x20000088        0x4 ./Src/globals.o
                0x20000088                next_task
 *fill*         0x2000008c        0x4 
 .bss.current_time
                0x20000090        0x8 ./Src/globals.o
                0x20000090                current_time
 .bss.internal_idle_task
                0x20000098        0x4 ./Src/globals.o
                0x20000098                internal_idle_task
 .bss.started   0x2000009c        0x2 ./Src/globals.o
                0x2000009c                started
 *fill*         0x2000009e        0x2 
 .bss.Runtime_Task_Profiler
                0x200000a0        0x4 ./Src/globals.o
                0x200000a0                Runtime_Task_Profiler
 .bss.resource_mutex
                0x200000a4       0x34 ./Src/main.o
                0x200000a4                resource_mutex
 .bss.Task0_Profiler
                0x200000d8        0x4 ./Src/main.o
                0x200000d8                Task0_Profiler
 .bss.Task1_Profiler
                0x200000dc        0x4 ./Src/main.o
                0x200000dc                Task1_Profiler
 .bss.Task2_Profiler
                0x200000e0        0x4 ./Src/main.o
                0x200000e0                Task2_Profiler
 .bss.locked    0x200000e4        0x4 ./Src/main.o
                0x200000e4                locked
 .bss.memory_pool
                0x200000e8     0x8000 ./Src/memory_pool.o
 .bss.os_idle_tcb
                0x200080e8        0x4 ./Src/osKernel.o
                0x200080e8                os_idle_tcb
 .bss.MILIS_PRESCALER
                0x200080ec        0x4 ./Src/osKernel.o
                0x200080ec                MILIS_PRESCALER
 .bss.utilization
                0x200080f0        0x4 ./Src/rms_scheduler.o
 .bss.global_scheduler
                0x200080f4      0x100 ./Src/rms_scheduler.o
 .bss.global_task_templates
                0x200081f4       0x2c ./Src/rms_scheduler.o
 .bss.task_to_add
                0x20008220        0x4 ./Src/rms_scheduler.o
 .bss.task_cnt  0x20008224        0x4 ./Src/rms_scheduler.o
 .bss.periods_per_priority
                0x20008228       0x10 ./Src/rms_scheduler.o
 .bss.__sbrk_heap_end
                0x20008238        0x4 ./Src/sysmem.o
 .bss.__sf      0x2000823c      0x138 /home/traian/st/stm32cubeide_1.19.0/plugins/com.st.stm32cube.ide.mcu.externaltools.gnu-tools-for-stm32.13.3.rel1.linux64_1.0.0.202410170706/tools/bin/../lib/gcc/arm-none-eabi/13.3.1/../../../../arm-none-eabi/lib/thumb/v8-m.main/nofp/libc_nano.a(libc_a-findfp.o)
                0x2000823c                __sf
 .bss.__stdio_exit_handler
                0x20008374        0x4 /home/traian/st/stm32cubeide_1.19.0/plugins/com.st.stm32cube.ide.mcu.externaltools.gnu-tools-for-stm32.13.3.rel1.linux64_1.0.0.202410170706/tools/bin/../lib/gcc/arm-none-eabi/13.3.1/../../../../arm-none-eabi/lib/thumb/v8-m.main/nofp/libc_nano.a(libc_a-findfp.o)
                0x20008374                __stdio_exit_handler
 .bss.errno     0x20008378        0x4 /home/traian/st/stm32cubeide_1.19.0/plugins/com.st.stm32cube.ide.mcu.externaltools.gnu-tools-for-stm32.13.3.rel1.linux64_1.0.0.202410170706/tools/bin/../lib/gcc/arm-none-eabi/13.3.1/../../../../arm-none-eabi/lib/thumb/v8-m.main/nofp/libc_nano.a(libc_a-reent.o)
                0x20008378                errno
 .bss.__lock___malloc_recursive_mutex
                0x2000837c        0x1 /home/traian/st/stm32cubeide_1.19.0/plugins/com.st.stm32cube.ide.mcu.externaltools.gnu-tools-for-stm32.13.3.rel1.linux64_1.0.0.202410170706/tools/bin/../lib/gcc/arm-none-eabi/13.3.1/../../../../arm-none-eabi/lib/thumb/v8-m.main/nofp/libc_nano.a(libc_a-lock.o)
                0x2000837c                __lock___malloc_recursive_mutex
 .bss.__lock___sfp_recursive_mutex
                0x2000837d        0x1 /home/traian/st/stm32cubeide_1.19.0/plugins/com.st.stm32cube.ide.mcu.externaltools.gnu-tools-for-stm32.13.3.rel1.linux64_1.0.0.202410170706/tools/bin/../lib/gcc/arm-none-eabi/13.3.1/../../../../arm-none-eabi/lib/thumb/v8-m.main/nofp/libc_nano.a(libc_a-lock.o)
                0x2000837d                __lock___sfp_recursive_mutex
 *fill*         0x2000837e        0x2 
 .bss.__malloc_sbrk_start
                0x20008380        0x4 /home/traian/st/stm32cubeide_1.19.0/plugins/com.st.stm32cube.ide.mcu.externaltools.gnu-tools-for-stm32.13.3.rel1.linux64_1.0.0.202410170706/tools/bin/../lib/gcc/arm-none-eabi/13.3.1/../../../../arm-none-eabi/lib/thumb/v8-m.main/nofp/libc_nano.a(libc_a-mallocr.o)
                0x20008380                __malloc_sbrk_start
 .bss.__malloc_free_list
                0x20008384        0x4 /home/traian/st/stm32cubeide_1.19.0/plugins/com.st.stm32cube.ide.mcu.externaltools.gnu-tools-for-stm32.13.3.rel1.linux64_1.0.0.202410170706/tools/bin/../lib/gcc/arm-none-eabi/13.3.1/../../../../arm-none-eabi/lib/thumb/v8-m.main/nofp/libc_nano.a(libc_a-mallocr.o)
                0x20008384                __malloc_free_list
 *(COMMON)
                0x20008388                        _ebss = .
                0x20008388                        __bss_end__ = _ebss

._user_heap_stack
                0x20008388      0x600 load address 0x08003180
                0x20008388                        . = ALIGN (0x8)
                [!provide]                        PROVIDE (end = .)
                0x20008388                        PROVIDE (_end = .)
                0x20008588                        . = (. + _Min_Heap_Size)
 *fill*         0x20008388      0x200 
                0x20008988                        . = (. + _Min_Stack_Size)
 *fill*         0x20008588      0x400 
                0x20008988                        . = ALIGN (0x8)

/DISCARD/
 libc.a(*)
 libm.a(*)
 libgcc.a(*)

.ARM.attributes
                0x00000000       0x30
 *(.ARM.attributes)
 .ARM.attributes
                0x00000000       0x22 /home/traian/st/stm32cubeide_1.19.0/plugins/com.st.stm32cube.ide.mcu.externaltools.gnu-tools-for-stm32.13.3.rel1.linux64_1.0.0.202410170706/tools/bin/../lib/gcc/arm-none-eabi/13.3.1/thumb/v8-m.main/nofp/crti.o
 .ARM.attributes
                0x00000022       0x32 /home/traian/st/stm32cubeide_1.19.0/plugins/com.st.stm32cube.ide.mcu.externaltools.gnu-tools-for-stm32.13.3.rel1.linux64_1.0.0.202410170706/tools/bin/../lib/gcc/arm-none-eabi/13.3.1/thumb/v8-m.main/nofp/crtbegin.o
 .ARM.attributes
                0x00000054       0x34 ./Src/binary_heap_queue.o
 .ARM.attributes
                0x00000088       0x34 ./Src/globals.o
 .ARM.attributes
                0x000000bc       0x34 ./Src/main.o
 .ARM.attributes
                0x000000f0       0x34 ./Src/memory_pool.o
 .ARM.attributes
                0x00000124       0x34 ./Src/mutex.o
 .ARM.attributes
                0x00000158       0x34 ./Src/osKernel.o
 .ARM.attributes
                0x0000018c       0x34 ./Src/queue.o
 .ARM.attributes
                0x000001c0       0x34 ./Src/rms_scheduler.o
 .ARM.attributes
                0x000001f4       0x34 ./Src/rtos.o
 .ARM.attributes
                0x00000228       0x34 ./Src/syscalls.o
 .ARM.attributes
                0x0000025c       0x34 ./Src/sysmem.o
 .ARM.attributes
                0x00000290       0x34 ./Src/task.o
 .ARM.attributes
                0x000002c4       0x34 ./Src/uart.o
 .ARM.attributes
                0x000002f8       0x24 ./Startup/startup_stm32u575zitxq.o
 .ARM.attributes
                0x0000031c       0x32 /home/traian/st/stm32cubeide_1.19.0/plugins/com.st.stm32cube.ide.mcu.externaltools.gnu-tools-for-stm32.13.3.rel1.linux64_1.0.0.202410170706/tools/bin/../lib/gcc/arm-none-eabi/13.3.1/../../../../arm-none-eabi/lib/thumb/v8-m.main/nofp/libc_nano.a(libc_a-findfp.o)
 .ARM.attributes
                0x0000034e       0x32 /home/traian/st/stm32cubeide_1.19.0/plugins/com.st.stm32cube.ide.mcu.externaltools.gnu-tools-for-stm32.13.3.rel1.linux64_1.0.0.202410170706/tools/bin/../lib/gcc/arm-none-eabi/13.3.1/../../../../arm-none-eabi/lib/thumb/v8-m.main/nofp/libc_nano.a(libc_a-fwalk.o)
 .ARM.attributes
                0x00000380       0x32 /home/traian/st/stm32cubeide_1.19.0/plugins/com.st.stm32cube.ide.mcu.externaltools.gnu-tools-for-stm32.13.3.rel1.linux64_1.0.0.202410170706/tools/bin/../lib/gcc/arm-none-eabi/13.3.1/../../../../arm-none-eabi/lib/thumb/v8-m.main/nofp/libc_nano.a(libc_a-puts.o)
 .ARM.attributes
                0x000003b2       0x32 /home/traian/st/stm32cubeide_1.19.0/plugins/com.st.stm32cube.ide.mcu.externaltools.gnu-tools-for-stm32.13.3.rel1.linux64_1.0.0.202410170706/tools/bin/../lib/gcc/arm-none-eabi/13.3.1/../../../../arm-none-eabi/lib/thumb/v8-m.main/nofp/libc_nano.a(libc_a-stdio.o)
 .ARM.attributes
                0x000003e4       0x32 /home/traian/st/stm32cubeide_1.19.0/plugins/com.st.stm32cube.ide.mcu.externaltools.gnu-tools-for-stm32.13.3.rel1.linux64_1.0.0.202410170706/tools/bin/../lib/gcc/arm-none-eabi/13.3.1/../../../../arm-none-eabi/lib/thumb/v8-m.main/nofp/libc_nano.a(libc_a-wbuf.o)
 .ARM.attributes
                0x00000416       0x32 /home/traian/st/stm32cubeide_1.19.0/plugins/com.st.stm32cube.ide.mcu.externaltools.gnu-tools-for-stm32.13.3.rel1.linux64_1.0.0.202410170706/tools/bin/../lib/gcc/arm-none-eabi/13.3.1/../../../../arm-none-eabi/lib/thumb/v8-m.main/nofp/libc_nano.a(libc_a-wsetup.o)
 .ARM.attributes
                0x00000448       0x32 /home/traian/st/stm32cubeide_1.19.0/plugins/com.st.stm32cube.ide.mcu.externaltools.gnu-tools-for-stm32.13.3.rel1.linux64_1.0.0.202410170706/tools/bin/../lib/gcc/arm-none-eabi/13.3.1/../../../../arm-none-eabi/lib/thumb/v8-m.main/nofp/libc_nano.a(libc_a-memset.o)
 .ARM.attributes
                0x0000047a       0x32 /home/traian/st/stm32cubeide_1.19.0/plugins/com.st.stm32cube.ide.mcu.externaltools.gnu-tools-for-stm32.13.3.rel1.linux64_1.0.0.202410170706/tools/bin/../lib/gcc/arm-none-eabi/13.3.1/../../../../arm-none-eabi/lib/thumb/v8-m.main/nofp/libc_nano.a(libc_a-closer.o)
 .ARM.attributes
                0x000004ac       0x32 /home/traian/st/stm32cubeide_1.19.0/plugins/com.st.stm32cube.ide.mcu.externaltools.gnu-tools-for-stm32.13.3.rel1.linux64_1.0.0.202410170706/tools/bin/../lib/gcc/arm-none-eabi/13.3.1/../../../../arm-none-eabi/lib/thumb/v8-m.main/nofp/libc_nano.a(libc_a-reent.o)
 .ARM.attributes
                0x000004de       0x32 /home/traian/st/stm32cubeide_1.19.0/plugins/com.st.stm32cube.ide.mcu.externaltools.gnu-tools-for-stm32.13.3.rel1.linux64_1.0.0.202410170706/tools/bin/../lib/gcc/arm-none-eabi/13.3.1/../../../../arm-none-eabi/lib/thumb/v8-m.main/nofp/libc_nano.a(libc_a-impure.o)
 .ARM.attributes
                0x00000510       0x32 /home/traian/st/stm32cubeide_1.19.0/plugins/com.st.stm32cube.ide.mcu.externaltools.gnu-tools-for-stm32.13.3.rel1.linux64_1.0.0.202410170706/tools/bin/../lib/gcc/arm-none-eabi/13.3.1/../../../../arm-none-eabi/lib/thumb/v8-m.main/nofp/libc_nano.a(libc_a-lseekr.o)
 .ARM.attributes
                0x00000542       0x32 /home/traian/st/stm32cubeide_1.19.0/plugins/com.st.stm32cube.ide.mcu.externaltools.gnu-tools-for-stm32.13.3.rel1.linux64_1.0.0.202410170706/tools/bin/../lib/gcc/arm-none-eabi/13.3.1/../../../../arm-none-eabi/lib/thumb/v8-m.main/nofp/libc_nano.a(libc_a-readr.o)
 .ARM.attributes
                0x00000574       0x32 /home/traian/st/stm32cubeide_1.19.0/plugins/com.st.stm32cube.ide.mcu.externaltools.gnu-tools-for-stm32.13.3.rel1.linux64_1.0.0.202410170706/tools/bin/../lib/gcc/arm-none-eabi/13.3.1/../../../../arm-none-eabi/lib/thumb/v8-m.main/nofp/libc_nano.a(libc_a-writer.o)
 .ARM.attributes
                0x000005a6       0x32 /home/traian/st/stm32cubeide_1.19.0/plugins/com.st.stm32cube.ide.mcu.externaltools.gnu-tools-for-stm32.13.3.rel1.linux64_1.0.0.202410170706/tools/bin/../lib/gcc/arm-none-eabi/13.3.1/../../../../arm-none-eabi/lib/thumb/v8-m.main/nofp/libc_nano.a(libc_a-errno.o)
 .ARM.attributes
                0x000005d8       0x32 /home/traian/st/stm32cubeide_1.19.0/plugins/com.st.stm32cube.ide.mcu.externaltools.gnu-tools-for-stm32.13.3.rel1.linux64_1.0.0.202410170706/tools/bin/../lib/gcc/arm-none-eabi/13.3.1/../../../../arm-none-eabi/lib/thumb/v8-m.main/nofp/libc_nano.a(libc_a-init.o)
 .ARM.attributes
                0x0000060a       0x32 /home/traian/st/stm32cubeide_1.19.0/plugins/com.st.stm32cube.ide.mcu.externaltools.gnu-tools-for-stm32.13.3.rel1.linux64_1.0.0.202410170706/tools/bin/../lib/gcc/arm-none-eabi/13.3.1/../../../../arm-none-eabi/lib/thumb/v8-m.main/nofp/libc_nano.a(libc_a-lock.o)
 .ARM.attributes
                0x0000063c       0x32 /home/traian/st/stm32cubeide_1.19.0/plugins/com.st.stm32cube.ide.mcu.externaltools.gnu-tools-for-stm32.13.3.rel1.linux64_1.0.0.202410170706/tools/bin/../lib/gcc/arm-none-eabi/13.3.1/../../../../arm-none-eabi/lib/thumb/v8-m.main/nofp/libc_nano.a(libc_a-strcpy.o)
 .ARM.attributes
                0x0000066e       0x32 /home/traian/st/stm32cubeide_1.19.0/plugins/com.st.stm32cube.ide.mcu.externaltools.gnu-tools-for-stm32.13.3.rel1.linux64_1.0.0.202410170706/tools/bin/../lib/gcc/arm-none-eabi/13.3.1/../../../../arm-none-eabi/lib/thumb/v8-m.main/nofp/libc_nano.a(libc_a-freer.o)
 .ARM.attributes
                0x000006a0       0x32 /home/traian/st/stm32cubeide_1.19.0/plugins/com.st.stm32cube.ide.mcu.externaltools.gnu-tools-for-stm32.13.3.rel1.linux64_1.0.0.202410170706/tools/bin/../lib/gcc/arm-none-eabi/13.3.1/../../../../arm-none-eabi/lib/thumb/v8-m.main/nofp/libc_nano.a(libc_a-mallocr.o)
 .ARM.attributes
                0x000006d2       0x32 /home/traian/st/stm32cubeide_1.19.0/plugins/com.st.stm32cube.ide.mcu.externaltools.gnu-tools-for-stm32.13.3.rel1.linux64_1.0.0.202410170706/tools/bin/../lib/gcc/arm-none-eabi/13.3.1/../../../../arm-none-eabi/lib/thumb/v8-m.main/nofp/libc_nano.a(libc_a-mlock.o)
 .ARM.attributes
                0x00000704       0x32 /home/traian/st/stm32cubeide_1.19.0/plugins/com.st.stm32cube.ide.mcu.externaltools.gnu-tools-for-stm32.13.3.rel1.linux64_1.0.0.202410170706/tools/bin/../lib/gcc/arm-none-eabi/13.3.1/../../../../arm-none-eabi/lib/thumb/v8-m.main/nofp/libc_nano.a(libc_a-fflush.o)
 .ARM.attributes
                0x00000736       0x32 /home/traian/st/stm32cubeide_1.19.0/plugins/com.st.stm32cube.ide.mcu.externaltools.gnu-tools-for-stm32.13.3.rel1.linux64_1.0.0.202410170706/tools/bin/../lib/gcc/arm-none-eabi/13.3.1/../../../../arm-none-eabi/lib/thumb/v8-m.main/nofp/libc_nano.a(libc_a-makebuf.o)
 .ARM.attributes
                0x00000768       0x32 /home/traian/st/stm32cubeide_1.19.0/plugins/com.st.stm32cube.ide.mcu.externaltools.gnu-tools-for-stm32.13.3.rel1.linux64_1.0.0.202410170706/tools/bin/../lib/gcc/arm-none-eabi/13.3.1/../../../../arm-none-eabi/lib/thumb/v8-m.main/nofp/libc_nano.a(libc_a-fstatr.o)
 .ARM.attributes
                0x0000079a       0x32 /home/traian/st/stm32cubeide_1.19.0/plugins/com.st.stm32cube.ide.mcu.externaltools.gnu-tools-for-stm32.13.3.rel1.linux64_1.0.0.202410170706/tools/bin/../lib/gcc/arm-none-eabi/13.3.1/../../../../arm-none-eabi/lib/thumb/v8-m.main/nofp/libc_nano.a(libc_a-isattyr.o)
 .ARM.attributes
                0x000007cc       0x32 /home/traian/st/stm32cubeide_1.19.0/plugins/com.st.stm32cube.ide.mcu.externaltools.gnu-tools-for-stm32.13.3.rel1.linux64_1.0.0.202410170706/tools/bin/../lib/gcc/arm-none-eabi/13.3.1/../../../../arm-none-eabi/lib/thumb/v8-m.main/nofp/libc_nano.a(libc_a-sbrkr.o)
 .ARM.attributes
                0x000007fe       0x22 /home/traian/st/stm32cubeide_1.19.0/plugins/com.st.stm32cube.ide.mcu.externaltools.gnu-tools-for-stm32.13.3.rel1.linux64_1.0.0.202410170706/tools/bin/../lib/gcc/arm-none-eabi/13.3.1/thumb/v8-m.main/nofp/libgcc.a(_arm_addsubdf3.o)
 .ARM.attributes
                0x00000820       0x22 /home/traian/st/stm32cubeide_1.19.0/plugins/com.st.stm32cube.ide.mcu.externaltools.gnu-tools-for-stm32.13.3.rel1.linux64_1.0.0.202410170706/tools/bin/../lib/gcc/arm-none-eabi/13.3.1/thumb/v8-m.main/nofp/libgcc.a(_arm_cmpdf2.o)
 .ARM.attributes
                0x00000842       0x22 /home/traian/st/stm32cubeide_1.19.0/plugins/com.st.stm32cube.ide.mcu.externaltools.gnu-tools-for-stm32.13.3.rel1.linux64_1.0.0.202410170706/tools/bin/../lib/gcc/arm-none-eabi/13.3.1/thumb/v8-m.main/nofp/libgcc.a(_arm_addsubsf3.o)
 .ARM.attributes
                0x00000864       0x22 /home/traian/st/stm32cubeide_1.19.0/plugins/com.st.stm32cube.ide.mcu.externaltools.gnu-tools-for-stm32.13.3.rel1.linux64_1.0.0.202410170706/tools/bin/../lib/gcc/arm-none-eabi/13.3.1/thumb/v8-m.main/nofp/libgcc.a(_arm_muldivsf3.o)
 .ARM.attributes
                0x00000886       0x22 /home/traian/st/stm32cubeide_1.19.0/plugins/com.st.stm32cube.ide.mcu.externaltools.gnu-tools-for-stm32.13.3.rel1.linux64_1.0.0.202410170706/tools/bin/../lib/gcc/arm-none-eabi/13.3.1/thumb/v8-m.main/nofp/libgcc.a(_arm_cmpsf2.o)
 .ARM.attributes
                0x000008a8       0x22 /home/traian/st/stm32cubeide_1.19.0/plugins/com.st.stm32cube.ide.mcu.externaltools.gnu-tools-for-stm32.13.3.rel1.linux64_1.0.0.202410170706/tools/bin/../lib/gcc/arm-none-eabi/13.3.1/thumb/v8-m.main/nofp/libgcc.a(_arm_fixsfsi.o)
 .ARM.attributes
                0x000008ca       0x22 /home/traian/st/stm32cubeide_1.19.0/plugins/com.st.stm32cube.ide.mcu.externaltools.gnu-tools-for-stm32.13.3.rel1.linux64_1.0.0.202410170706/tools/bin/../lib/gcc/arm-none-eabi/13.3.1/thumb/v8-m.main/nofp/libgcc.a(_aeabi_uldivmod.o)
 .ARM.attributes
                0x000008ec       0x32 /home/traian/st/stm32cubeide_1.19.0/plugins/com.st.stm32cube.ide.mcu.externaltools.gnu-tools-for-stm32.13.3.rel1.linux64_1.0.0.202410170706/tools/bin/../lib/gcc/arm-none-eabi/13.3.1/thumb/v8-m.main/nofp/libgcc.a(_udivmoddi4.o)
 .ARM.attributes
                0x0000091e       0x22 /home/traian/st/stm32cubeide_1.19.0/plugins/com.st.stm32cube.ide.mcu.externaltools.gnu-tools-for-stm32.13.3.rel1.linux64_1.0.0.202410170706/tools/bin/../lib/gcc/arm-none-eabi/13.3.1/thumb/v8-m.main/nofp/libgcc.a(_dvmd_tls.o)
 .ARM.attributes
                0x00000940       0x22 /home/traian/st/stm32cubeide_1.19.0/plugins/com.st.stm32cube.ide.mcu.externaltools.gnu-tools-for-stm32.13.3.rel1.linux64_1.0.0.202410170706/tools/bin/../lib/gcc/arm-none-eabi/13.3.1/thumb/v8-m.main/nofp/crtn.o
OUTPUT(RTOS.elf elf32-littlearm)
LOAD linker stubs
LOAD /home/traian/st/stm32cubeide_1.19.0/plugins/com.st.stm32cube.ide.mcu.externaltools.gnu-tools-for-stm32.13.3.rel1.linux64_1.0.0.202410170706/tools/bin/../lib/gcc/arm-none-eabi/13.3.1/../../../../arm-none-eabi/lib/thumb/v8-m.main/nofp/libc.a
LOAD /home/traian/st/stm32cubeide_1.19.0/plugins/com.st.stm32cube.ide.mcu.externaltools.gnu-tools-for-stm32.13.3.rel1.linux64_1.0.0.202410170706/tools/bin/../lib/gcc/arm-none-eabi/13.3.1/../../../../arm-none-eabi/lib/thumb/v8-m.main/nofp/libm.a
LOAD /home/traian/st/stm32cubeide_1.19.0/plugins/com.st.stm32cube.ide.mcu.externaltools.gnu-tools-for-stm32.13.3.rel1.linux64_1.0.0.202410170706/tools/bin/../lib/gcc/arm-none-eabi/13.3.1/thumb/v8-m.main/nofp/libgcc.a

.debug_info     0x00000000     0x41c2
 .debug_info    0x00000000      0x486 ./Src/binary_heap_queue.o
 .debug_info    0x00000486      0x226 ./Src/globals.o
 .debug_info    0x000006ac      0x3d1 ./Src/main.o
 .debug_info    0x00000a7d      0x1e8 ./Src/memory_pool.o
 .debug_info    0x00000c65      0x3ef ./Src/mutex.o
 .debug_info    0x00001054      0xc6d ./Src/osKernel.o
 .debug_info    0x00001cc1      0x32a ./Src/queue.o
 .debug_info    0x00001feb      0x8ec ./Src/rms_scheduler.o
 .debug_info    0x000028d7      0x3b0 ./Src/rtos.o
 .debug_info    0x00002c87      0x6a3 ./Src/syscalls.o
 .debug_info    0x0000332a      0x168 ./Src/sysmem.o
 .debug_info    0x00003492      0x6ed ./Src/task.o
 .debug_info    0x00003b7f      0x613 ./Src/uart.o
 .debug_info    0x00004192       0x30 ./Startup/startup_stm32u575zitxq.o

.debug_abbrev   0x00000000     0x16d9
 .debug_abbrev  0x00000000      0x1e4 ./Src/binary_heap_queue.o
 .debug_abbrev  0x000001e4       0xaa ./Src/globals.o
 .debug_abbrev  0x0000028e      0x20e ./Src/main.o
 .debug_abbrev  0x0000049c      0x107 ./Src/memory_pool.o
 .debug_abbrev  0x000005a3      0x1ce ./Src/mutex.o
 .debug_abbrev  0x00000771      0x334 ./Src/osKernel.o
 .debug_abbrev  0x00000aa5      0x1c3 ./Src/queue.o
 .debug_abbrev  0x00000c68      0x270 ./Src/rms_scheduler.o
 .debug_abbrev  0x00000ed8      0x1d7 ./Src/rtos.o
 .debug_abbrev  0x000010af      0x1b6 ./Src/syscalls.o
 .debug_abbrev  0x00001265       0xbc ./Src/sysmem.o
 .debug_abbrev  0x00001321      0x230 ./Src/task.o
 .debug_abbrev  0x00001551      0x164 ./Src/uart.o
 .debug_abbrev  0x000016b5       0x24 ./Startup/startup_stm32u575zitxq.o

.debug_aranges  0x00000000      0x480
 .debug_aranges
                0x00000000       0x68 ./Src/binary_heap_queue.o
 .debug_aranges
                0x00000068       0x18 ./Src/globals.o
 .debug_aranges
                0x00000080       0x40 ./Src/main.o
 .debug_aranges
                0x000000c0       0x30 ./Src/memory_pool.o
 .debug_aranges
                0x000000f0       0x50 ./Src/mutex.o
 .debug_aranges
                0x00000140       0x70 ./Src/osKernel.o
 .debug_aranges
                0x000001b0       0x48 ./Src/queue.o
 .debug_aranges
                0x000001f8       0xb8 ./Src/rms_scheduler.o
 .debug_aranges
                0x000002b0       0x48 ./Src/rtos.o
 .debug_aranges
                0x000002f8       0xa8 ./Src/syscalls.o
 .debug_aranges
                0x000003a0       0x20 ./Src/sysmem.o
 .debug_aranges
                0x000003c0       0x58 ./Src/task.o
 .debug_aranges
                0x00000418       0x40 ./Src/uart.o
 .debug_aranges
                0x00000458       0x28 ./Startup/startup_stm32u575zitxq.o

.debug_rnglists
                0x00000000      0x318
 .debug_rnglists
                0x00000000       0x4a ./Src/binary_heap_queue.o
 .debug_rnglists
                0x0000004a       0x2b ./Src/main.o
 .debug_rnglists
                0x00000075       0x21 ./Src/memory_pool.o
 .debug_rnglists
                0x00000096       0x38 ./Src/mutex.o
 .debug_rnglists
                0x000000ce       0x50 ./Src/osKernel.o
 .debug_rnglists
                0x0000011e       0x31 ./Src/queue.o
 .debug_rnglists
                0x0000014f       0x8a ./Src/rms_scheduler.o
 .debug_rnglists
                0x000001d9       0x31 ./Src/rtos.o
 .debug_rnglists
                0x0000020a       0x79 ./Src/syscalls.o
 .debug_rnglists
                0x00000283       0x13 ./Src/sysmem.o
 .debug_rnglists
                0x00000296       0x3d ./Src/task.o
 .debug_rnglists
                0x000002d3       0x2c ./Src/uart.o
 .debug_rnglists
                0x000002ff       0x19 ./Startup/startup_stm32u575zitxq.o

.debug_macro    0x00000000     0x3dda
 .debug_macro   0x00000000      0x191 ./Src/binary_heap_queue.o
 .debug_macro   0x00000191      0xac6 ./Src/binary_heap_queue.o
 .debug_macro   0x00000c57       0x10 ./Src/binary_heap_queue.o
 .debug_macro   0x00000c67      0x190 ./Src/binary_heap_queue.o
 .debug_macro   0x00000df7       0x10 ./Src/binary_heap_queue.o
 .debug_macro   0x00000e07       0x22 ./Src/binary_heap_queue.o
 .debug_macro   0x00000e29       0x22 ./Src/binary_heap_queue.o
 .debug_macro   0x00000e4b       0x5b ./Src/binary_heap_queue.o
 .debug_macro   0x00000ea6       0x24 ./Src/binary_heap_queue.o
 .debug_macro   0x00000eca       0x94 ./Src/binary_heap_queue.o
 .debug_macro   0x00000f5e       0x43 ./Src/binary_heap_queue.o
 .debug_macro   0x00000fa1       0x34 ./Src/binary_heap_queue.o
 .debug_macro   0x00000fd5       0x16 ./Src/binary_heap_queue.o
 .debug_macro   0x00000feb       0x57 ./Src/binary_heap_queue.o
 .debug_macro   0x00001042       0x3c ./Src/binary_heap_queue.o
 .debug_macro   0x0000107e      0x370 ./Src/binary_heap_queue.o
 .debug_macro   0x000013ee       0x10 ./Src/binary_heap_queue.o
 .debug_macro   0x000013fe       0x16 ./Src/binary_heap_queue.o
 .debug_macro   0x00001414       0x4a ./Src/binary_heap_queue.o
 .debug_macro   0x0000145e       0x34 ./Src/binary_heap_queue.o
 .debug_macro   0x00001492       0x10 ./Src/binary_heap_queue.o
 .debug_macro   0x000014a2       0x58 ./Src/binary_heap_queue.o
 .debug_macro   0x000014fa       0x8e ./Src/binary_heap_queue.o
 .debug_macro   0x00001588       0x1c ./Src/binary_heap_queue.o
 .debug_macro   0x000015a4      0x185 ./Src/binary_heap_queue.o
 .debug_macro   0x00001729       0x16 ./Src/binary_heap_queue.o
 .debug_macro   0x0000173f       0x16 ./Src/binary_heap_queue.o
 .debug_macro   0x00001755      0x146 ./Src/binary_heap_queue.o
 .debug_macro   0x0000189b       0x10 ./Src/binary_heap_queue.o
 .debug_macro   0x000018ab       0x10 ./Src/binary_heap_queue.o
 .debug_macro   0x000018bb      0x103 ./Src/binary_heap_queue.o
 .debug_macro   0x000019be       0x6a ./Src/binary_heap_queue.o
 .debug_macro   0x00001a28      0x1df ./Src/binary_heap_queue.o
 .debug_macro   0x00001c07       0xad ./Src/globals.o
 .debug_macro   0x00001cb4       0x8e ./Src/globals.o
 .debug_macro   0x00001d42       0x51 ./Src/globals.o
 .debug_macro   0x00001d93      0x213 ./Src/main.o
 .debug_macro   0x00001fa6       0x61 ./Src/main.o
 .debug_macro   0x00002007       0x9e ./Src/main.o
 .debug_macro   0x000020a5      0x112 ./Src/main.o
 .debug_macro   0x000021b7      0x176 ./Src/memory_pool.o
 .debug_macro   0x0000232d       0x10 ./Src/memory_pool.o
 .debug_macro   0x0000233d      0x12f ./Src/mutex.o
 .debug_macro   0x0000246c      0x157 ./Src/osKernel.o
 .debug_macro   0x000025c3      0x17f ./Src/queue.o
 .debug_macro   0x00002742      0x191 ./Src/rms_scheduler.o
 .debug_macro   0x000028d3      0x201 ./Src/rtos.o
 .debug_macro   0x00002ad4      0x274 ./Src/syscalls.o
 .debug_macro   0x00002d48       0x10 ./Src/syscalls.o
 .debug_macro   0x00002d58       0x10 ./Src/syscalls.o
 .debug_macro   0x00002d68       0x10 ./Src/syscalls.o
 .debug_macro   0x00002d78       0x10 ./Src/syscalls.o
 .debug_macro   0x00002d88       0x1c ./Src/syscalls.o
 .debug_macro   0x00002da4       0x52 ./Src/syscalls.o
 .debug_macro   0x00002df6       0x22 ./Src/syscalls.o
 .debug_macro   0x00002e18       0x10 ./Src/syscalls.o
 .debug_macro   0x00002e28       0x52 ./Src/syscalls.o
 .debug_macro   0x00002e7a       0xcf ./Src/syscalls.o
 .debug_macro   0x00002f49       0x1c ./Src/syscalls.o
 .debug_macro   0x00002f65       0x3d ./Src/syscalls.o
 .debug_macro   0x00002fa2       0x35 ./Src/syscalls.o
 .debug_macro   0x00002fd7      0x12c ./Src/syscalls.o
 .debug_macro   0x00003103       0x16 ./Src/syscalls.o
 .debug_macro   0x00003119       0x16 ./Src/syscalls.o
 .debug_macro   0x0000312f       0x29 ./Src/syscalls.o
 .debug_macro   0x00003158       0x10 ./Src/syscalls.o
 .debug_macro   0x00003168      0x242 ./Src/syscalls.o
 .debug_macro   0x000033aa       0x1c ./Src/syscalls.o
 .debug_macro   0x000033c6       0x10 ./Src/syscalls.o
 .debug_macro   0x000033d6      0x18a ./Src/syscalls.o
 .debug_macro   0x00003560       0x16 ./Src/syscalls.o
 .debug_macro   0x00003576       0xce ./Src/syscalls.o
 .debug_macro   0x00003644      0x112 ./Src/sysmem.o
 .debug_macro   0x00003756      0x23c ./Src/sysmem.o
 .debug_macro   0x00003992      0x234 ./Src/task.o
 .debug_macro   0x00003bc6       0x16 ./Src/task.o
 .debug_macro   0x00003bdc       0x20 ./Src/task.o
 .debug_macro   0x00003bfc      0x1de ./Src/uart.o

.debug_line     0x00000000     0x5743
 .debug_line    0x00000000      0x6fd ./Src/binary_heap_queue.o
 .debug_line    0x000006fd      0x3c5 ./Src/globals.o
 .debug_line    0x00000ac2      0x6ea ./Src/main.o
 .debug_line    0x000011ac      0x5e0 ./Src/memory_pool.o
 .debug_line    0x0000178c      0x616 ./Src/mutex.o
 .debug_line    0x00001da2      0x73c ./Src/osKernel.o
 .debug_line    0x000024de      0x611 ./Src/queue.o
 .debug_line    0x00002aef      0x944 ./Src/rms_scheduler.o
 .debug_line    0x00003433      0x732 ./Src/rtos.o
 .debug_line    0x00003b65      0x804 ./Src/syscalls.o
 .debug_line    0x00004369      0x4e0 ./Src/sysmem.o
 .debug_line    0x00004849      0x7c0 ./Src/task.o
 .debug_line    0x00005009      0x6bf ./Src/uart.o
 .debug_line    0x000056c8       0x7b ./Startup/startup_stm32u575zitxq.o

.debug_str      0x00000000    0xe11aa
 .debug_str     0x00000000    0xe11aa ./Src/binary_heap_queue.o
                               0x7b7d (size before relaxing)
 .debug_str     0x000e11aa     0x42cd ./Src/globals.o
 .debug_str     0x000e11aa    0xde370 ./Src/main.o
 .debug_str     0x000e11aa     0x7c02 ./Src/memory_pool.o
 .debug_str     0x000e11aa    0xdab8a ./Src/mutex.o
 .debug_str     0x000e11aa    0xdb5be ./Src/osKernel.o
 .debug_str     0x000e11aa     0x7a79 ./Src/queue.o
 .debug_str     0x000e11aa     0x7e7b ./Src/rms_scheduler.o
 .debug_str     0x000e11aa    0xde3c5 ./Src/rtos.o
 .debug_str     0x000e11aa     0x9996 ./Src/syscalls.o
 .debug_str     0x000e11aa     0x7734 ./Src/sysmem.o
 .debug_str     0x000e11aa    0xde525 ./Src/task.o
 .debug_str     0x000e11aa    0xde3f2 ./Src/uart.o
 .debug_str     0x000e11aa       0x6e ./Startup/startup_stm32u575zitxq.o

.comment        0x00000000       0x43
 .comment       0x00000000       0x43 ./Src/binary_heap_queue.o
                                 0x44 (size before relaxing)
 .comment       0x00000043       0x44 ./Src/globals.o
 .comment       0x00000043       0x44 ./Src/main.o
 .comment       0x00000043       0x44 ./Src/memory_pool.o
 .comment       0x00000043       0x44 ./Src/mutex.o
 .comment       0x00000043       0x44 ./Src/osKernel.o
 .comment       0x00000043       0x44 ./Src/queue.o
 .comment       0x00000043       0x44 ./Src/rms_scheduler.o
 .comment       0x00000043       0x44 ./Src/rtos.o
 .comment       0x00000043       0x44 ./Src/syscalls.o
 .comment       0x00000043       0x44 ./Src/sysmem.o
 .comment       0x00000043       0x44 ./Src/task.o
 .comment       0x00000043       0x44 ./Src/uart.o

.debug_frame    0x00000000     0x18c8
 .debug_frame   0x00000000      0x188 ./Src/binary_heap_queue.o
 .debug_frame   0x00000188       0xa4 ./Src/main.o
 .debug_frame   0x0000022c       0x84 ./Src/memory_pool.o
 .debug_frame   0x000002b0      0x118 ./Src/mutex.o
 .debug_frame   0x000003c8      0x168 ./Src/osKernel.o
 .debug_frame   0x00000530       0xf4 ./Src/queue.o
 .debug_frame   0x00000624      0x304 ./Src/rms_scheduler.o
 .debug_frame   0x00000928       0xc8 ./Src/rtos.o
 .debug_frame   0x000009f0      0x2ac ./Src/syscalls.o
 .debug_frame   0x00000c9c       0x34 ./Src/sysmem.o
 .debug_frame   0x00000cd0      0x134 ./Src/task.o
 .debug_frame   0x00000e04       0xc4 ./Src/uart.o
 .debug_frame   0x00000ec8      0x144 /home/traian/st/stm32cubeide_1.19.0/plugins/com.st.stm32cube.ide.mcu.externaltools.gnu-tools-for-stm32.13.3.rel1.linux64_1.0.0.202410170706/tools/bin/../lib/gcc/arm-none-eabi/13.3.1/../../../../arm-none-eabi/lib/thumb/v8-m.main/nofp/libc_nano.a(libc_a-findfp.o)
 .debug_frame   0x0000100c       0x34 /home/traian/st/stm32cubeide_1.19.0/plugins/com.st.stm32cube.ide.mcu.externaltools.gnu-tools-for-stm32.13.3.rel1.linux64_1.0.0.202410170706/tools/bin/../lib/gcc/arm-none-eabi/13.3.1/../../../../arm-none-eabi/lib/thumb/v8-m.main/nofp/libc_nano.a(libc_a-fwalk.o)
 .debug_frame   0x00001040       0x3c /home/traian/st/stm32cubeide_1.19.0/plugins/com.st.stm32cube.ide.mcu.externaltools.gnu-tools-for-stm32.13.3.rel1.linux64_1.0.0.202410170706/tools/bin/../lib/gcc/arm-none-eabi/13.3.1/../../../../arm-none-eabi/lib/thumb/v8-m.main/nofp/libc_nano.a(libc_a-puts.o)
 .debug_frame   0x0000107c       0x88 /home/traian/st/stm32cubeide_1.19.0/plugins/com.st.stm32cube.ide.mcu.externaltools.gnu-tools-for-stm32.13.3.rel1.linux64_1.0.0.202410170706/tools/bin/../lib/gcc/arm-none-eabi/13.3.1/../../../../arm-none-eabi/lib/thumb/v8-m.main/nofp/libc_nano.a(libc_a-stdio.o)
 .debug_frame   0x00001104       0x40 /home/traian/st/stm32cubeide_1.19.0/plugins/com.st.stm32cube.ide.mcu.externaltools.gnu-tools-for-stm32.13.3.rel1.linux64_1.0.0.202410170706/tools/bin/../lib/gcc/arm-none-eabi/13.3.1/../../../../arm-none-eabi/lib/thumb/v8-m.main/nofp/libc_nano.a(libc_a-wbuf.o)
 .debug_frame   0x00001144       0x2c /home/traian/st/stm32cubeide_1.19.0/plugins/com.st.stm32cube.ide.mcu.externaltools.gnu-tools-for-stm32.13.3.rel1.linux64_1.0.0.202410170706/tools/bin/../lib/gcc/arm-none-eabi/13.3.1/../../../../arm-none-eabi/lib/thumb/v8-m.main/nofp/libc_nano.a(libc_a-wsetup.o)
 .debug_frame   0x00001170       0x20 /home/traian/st/stm32cubeide_1.19.0/plugins/com.st.stm32cube.ide.mcu.externaltools.gnu-tools-for-stm32.13.3.rel1.linux64_1.0.0.202410170706/tools/bin/../lib/gcc/arm-none-eabi/13.3.1/../../../../arm-none-eabi/lib/thumb/v8-m.main/nofp/libc_nano.a(libc_a-memset.o)
 .debug_frame   0x00001190       0x2c /home/traian/st/stm32cubeide_1.19.0/plugins/com.st.stm32cube.ide.mcu.externaltools.gnu-tools-for-stm32.13.3.rel1.linux64_1.0.0.202410170706/tools/bin/../lib/gcc/arm-none-eabi/13.3.1/../../../../arm-none-eabi/lib/thumb/v8-m.main/nofp/libc_nano.a(libc_a-closer.o)
 .debug_frame   0x000011bc       0x38 /home/traian/st/stm32cubeide_1.19.0/plugins/com.st.stm32cube.ide.mcu.externaltools.gnu-tools-for-stm32.13.3.rel1.linux64_1.0.0.202410170706/tools/bin/../lib/gcc/arm-none-eabi/13.3.1/../../../../arm-none-eabi/lib/thumb/v8-m.main/nofp/libc_nano.a(libc_a-reent.o)
 .debug_frame   0x000011f4       0x2c /home/traian/st/stm32cubeide_1.19.0/plugins/com.st.stm32cube.ide.mcu.externaltools.gnu-tools-for-stm32.13.3.rel1.linux64_1.0.0.202410170706/tools/bin/../lib/gcc/arm-none-eabi/13.3.1/../../../../arm-none-eabi/lib/thumb/v8-m.main/nofp/libc_nano.a(libc_a-lseekr.o)
 .debug_frame   0x00001220       0x2c /home/traian/st/stm32cubeide_1.19.0/plugins/com.st.stm32cube.ide.mcu.externaltools.gnu-tools-for-stm32.13.3.rel1.linux64_1.0.0.202410170706/tools/bin/../lib/gcc/arm-none-eabi/13.3.1/../../../../arm-none-eabi/lib/thumb/v8-m.main/nofp/libc_nano.a(libc_a-readr.o)
 .debug_frame   0x0000124c       0x2c /home/traian/st/stm32cubeide_1.19.0/plugins/com.st.stm32cube.ide.mcu.externaltools.gnu-tools-for-stm32.13.3.rel1.linux64_1.0.0.202410170706/tools/bin/../lib/gcc/arm-none-eabi/13.3.1/../../../../arm-none-eabi/lib/thumb/v8-m.main/nofp/libc_nano.a(libc_a-writer.o)
 .debug_frame   0x00001278       0x20 /home/traian/st/stm32cubeide_1.19.0/plugins/com.st.stm32cube.ide.mcu.externaltools.gnu-tools-for-stm32.13.3.rel1.linux64_1.0.0.202410170706/tools/bin/../lib/gcc/arm-none-eabi/13.3.1/../../../../arm-none-eabi/lib/thumb/v8-m.main/nofp/libc_nano.a(libc_a-errno.o)
 .debug_frame   0x00001298       0x2c /home/traian/st/stm32cubeide_1.19.0/plugins/com.st.stm32cube.ide.mcu.externaltools.gnu-tools-for-stm32.13.3.rel1.linux64_1.0.0.202410170706/tools/bin/../lib/gcc/arm-none-eabi/13.3.1/../../../../arm-none-eabi/lib/thumb/v8-m.main/nofp/libc_nano.a(libc_a-init.o)
 .debug_frame   0x000012c4       0xb0 /home/traian/st/stm32cubeide_1.19.0/plugins/com.st.stm32cube.ide.mcu.externaltools.gnu-tools-for-stm32.13.3.rel1.linux64_1.0.0.202410170706/tools/bin/../lib/gcc/arm-none-eabi/13.3.1/../../../../arm-none-eabi/lib/thumb/v8-m.main/nofp/libc_nano.a(libc_a-lock.o)
 .debug_frame   0x00001374       0x20 /home/traian/st/stm32cubeide_1.19.0/plugins/com.st.stm32cube.ide.mcu.externaltools.gnu-tools-for-stm32.13.3.rel1.linux64_1.0.0.202410170706/tools/bin/../lib/gcc/arm-none-eabi/13.3.1/../../../../arm-none-eabi/lib/thumb/v8-m.main/nofp/libc_nano.a(libc_a-strcpy.o)
 .debug_frame   0x00001394       0x38 /home/traian/st/stm32cubeide_1.19.0/plugins/com.st.stm32cube.ide.mcu.externaltools.gnu-tools-for-stm32.13.3.rel1.linux64_1.0.0.202410170706/tools/bin/../lib/gcc/arm-none-eabi/13.3.1/../../../../arm-none-eabi/lib/thumb/v8-m.main/nofp/libc_nano.a(libc_a-freer.o)
 .debug_frame   0x000013cc       0x50 /home/traian/st/stm32cubeide_1.19.0/plugins/com.st.stm32cube.ide.mcu.externaltools.gnu-tools-for-stm32.13.3.rel1.linux64_1.0.0.202410170706/tools/bin/../lib/gcc/arm-none-eabi/13.3.1/../../../../arm-none-eabi/lib/thumb/v8-m.main/nofp/libc_nano.a(libc_a-mallocr.o)
 .debug_frame   0x0000141c       0x30 /home/traian/st/stm32cubeide_1.19.0/plugins/com.st.stm32cube.ide.mcu.externaltools.gnu-tools-for-stm32.13.3.rel1.linux64_1.0.0.202410170706/tools/bin/../lib/gcc/arm-none-eabi/13.3.1/../../../../arm-none-eabi/lib/thumb/v8-m.main/nofp/libc_nano.a(libc_a-mlock.o)
 .debug_frame   0x0000144c       0x5c /home/traian/st/stm32cubeide_1.19.0/plugins/com.st.stm32cube.ide.mcu.externaltools.gnu-tools-for-stm32.13.3.rel1.linux64_1.0.0.202410170706/tools/bin/../lib/gcc/arm-none-eabi/13.3.1/../../../../arm-none-eabi/lib/thumb/v8-m.main/nofp/libc_nano.a(libc_a-fflush.o)
 .debug_frame   0x000014a8       0x58 /home/traian/st/stm32cubeide_1.19.0/plugins/com.st.stm32cube.ide.mcu.externaltools.gnu-tools-for-stm32.13.3.rel1.linux64_1.0.0.202410170706/tools/bin/../lib/gcc/arm-none-eabi/13.3.1/../../../../arm-none-eabi/lib/thumb/v8-m.main/nofp/libc_nano.a(libc_a-makebuf.o)
 .debug_frame   0x00001500       0x2c /home/traian/st/stm32cubeide_1.19.0/plugins/com.st.stm32cube.ide.mcu.externaltools.gnu-tools-for-stm32.13.3.rel1.linux64_1.0.0.202410170706/tools/bin/../lib/gcc/arm-none-eabi/13.3.1/../../../../arm-none-eabi/lib/thumb/v8-m.main/nofp/libc_nano.a(libc_a-fstatr.o)
 .debug_frame   0x0000152c       0x2c /home/traian/st/stm32cubeide_1.19.0/plugins/com.st.stm32cube.ide.mcu.externaltools.gnu-tools-for-stm32.13.3.rel1.linux64_1.0.0.202410170706/tools/bin/../lib/gcc/arm-none-eabi/13.3.1/../../../../arm-none-eabi/lib/thumb/v8-m.main/nofp/libc_nano.a(libc_a-isattyr.o)
 .debug_frame   0x00001558       0x2c /home/traian/st/stm32cubeide_1.19.0/plugins/com.st.stm32cube.ide.mcu.externaltools.gnu-tools-for-stm32.13.3.rel1.linux64_1.0.0.202410170706/tools/bin/../lib/gcc/arm-none-eabi/13.3.1/../../../../arm-none-eabi/lib/thumb/v8-m.main/nofp/libc_nano.a(libc_a-sbrkr.o)
 .debug_frame   0x00001584       0xac /home/traian/st/stm32cubeide_1.19.0/plugins/com.st.stm32cube.ide.mcu.externaltools.gnu-tools-for-stm32.13.3.rel1.linux64_1.0.0.202410170706/tools/bin/../lib/gcc/arm-none-eabi/13.3.1/thumb/v8-m.main/nofp/libgcc.a(_arm_addsubdf3.o)
 .debug_frame   0x00001630       0xc4 /home/traian/st/stm32cubeide_1.19.0/plugins/com.st.stm32cube.ide.mcu.externaltools.gnu-tools-for-stm32.13.3.rel1.linux64_1.0.0.202410170706/tools/bin/../lib/gcc/arm-none-eabi/13.3.1/thumb/v8-m.main/nofp/libgcc.a(_arm_cmpdf2.o)
 .debug_frame   0x000016f4       0x4c /home/traian/st/stm32cubeide_1.19.0/plugins/com.st.stm32cube.ide.mcu.externaltools.gnu-tools-for-stm32.13.3.rel1.linux64_1.0.0.202410170706/tools/bin/../lib/gcc/arm-none-eabi/13.3.1/thumb/v8-m.main/nofp/libgcc.a(_arm_addsubsf3.o)
 .debug_frame   0x00001740       0x38 /home/traian/st/stm32cubeide_1.19.0/plugins/com.st.stm32cube.ide.mcu.externaltools.gnu-tools-for-stm32.13.3.rel1.linux64_1.0.0.202410170706/tools/bin/../lib/gcc/arm-none-eabi/13.3.1/thumb/v8-m.main/nofp/libgcc.a(_arm_muldivsf3.o)
 .debug_frame   0x00001778       0xc8 /home/traian/st/stm32cubeide_1.19.0/plugins/com.st.stm32cube.ide.mcu.externaltools.gnu-tools-for-stm32.13.3.rel1.linux64_1.0.0.202410170706/tools/bin/../lib/gcc/arm-none-eabi/13.3.1/thumb/v8-m.main/nofp/libgcc.a(_arm_cmpsf2.o)
 .debug_frame   0x00001840       0x24 /home/traian/st/stm32cubeide_1.19.0/plugins/com.st.stm32cube.ide.mcu.externaltools.gnu-tools-for-stm32.13.3.rel1.linux64_1.0.0.202410170706/tools/bin/../lib/gcc/arm-none-eabi/13.3.1/thumb/v8-m.main/nofp/libgcc.a(_arm_fixsfsi.o)
 .debug_frame   0x00001864       0x2c /home/traian/st/stm32cubeide_1.19.0/plugins/com.st.stm32cube.ide.mcu.externaltools.gnu-tools-for-stm32.13.3.rel1.linux64_1.0.0.202410170706/tools/bin/../lib/gcc/arm-none-eabi/13.3.1/thumb/v8-m.main/nofp/libgcc.a(_aeabi_uldivmod.o)
 .debug_frame   0x00001890       0x38 /home/traian/st/stm32cubeide_1.19.0/plugins/com.st.stm32cube.ide.mcu.externaltools.gnu-tools-for-stm32.13.3.rel1.linux64_1.0.0.202410170706/tools/bin/../lib/gcc/arm-none-eabi/13.3.1/thumb/v8-m.main/nofp/libgcc.a(_udivmoddi4.o)

.debug_line_str
                0x00000000       0x52
 .debug_line_str
                0x00000000       0x52 ./Startup/startup_stm32u575zitxq.o
