2025-10-21 09:47:30,934 [INFO] Activator:176 - 


2025-10-21 09:47:30,944 [INFO] Activator:177 - !SESSION log4j initialized
2025-10-21 09:47:41,459 [INFO] LogOutputStream:77 - [STDOUT_REDIRECT] 
2025-10-21 09:47:44,329 [INFO] ApplicationProperties:184 - Using Application install path: /home/traian/st/stm32cubeide_1.19.0/plugins/com.st.stm32cube.common.mx_6.15.0.202507011659
2025-10-21 09:47:44,409 [INFO] DbMcusXml:78 - Set database path to: /home/traian/st/stm32cubeide_1.19.0/plugins/com.st.stm32cube.common.mx_6.15.0.202507011659//db//mcu/
2025-10-21 09:47:44,410 [INFO] ApiDb:274 - Set plugin database path to: /home/traian/st/stm32cubeide_1.19.0/plugins/com.st.stm32cube.common.mx_6.15.0.202507011659//db//plugins/boardmanager/
2025-10-21 09:47:44,411 [WARN] ApiDb:259 - Overriding images path with different value:  => /home/traian/st/stm32cubeide_1.19.0/plugins/com.st.stm32cube.common.mx_6.15.0.202507011659//db//plugins/mcufinder/images/
2025-10-21 09:47:44,439 [INFO] ApiDb:250 - Set database path to: /home/traian/.stmcufinder/plugins/mcufinder//mcu/
2025-10-21 09:47:44,445 [INFO] DbMcusAds:125 - Set database path to: /home/traian/.stmcufinder/plugins/mcufinder//mcu/
2025-10-21 09:47:44,454 [INFO] CrossReferenceDbSqlite:203 - Set database path to: /home/traian/.stmcufinder/plugins/mcufinder//mcu/cs/
2025-10-21 09:47:44,969 [INFO] RulesReader:64 - Compatibility file has been processed (317 Rules)
2025-10-21 09:47:45,297 [INFO] DbMcusXml:78 - Set database path to: /home/traian/st/stm32cubeide_1.19.0/plugins/com.st.stm32cube.common.mx_6.15.0.202507011659//db//mcu/
2025-10-21 09:47:45,297 [INFO] ApiDb:274 - Set plugin database path to: /home/traian/st/stm32cubeide_1.19.0/plugins/com.st.stm32cube.common.mx_6.15.0.202507011659//db//plugins/boardmanager/
2025-10-21 09:47:45,298 [INFO] ApiDb:261 - Set plugin images path to: /home/traian/st/stm32cubeide_1.19.0/plugins/com.st.stm32cube.common.mx_6.15.0.202507011659//db//plugins/mcufinder/images/
2025-10-21 09:47:45,300 [WARN] DbFile:41 - Overriding database path with different value: /home/traian/.stmcufinder/plugins/mcufinder/ => /home/traian/.stmcufinder/plugins/mcufinder
2025-10-21 09:47:45,301 [INFO] ApiDb:250 - Set database path to: /home/traian/.stmcufinder/plugins/mcufinder//mcu/
2025-10-21 09:47:45,301 [WARN] DbFile:41 - Overriding database path with different value: /home/traian/.stmcufinder/plugins/mcufinder/ => /home/traian/.stmcufinder/plugins/mcufinder
2025-10-21 09:47:45,302 [INFO] DbMcusAds:125 - Set database path to: /home/traian/.stmcufinder/plugins/mcufinder//mcu/
2025-10-21 09:47:45,302 [WARN] DbFile:41 - Overriding database path with different value: /home/traian/.stmcufinder/plugins/mcufinder/ => /home/traian/.stmcufinder/plugins/mcufinder
2025-10-21 09:47:45,303 [WARN] DbFile:41 - Overriding database path with different value: /home/traian/.stmcufinder/plugins/mcufinder/ => /home/traian/.stmcufinder/plugins/mcufinder
2025-10-21 09:47:45,303 [INFO] CrossReferenceDbSqlite:203 - Set database path to: /home/traian/.stmcufinder/plugins/mcufinder//mcu/cs/
2025-10-21 09:47:45,620 [INFO] MainPanel:274 - HeapMemory: 268435456
2025-10-21 09:47:46,169 [INFO] DbMcusXml:78 - Set database path to: /home/traian/st/stm32cubeide_1.19.0/plugins/com.st.stm32cube.common.mx_6.15.0.202507011659//db//mcu/
2025-10-21 09:47:46,170 [INFO] ApiDb:274 - Set plugin database path to: /home/traian/st/stm32cubeide_1.19.0/plugins/com.st.stm32cube.common.mx_6.15.0.202507011659//db//plugins/boardmanager/
2025-10-21 09:47:46,171 [INFO] ApiDb:261 - Set plugin images path to: /home/traian/st/stm32cubeide_1.19.0/plugins/com.st.stm32cube.common.mx_6.15.0.202507011659//db//plugins/mcufinder/images/
2025-10-21 09:47:46,173 [WARN] DbFile:41 - Overriding database path with different value: /home/traian/.stmcufinder/plugins/mcufinder/ => /home/traian/.stmcufinder/plugins/mcufinder
2025-10-21 09:47:46,173 [INFO] ApiDb:250 - Set database path to: /home/traian/.stmcufinder/plugins/mcufinder//mcu/
2025-10-21 09:47:46,174 [WARN] DbFile:41 - Overriding database path with different value: /home/traian/.stmcufinder/plugins/mcufinder/ => /home/traian/.stmcufinder/plugins/mcufinder
2025-10-21 09:47:46,174 [INFO] DbMcusAds:125 - Set database path to: /home/traian/.stmcufinder/plugins/mcufinder//mcu/
2025-10-21 09:47:46,175 [WARN] DbFile:41 - Overriding database path with different value: /home/traian/.stmcufinder/plugins/mcufinder/ => /home/traian/.stmcufinder/plugins/mcufinder
2025-10-21 09:47:46,175 [WARN] DbFile:41 - Overriding database path with different value: /home/traian/.stmcufinder/plugins/mcufinder/ => /home/traian/.stmcufinder/plugins/mcufinder
2025-10-21 09:47:46,176 [INFO] CrossReferenceDbSqlite:203 - Set database path to: /home/traian/.stmcufinder/plugins/mcufinder//mcu/cs/
2025-10-21 09:47:46,255 [INFO] ApplicationProperties:184 - Using Application install path: /home/traian/st/stm32cubeide_1.19.0/plugins/com.st.stm32cube.common.mx_6.15.0.202507011659
2025-10-21 09:47:46,264 [INFO] PluginManage:196 - Search for loadable plugins [exclusion list=, ]
2025-10-21 09:47:46,270 [INFO] PluginManage:310 - Check plugin analytics
2025-10-21 09:47:47,035 [INFO] AnalyticsPlugin:253 - Accepted Software Licenses: 
2025-10-21 09:47:47,036 [INFO] AnalyticsPlugin:255 - Accepted CMSIS Pack Licenses: 
2025-10-21 09:47:47,037 [INFO] AnalyticsPlugin:257 - Accepted Firmware Licenses: FW.U5.1.8.0
2025-10-21 09:47:47,046 [INFO] PluginManage:359 - Loaded plugin analytics (category:tool,tabindex:-1)
2025-10-21 09:47:47,048 [INFO] PluginManage:310 - Check plugin cadmodel
2025-10-21 09:47:47,063 [INFO] CADModel:105 - Init CAD model plugin
2025-10-21 09:47:47,064 [INFO] PluginManage:359 - Loaded plugin cadmodel (category:power,tabindex:5)
2025-10-21 09:47:47,065 [INFO] PluginManage:310 - Check plugin clock
2025-10-21 09:47:47,100 [INFO] PluginManage:359 - Loaded plugin clock (category:base,tabindex:2)
2025-10-21 09:47:47,101 [INFO] PluginManage:310 - Check plugin ddr
2025-10-21 09:47:47,111 [INFO] PluginManage:359 - Loaded plugin ddr (category:tool,tabindex:6)
2025-10-21 09:47:47,112 [INFO] PluginManage:310 - Check plugin filemanager
2025-10-21 09:47:47,849 [INFO] PluginManage:359 - Loaded plugin filemanager (category:base,tabindex:10)
2025-10-21 09:47:47,850 [INFO] PluginManage:310 - Check plugin ipmanager
2025-10-21 09:47:47,874 [INFO] PluginManage:359 - Loaded plugin ipmanager (category:base,tabindex:5)
2025-10-21 09:47:47,875 [INFO] PluginManage:310 - Check plugin lpbam
2025-10-21 09:47:47,911 [INFO] PluginManage:359 - Loaded plugin lpbam (category:base,tabindex:0)
2025-10-21 09:47:47,912 [INFO] PluginManage:310 - Check plugin memorymap
2025-10-21 09:47:47,952 [INFO] PluginManage:359 - Loaded plugin memorymap (category:base,tabindex:4)
2025-10-21 09:47:47,953 [INFO] PluginManage:310 - Check plugin pinoutandconfiguration
2025-10-21 09:47:47,981 [INFO] PluginManage:359 - Loaded plugin pinoutandconfiguration (category:base,tabindex:1)
2025-10-21 09:47:47,982 [INFO] PluginManage:310 - Check plugin pinoutconfig
2025-10-21 09:47:48,257 [WARN] SupportedApi:132 - Cannot load RTOS API schema: s4s-elt-must-match.1: The content of 'definitions' must match (annotation?, (simpleType | complexType)?, (unique | key | keyref)*)). A problem was found starting at: attribute.
2025-10-21 09:47:48,783 [INFO] PluginManage:359 - Loaded plugin pinoutconfig (category:base,tabindex:0)
2025-10-21 09:47:48,784 [INFO] PluginManage:310 - Check plugin power
2025-10-21 09:47:48,823 [INFO] PluginManage:359 - Loaded plugin power (category:power,tabindex:4)
2025-10-21 09:47:48,824 [INFO] PluginManage:310 - Check plugin projectmanager
2025-10-21 09:47:48,915 [INFO] PluginManage:359 - Loaded plugin projectmanager (category:projectmanager,tabindex:4)
2025-10-21 09:47:48,916 [INFO] PluginManage:310 - Check plugin rif
2025-10-21 09:47:48,968 [INFO] PluginManage:359 - Loaded plugin rif (category:base,tabindex:3)
2025-10-21 09:47:48,969 [INFO] PluginManage:310 - Check plugin thirdparty
2025-10-21 09:47:49,520 [WARN] IntegrityCheckThread:84 - waiting for thirdparty lock release [integrity check]
2025-10-21 09:47:49,522 [INFO] IntegrityCheckThread:86 - entering critical section [integrity check]
2025-10-21 09:47:49,519 [INFO] PluginManage:359 - Loaded plugin thirdparty (category:base,tabindex:-1)
2025-10-21 09:47:49,525 [INFO] PluginManage:310 - Check plugin tools
2025-10-21 09:47:49,526 [INFO] ThirdPartyUpdaterWithRetryManager:70 - Updater plugin not ready yet. [1/15]
2025-10-21 09:47:49,538 [INFO] PluginManage:359 - Loaded plugin tools (category:base,tabindex:7)
2025-10-21 09:47:49,539 [INFO] PluginManage:310 - Check plugin tutovideos
2025-10-21 09:47:50,478 [INFO] PluginManage:359 - Loaded plugin tutovideos (category:base,tabindex:-1)
2025-10-21 09:47:50,479 [INFO] PluginManage:310 - Check plugin updater
2025-10-21 09:47:50,586 [INFO] PluginManage:359 - Loaded plugin updater (category:base,tabindex:12)
2025-10-21 09:47:50,586 [INFO] PluginManage:310 - Check plugin userauth
2025-10-21 09:47:50,601 [INFO] UserAuth:118 - Init User Auth plugin
2025-10-21 09:47:50,605 [INFO] PluginManage:359 - Loaded plugin userauth (category:base,tabindex:14)
2025-10-21 09:47:50,607 [INFO] PluginManage:283 - PluginManage : Loaded plugins [18]
2025-10-21 09:47:51,291 [INFO] PinOutPanel:1589 - setPackage(No Configuration,No Configuration)
2025-10-21 09:47:51,649 [INFO] CADModel:165 - CPN selected for project level
2025-10-21 09:47:51,650 [INFO] CADModel:114 - Register for checkConnection events
2025-10-21 09:47:51,706 [INFO] IPUIPlugin:80 - create IPUIPlugin
2025-10-21 09:47:51,707 [INFO] PluginManager:220 - loadIPPluginJar : add i2c
2025-10-21 09:47:51,715 [INFO] IPUIPlugin:80 - create IPUIPlugin
2025-10-21 09:47:51,716 [INFO] PluginManager:220 - loadIPPluginJar : add i2s
2025-10-21 09:47:51,738 [INFO] IPUIPlugin:80 - create IPUIPlugin
2025-10-21 09:47:51,739 [INFO] PluginManager:220 - loadIPPluginJar : add resmgrutility
2025-10-21 09:47:51,747 [INFO] IPUIPlugin:80 - create IPUIPlugin
2025-10-21 09:47:51,748 [INFO] PluginManager:220 - loadIPPluginJar : add hash
2025-10-21 09:47:51,760 [INFO] IPUIPlugin:80 - create IPUIPlugin
2025-10-21 09:47:51,760 [INFO] PluginManager:220 - loadIPPluginJar : add usbx
2025-10-21 09:47:51,789 [INFO] IPUIPlugin:80 - create IPUIPlugin
2025-10-21 09:47:51,802 [INFO] PluginManager:220 - loadIPPluginJar : add plateformsettings
2025-10-21 09:47:51,813 [INFO] IPUIPlugin:80 - create IPUIPlugin
2025-10-21 09:47:51,816 [INFO] PluginManager:220 - loadIPPluginJar : add dma3
2025-10-21 09:47:51,826 [INFO] IPUIPlugin:80 - create IPUIPlugin
2025-10-21 09:47:51,827 [INFO] PluginManager:220 - loadIPPluginJar : add ddr_ctrl_phy
2025-10-21 09:47:51,832 [INFO] IPUIPlugin:80 - create IPUIPlugin
2025-10-21 09:47:51,832 [INFO] PluginManager:220 - loadIPPluginJar : add quadspi
2025-10-21 09:47:51,836 [INFO] IPUIPlugin:80 - create IPUIPlugin
2025-10-21 09:47:51,837 [INFO] PluginManager:220 - loadIPPluginJar : add ltdc
2025-10-21 09:47:51,846 [INFO] IPUIPlugin:80 - create IPUIPlugin
2025-10-21 09:47:51,847 [INFO] PluginManager:220 - loadIPPluginJar : add opamp
2025-10-21 09:47:51,853 [INFO] IPUIPlugin:80 - create IPUIPlugin
2025-10-21 09:47:51,854 [INFO] PluginManager:220 - loadIPPluginJar : add tim
2025-10-21 09:47:51,866 [INFO] IPUIPlugin:80 - create IPUIPlugin
2025-10-21 09:47:51,867 [INFO] PluginManager:220 - loadIPPluginJar : add ipddr
2025-10-21 09:47:51,872 [INFO] IPUIPlugin:80 - create IPUIPlugin
2025-10-21 09:47:51,873 [INFO] PluginManager:220 - loadIPPluginJar : add fatfs
2025-10-21 09:47:51,896 [INFO] IPUIPlugin:80 - create IPUIPlugin
2025-10-21 09:47:51,897 [INFO] PluginManager:220 - loadIPPluginJar : add adc
2025-10-21 09:47:51,905 [INFO] IPUIPlugin:80 - create IPUIPlugin
2025-10-21 09:47:51,906 [INFO] PluginManager:220 - loadIPPluginJar : add dfsdm
2025-10-21 09:47:51,917 [INFO] IPUIPlugin:80 - create IPUIPlugin
2025-10-21 09:47:51,917 [INFO] PluginManager:220 - loadIPPluginJar : add nvic
2025-10-21 09:47:51,926 [INFO] IPUIPlugin:80 - create IPUIPlugin
2025-10-21 09:47:51,927 [INFO] PluginManager:220 - loadIPPluginJar : add sai
2025-10-21 09:47:51,936 [INFO] IPUIPlugin:80 - create IPUIPlugin
2025-10-21 09:47:51,937 [INFO] PluginManager:220 - loadIPPluginJar : add touchsensing
2025-10-21 09:47:51,942 [INFO] IPUIPlugin:80 - create IPUIPlugin
2025-10-21 09:47:51,942 [INFO] PluginManager:220 - loadIPPluginJar : add comp
2025-10-21 09:47:51,949 [INFO] IPUIPlugin:80 - create IPUIPlugin
2025-10-21 09:47:51,950 [INFO] PluginManager:220 - loadIPPluginJar : add aes
2025-10-21 09:47:51,967 [INFO] IPUIPlugin:80 - create IPUIPlugin
2025-10-21 09:47:51,968 [INFO] PluginManager:220 - loadIPPluginJar : add freertos
2025-10-21 09:47:51,973 [INFO] IPUIPlugin:80 - create IPUIPlugin
2025-10-21 09:47:51,975 [INFO] PluginManager:220 - loadIPPluginJar : add radio
2025-10-21 09:47:51,980 [INFO] IPUIPlugin:80 - create IPUIPlugin
2025-10-21 09:47:51,982 [INFO] PluginManager:220 - loadIPPluginJar : add tracer_emb
2025-10-21 09:47:51,992 [INFO] IPUIPlugin:80 - create IPUIPlugin
2025-10-21 09:47:51,992 [INFO] PluginManager:220 - loadIPPluginJar : add cryp
2025-10-21 09:47:52,000 [INFO] IPUIPlugin:80 - create IPUIPlugin
2025-10-21 09:47:52,001 [INFO] PluginManager:220 - loadIPPluginJar : add can
2025-10-21 09:47:52,023 [INFO] IPUIPlugin:80 - create IPUIPlugin
2025-10-21 09:47:52,024 [INFO] PluginManager:220 - loadIPPluginJar : add mdma
2025-10-21 09:47:52,047 [INFO] IPUIPlugin:80 - create IPUIPlugin
2025-10-21 09:47:52,047 [INFO] PluginManager:220 - loadIPPluginJar : add dma
2025-10-21 09:47:52,078 [INFO] IPUIPlugin:80 - create IPUIPlugin
2025-10-21 09:47:52,078 [INFO] PluginManager:220 - loadIPPluginJar : add linkedlist
2025-10-21 09:47:52,088 [INFO] IPUIPlugin:80 - create IPUIPlugin
2025-10-21 09:47:52,089 [INFO] PluginManager:220 - loadIPPluginJar : add pdm2pcm
2025-10-21 09:47:52,104 [INFO] IPUIPlugin:80 - create IPUIPlugin
2025-10-21 09:47:52,105 [INFO] PluginManager:220 - loadIPPluginJar : add gpio
2025-10-21 09:47:52,114 [INFO] IPUIPlugin:80 - create IPUIPlugin
2025-10-21 09:47:52,115 [INFO] PluginManager:220 - loadIPPluginJar : add extmemmanager
2025-10-21 09:47:52,134 [INFO] IPUIPlugin:80 - create IPUIPlugin
2025-10-21 09:47:52,135 [INFO] PluginManager:220 - loadIPPluginJar : add gic
2025-10-21 09:47:52,143 [INFO] IPUIPlugin:80 - create IPUIPlugin
2025-10-21 09:47:52,144 [INFO] PluginManager:220 - loadIPPluginJar : add lorawan
2025-10-21 09:47:52,149 [INFO] IPUIPlugin:80 - create IPUIPlugin
2025-10-21 09:47:52,150 [INFO] PluginManager:220 - loadIPPluginJar : add tsc
2025-10-21 09:47:52,157 [INFO] IPUIPlugin:80 - create IPUIPlugin
2025-10-21 09:47:52,158 [INFO] PluginManager:220 - loadIPPluginJar : add spi
2025-10-21 09:47:52,182 [INFO] IPUIPlugin:80 - create IPUIPlugin
2025-10-21 09:47:52,183 [INFO] PluginManager:220 - loadIPPluginJar : add stm32_wpan
2025-10-21 09:47:52,192 [INFO] IPUIPlugin:80 - create IPUIPlugin
2025-10-21 09:47:52,193 [INFO] PluginManager:220 - loadIPPluginJar : add openamp
2025-10-21 09:47:52,199 [INFO] IPUIPlugin:80 - create IPUIPlugin
2025-10-21 09:47:52,200 [INFO] PluginManager:220 - loadIPPluginJar : add ts
2025-10-21 09:47:52,209 [INFO] IPUIPlugin:80 - create IPUIPlugin
2025-10-21 09:47:52,210 [INFO] PluginManager:220 - loadIPPluginJar : add gtzc
2025-10-21 09:47:52,219 [INFO] IPUIPlugin:80 - create IPUIPlugin
2025-10-21 09:47:52,220 [INFO] PluginManager:220 - loadIPPluginJar : add i3c
2025-10-21 09:47:52,225 [INFO] IPUIPlugin:80 - create IPUIPlugin
2025-10-21 09:47:52,225 [INFO] PluginManager:220 - loadIPPluginJar : add genericplugin
2025-10-21 09:47:52,232 [INFO] IPUIPlugin:80 - create IPUIPlugin
2025-10-21 09:47:52,233 [INFO] PluginManager:220 - loadIPPluginJar : add gfxmmu
2025-10-21 09:47:52,242 [INFO] IPUIPlugin:80 - create IPUIPlugin
2025-10-21 09:47:52,243 [INFO] PluginManager:220 - loadIPPluginJar : add usart
2025-10-21 09:47:52,249 [INFO] IPUIPlugin:80 - create IPUIPlugin
2025-10-21 09:47:52,249 [INFO] PluginManager:220 - loadIPPluginJar : add ucpd
2025-10-21 09:47:52,265 [INFO] IPUIPlugin:80 - create IPUIPlugin
2025-10-21 09:47:52,267 [INFO] PluginManager:220 - loadIPPluginJar : add fmc
2025-10-21 09:47:52,481 [FATAL] Updater:351 - Updater called before beeing initialized
2025-10-21 09:47:52,532 [INFO] ThirdPartyUpdaterWithRetryManager:70 - Updater plugin not ready yet. [2/15]
2025-10-21 09:47:52,591 [INFO] RulesReader:64 - Compatibility file has been processed (317 Rules)
2025-10-21 09:47:52,657 [INFO] RulesReader:64 - Compatibility file has been processed (317 Rules)
2025-10-21 09:47:52,689 [INFO] CADModel:165 - CPN selected for project level
2025-10-21 09:47:52,690 [INFO] CADModel:114 - Register for checkConnection events
2025-10-21 09:47:52,690 [FATAL] Updater:351 - Updater called before beeing initialized
2025-10-21 09:47:52,691 [ERROR] CADModel:125 - Updater not yet initialized, retry later 
2025-10-21 09:47:53,442 [FATAL] Updater:351 - Updater called before beeing initialized
2025-10-21 09:47:53,453 [INFO] CADModel:165 - CPN selected for project level
2025-10-21 09:47:53,454 [INFO] CADModel:114 - Register for checkConnection events
2025-10-21 09:47:53,454 [FATAL] Updater:351 - Updater called before beeing initialized
2025-10-21 09:47:53,455 [ERROR] CADModel:125 - Updater not yet initialized, retry later 
2025-10-21 09:47:53,472 [FATAL] Updater:351 - Updater called before beeing initialized
2025-10-21 09:47:53,943 [FATAL] Updater:351 - Updater called before beeing initialized
2025-10-21 09:47:53,959 [INFO] DbMcusAds:53 - JSON generation date=Thu Oct 02 09:36:05 GMT 2025 (1759397765645)
2025-10-21 09:47:53,960 [FATAL] Updater:351 - Updater called before beeing initialized
2025-10-21 09:47:54,113 [WARN] DetailPanel:346 - Failed to get advertising image, set to default
2025-10-21 09:47:54,443 [FATAL] Updater:351 - Updater called before beeing initialized
2025-10-21 09:47:54,447 [FATAL] Updater:351 - Updater called before beeing initialized
2025-10-21 09:47:54,448 [FATAL] Updater:351 - Updater called before beeing initialized
2025-10-21 09:47:54,448 [WARN] DetailPanel:346 - Failed to get advertising image, set to default
2025-10-21 09:47:54,450 [FATAL] Updater:351 - Updater called before beeing initialized
2025-10-21 09:47:54,549 [ERROR] Updater:1198 - MainUpdater not yet initialized. External WinMGr cannot be set.
2025-10-21 09:47:54,555 [INFO] Updater:1134 - Updater Version found : 6.15.0
2025-10-21 09:47:54,618 [INFO] ApplicationProperties:184 - Using Application install path: /home/traian/st/stm32cubeide_1.19.0/plugins/com.st.stm32cube.common.mx_6.15.0.202507011659
2025-10-21 09:47:55,533 [FATAL] Updater:351 - Updater called before beeing initialized
2025-10-21 09:47:55,535 [ERROR] IntegrityCheckThread:130 - Cannot retrieve database content from updater: error 21
2025-10-21 09:47:55,537 [INFO] ThirdParty:978 - Integrity check success = false
2025-10-21 09:47:55,537 [INFO] IntegrityCheckThread:100 - exiting critical section [integrity check]
2025-10-21 09:47:55,537 [INFO] IntegrityCheckThread:103 - End integrity checks thread
2025-10-21 09:47:55,656 [INFO] MainUpdater:2872 - connection check result : 10
2025-10-21 09:47:55,658 [INFO] MainUpdater:289 - Updater Check For Update Now.
2025-10-21 09:47:55,659 [INFO] MicroXplorer:498 - Change Database Version : DB.6.0.150
2025-10-21 09:47:55,680 [INFO] McuFinderGlobals:63 - Set McuFinder mode to 2 (CubeIDE integrated)
2025-10-21 09:47:55,682 [INFO] UserAuth:487 - Internet connection configuration mode: 1
2025-10-21 09:47:55,747 [INFO] JxBrowserEngine:152 - Initiate JxBrowser Engine with user profile folder
2025-10-21 09:47:56,185 [INFO] CheckServerUpdateThread:120 - End of CheckServer Thread
2025-10-21 09:47:57,742 [INFO] WebApp:169 - Instantiating new browser for Auth
2025-10-21 09:47:59,020 [INFO] WebApp:463 - Apply proxy settings
2025-10-21 09:47:59,021 [INFO] WebApp:548 - Chromium requires no authentication
2025-10-21 09:47:59,039 [INFO] WebApp:491 - Direct internet connection detected
2025-10-21 09:47:59,095 [INFO] WebApp:900 - Register for checkConnection events
2025-10-21 09:47:59,095 [INFO] WebApp:463 - Apply proxy settings
2025-10-21 09:47:59,096 [INFO] WebApp:548 - Chromium requires no authentication
2025-10-21 09:47:59,099 [INFO] WebApp:491 - Direct internet connection detected
2025-10-21 09:47:59,464 [INFO] WebApp:225 - Starting web application
2025-10-21 09:47:59,464 [INFO] WebApp:593 - Web application path used /home/traian/st/stm32cubeide_1.19.0/plugins/com.st.stm32cube.common.mx_6.15.0.202507011659/db/plugins/mcufinder/reactClient1/index.html
2025-10-21 09:47:59,468 [INFO] WebApp:191 - Connection restablished
2025-10-21 09:47:59,861 [INFO] UserAuth:487 - Internet connection configuration mode: 1
2025-10-21 10:47:16,466 [INFO] WebApp:194 - Connection lost
2025-10-21 18:59:16,888 [INFO] Activator:176 - 


2025-10-21 18:59:16,889 [INFO] Activator:177 - !SESSION log4j initialized
2025-10-21 18:59:19,857 [INFO] LogOutputStream:77 - [STDOUT_REDIRECT] 
2025-10-21 18:59:20,319 [INFO] ApplicationProperties:184 - Using Application install path: /home/traian/st/stm32cubeide_1.19.0/plugins/com.st.stm32cube.common.mx_6.15.0.202507011659
2025-10-21 18:59:20,338 [INFO] DbMcusXml:78 - Set database path to: /home/traian/st/stm32cubeide_1.19.0/plugins/com.st.stm32cube.common.mx_6.15.0.202507011659//db//mcu/
2025-10-21 18:59:20,339 [INFO] ApiDb:274 - Set plugin database path to: /home/traian/st/stm32cubeide_1.19.0/plugins/com.st.stm32cube.common.mx_6.15.0.202507011659//db//plugins/boardmanager/
2025-10-21 18:59:20,339 [WARN] ApiDb:259 - Overriding images path with different value:  => /home/traian/st/stm32cubeide_1.19.0/plugins/com.st.stm32cube.common.mx_6.15.0.202507011659//db//plugins/mcufinder/images/
2025-10-21 18:59:20,349 [INFO] ApiDb:250 - Set database path to: /home/traian/.stmcufinder/plugins/mcufinder//mcu/
2025-10-21 18:59:20,351 [INFO] DbMcusAds:125 - Set database path to: /home/traian/.stmcufinder/plugins/mcufinder//mcu/
2025-10-21 18:59:20,354 [INFO] CrossReferenceDbSqlite:203 - Set database path to: /home/traian/.stmcufinder/plugins/mcufinder//mcu/cs/
2025-10-21 18:59:20,432 [INFO] RulesReader:64 - Compatibility file has been processed (317 Rules)
2025-10-21 18:59:20,466 [INFO] DbMcusXml:78 - Set database path to: /home/traian/st/stm32cubeide_1.19.0/plugins/com.st.stm32cube.common.mx_6.15.0.202507011659//db//mcu/
2025-10-21 18:59:20,466 [INFO] ApiDb:274 - Set plugin database path to: /home/traian/st/stm32cubeide_1.19.0/plugins/com.st.stm32cube.common.mx_6.15.0.202507011659//db//plugins/boardmanager/
2025-10-21 18:59:20,466 [INFO] ApiDb:261 - Set plugin images path to: /home/traian/st/stm32cubeide_1.19.0/plugins/com.st.stm32cube.common.mx_6.15.0.202507011659//db//plugins/mcufinder/images/
2025-10-21 18:59:20,466 [WARN] DbFile:41 - Overriding database path with different value: /home/traian/.stmcufinder/plugins/mcufinder/ => /home/traian/.stmcufinder/plugins/mcufinder
2025-10-21 18:59:20,466 [INFO] ApiDb:250 - Set database path to: /home/traian/.stmcufinder/plugins/mcufinder//mcu/
2025-10-21 18:59:20,466 [WARN] DbFile:41 - Overriding database path with different value: /home/traian/.stmcufinder/plugins/mcufinder/ => /home/traian/.stmcufinder/plugins/mcufinder
2025-10-21 18:59:20,466 [INFO] DbMcusAds:125 - Set database path to: /home/traian/.stmcufinder/plugins/mcufinder//mcu/
2025-10-21 18:59:20,467 [WARN] DbFile:41 - Overriding database path with different value: /home/traian/.stmcufinder/plugins/mcufinder/ => /home/traian/.stmcufinder/plugins/mcufinder
2025-10-21 18:59:20,467 [WARN] DbFile:41 - Overriding database path with different value: /home/traian/.stmcufinder/plugins/mcufinder/ => /home/traian/.stmcufinder/plugins/mcufinder
2025-10-21 18:59:20,467 [INFO] CrossReferenceDbSqlite:203 - Set database path to: /home/traian/.stmcufinder/plugins/mcufinder//mcu/cs/
2025-10-21 18:59:20,510 [INFO] MainPanel:274 - HeapMemory: 268435456
2025-10-21 18:59:20,613 [INFO] DbMcusXml:78 - Set database path to: /home/traian/st/stm32cubeide_1.19.0/plugins/com.st.stm32cube.common.mx_6.15.0.202507011659//db//mcu/
2025-10-21 18:59:20,613 [INFO] ApiDb:274 - Set plugin database path to: /home/traian/st/stm32cubeide_1.19.0/plugins/com.st.stm32cube.common.mx_6.15.0.202507011659//db//plugins/boardmanager/
2025-10-21 18:59:20,613 [INFO] ApiDb:261 - Set plugin images path to: /home/traian/st/stm32cubeide_1.19.0/plugins/com.st.stm32cube.common.mx_6.15.0.202507011659//db//plugins/mcufinder/images/
2025-10-21 18:59:20,614 [WARN] DbFile:41 - Overriding database path with different value: /home/traian/.stmcufinder/plugins/mcufinder/ => /home/traian/.stmcufinder/plugins/mcufinder
2025-10-21 18:59:20,614 [INFO] ApiDb:250 - Set database path to: /home/traian/.stmcufinder/plugins/mcufinder//mcu/
2025-10-21 18:59:20,614 [WARN] DbFile:41 - Overriding database path with different value: /home/traian/.stmcufinder/plugins/mcufinder/ => /home/traian/.stmcufinder/plugins/mcufinder
2025-10-21 18:59:20,614 [INFO] DbMcusAds:125 - Set database path to: /home/traian/.stmcufinder/plugins/mcufinder//mcu/
2025-10-21 18:59:20,614 [WARN] DbFile:41 - Overriding database path with different value: /home/traian/.stmcufinder/plugins/mcufinder/ => /home/traian/.stmcufinder/plugins/mcufinder
2025-10-21 18:59:20,614 [WARN] DbFile:41 - Overriding database path with different value: /home/traian/.stmcufinder/plugins/mcufinder/ => /home/traian/.stmcufinder/plugins/mcufinder
2025-10-21 18:59:20,614 [INFO] CrossReferenceDbSqlite:203 - Set database path to: /home/traian/.stmcufinder/plugins/mcufinder//mcu/cs/
2025-10-21 18:59:20,623 [INFO] ApplicationProperties:184 - Using Application install path: /home/traian/st/stm32cubeide_1.19.0/plugins/com.st.stm32cube.common.mx_6.15.0.202507011659
2025-10-21 18:59:20,624 [INFO] PluginManage:196 - Search for loadable plugins [exclusion list=, ]
2025-10-21 18:59:20,625 [INFO] PluginManage:310 - Check plugin analytics
2025-10-21 18:59:20,738 [INFO] AnalyticsPlugin:253 - Accepted Software Licenses: 
2025-10-21 18:59:20,738 [INFO] AnalyticsPlugin:255 - Accepted CMSIS Pack Licenses: 
2025-10-21 18:59:20,739 [INFO] AnalyticsPlugin:257 - Accepted Firmware Licenses: FW.U5.1.8.0
2025-10-21 18:59:20,740 [INFO] PluginManage:359 - Loaded plugin analytics (category:tool,tabindex:-1)
2025-10-21 18:59:20,740 [INFO] PluginManage:310 - Check plugin cadmodel
2025-10-21 18:59:20,743 [INFO] CADModel:105 - Init CAD model plugin
2025-10-21 18:59:20,744 [INFO] PluginManage:359 - Loaded plugin cadmodel (category:power,tabindex:5)
2025-10-21 18:59:20,744 [INFO] PluginManage:310 - Check plugin clock
2025-10-21 18:59:20,749 [INFO] PluginManage:359 - Loaded plugin clock (category:base,tabindex:2)
2025-10-21 18:59:20,749 [INFO] PluginManage:310 - Check plugin ddr
2025-10-21 18:59:20,750 [INFO] PluginManage:359 - Loaded plugin ddr (category:tool,tabindex:6)
2025-10-21 18:59:20,751 [INFO] PluginManage:310 - Check plugin filemanager
2025-10-21 18:59:20,852 [INFO] PluginManage:359 - Loaded plugin filemanager (category:base,tabindex:10)
2025-10-21 18:59:20,853 [INFO] PluginManage:310 - Check plugin ipmanager
2025-10-21 18:59:20,856 [INFO] PluginManage:359 - Loaded plugin ipmanager (category:base,tabindex:5)
2025-10-21 18:59:20,856 [INFO] PluginManage:310 - Check plugin lpbam
2025-10-21 18:59:20,861 [INFO] PluginManage:359 - Loaded plugin lpbam (category:base,tabindex:0)
2025-10-21 18:59:20,862 [INFO] PluginManage:310 - Check plugin memorymap
2025-10-21 18:59:20,869 [INFO] PluginManage:359 - Loaded plugin memorymap (category:base,tabindex:4)
2025-10-21 18:59:20,869 [INFO] PluginManage:310 - Check plugin pinoutandconfiguration
2025-10-21 18:59:20,875 [INFO] PluginManage:359 - Loaded plugin pinoutandconfiguration (category:base,tabindex:1)
2025-10-21 18:59:20,875 [INFO] PluginManage:310 - Check plugin pinoutconfig
2025-10-21 18:59:20,931 [WARN] SupportedApi:132 - Cannot load RTOS API schema: s4s-elt-must-match.1: The content of 'definitions' must match (annotation?, (simpleType | complexType)?, (unique | key | keyref)*)). A problem was found starting at: attribute.
2025-10-21 18:59:21,010 [INFO] PluginManage:359 - Loaded plugin pinoutconfig (category:base,tabindex:0)
2025-10-21 18:59:21,010 [INFO] PluginManage:310 - Check plugin power
2025-10-21 18:59:21,016 [INFO] PluginManage:359 - Loaded plugin power (category:power,tabindex:4)
2025-10-21 18:59:21,016 [INFO] PluginManage:310 - Check plugin projectmanager
2025-10-21 18:59:21,031 [INFO] PluginManage:359 - Loaded plugin projectmanager (category:projectmanager,tabindex:4)
2025-10-21 18:59:21,031 [INFO] PluginManage:310 - Check plugin rif
2025-10-21 18:59:21,041 [INFO] PluginManage:359 - Loaded plugin rif (category:base,tabindex:3)
2025-10-21 18:59:21,041 [INFO] PluginManage:310 - Check plugin thirdparty
2025-10-21 18:59:21,119 [INFO] PluginManage:359 - Loaded plugin thirdparty (category:base,tabindex:-1)
2025-10-21 18:59:21,120 [INFO] PluginManage:310 - Check plugin tools
2025-10-21 18:59:21,119 [WARN] IntegrityCheckThread:84 - waiting for thirdparty lock release [integrity check]
2025-10-21 18:59:21,120 [INFO] IntegrityCheckThread:86 - entering critical section [integrity check]
2025-10-21 18:59:21,120 [INFO] ThirdPartyUpdaterWithRetryManager:70 - Updater plugin not ready yet. [1/15]
2025-10-21 18:59:21,121 [INFO] PluginManage:359 - Loaded plugin tools (category:base,tabindex:7)
2025-10-21 18:59:21,121 [INFO] PluginManage:310 - Check plugin tutovideos
2025-10-21 18:59:21,246 [INFO] PluginManage:359 - Loaded plugin tutovideos (category:base,tabindex:-1)
2025-10-21 18:59:21,246 [INFO] PluginManage:310 - Check plugin updater
2025-10-21 18:59:21,261 [INFO] PluginManage:359 - Loaded plugin updater (category:base,tabindex:12)
2025-10-21 18:59:21,261 [INFO] PluginManage:310 - Check plugin userauth
2025-10-21 18:59:21,264 [INFO] UserAuth:118 - Init User Auth plugin
2025-10-21 18:59:21,264 [INFO] PluginManage:359 - Loaded plugin userauth (category:base,tabindex:14)
2025-10-21 18:59:21,265 [INFO] PluginManage:283 - PluginManage : Loaded plugins [18]
2025-10-21 18:59:21,371 [INFO] PinOutPanel:1589 - setPackage(No Configuration,No Configuration)
2025-10-21 18:59:21,415 [INFO] CADModel:165 - CPN selected for project level
2025-10-21 18:59:21,415 [INFO] CADModel:114 - Register for checkConnection events
2025-10-21 18:59:21,424 [INFO] IPUIPlugin:80 - create IPUIPlugin
2025-10-21 18:59:21,424 [INFO] PluginManager:220 - loadIPPluginJar : add i2c
2025-10-21 18:59:21,425 [INFO] IPUIPlugin:80 - create IPUIPlugin
2025-10-21 18:59:21,425 [INFO] PluginManager:220 - loadIPPluginJar : add i2s
2025-10-21 18:59:21,428 [INFO] IPUIPlugin:80 - create IPUIPlugin
2025-10-21 18:59:21,429 [INFO] PluginManager:220 - loadIPPluginJar : add resmgrutility
2025-10-21 18:59:21,430 [INFO] IPUIPlugin:80 - create IPUIPlugin
2025-10-21 18:59:21,430 [INFO] PluginManager:220 - loadIPPluginJar : add hash
2025-10-21 18:59:21,431 [INFO] IPUIPlugin:80 - create IPUIPlugin
2025-10-21 18:59:21,431 [INFO] PluginManager:220 - loadIPPluginJar : add usbx
2025-10-21 18:59:21,435 [INFO] IPUIPlugin:80 - create IPUIPlugin
2025-10-21 18:59:21,437 [INFO] PluginManager:220 - loadIPPluginJar : add plateformsettings
2025-10-21 18:59:21,438 [INFO] IPUIPlugin:80 - create IPUIPlugin
2025-10-21 18:59:21,438 [INFO] PluginManager:220 - loadIPPluginJar : add dma3
2025-10-21 18:59:21,440 [INFO] IPUIPlugin:80 - create IPUIPlugin
2025-10-21 18:59:21,440 [INFO] PluginManager:220 - loadIPPluginJar : add ddr_ctrl_phy
2025-10-21 18:59:21,441 [INFO] IPUIPlugin:80 - create IPUIPlugin
2025-10-21 18:59:21,441 [INFO] PluginManager:220 - loadIPPluginJar : add quadspi
2025-10-21 18:59:21,442 [INFO] IPUIPlugin:80 - create IPUIPlugin
2025-10-21 18:59:21,442 [INFO] PluginManager:220 - loadIPPluginJar : add ltdc
2025-10-21 18:59:21,443 [INFO] IPUIPlugin:80 - create IPUIPlugin
2025-10-21 18:59:21,443 [INFO] PluginManager:220 - loadIPPluginJar : add opamp
2025-10-21 18:59:21,444 [INFO] IPUIPlugin:80 - create IPUIPlugin
2025-10-21 18:59:21,444 [INFO] PluginManager:220 - loadIPPluginJar : add tim
2025-10-21 18:59:21,446 [INFO] IPUIPlugin:80 - create IPUIPlugin
2025-10-21 18:59:21,446 [INFO] PluginManager:220 - loadIPPluginJar : add ipddr
2025-10-21 18:59:21,447 [INFO] IPUIPlugin:80 - create IPUIPlugin
2025-10-21 18:59:21,447 [INFO] PluginManager:220 - loadIPPluginJar : add fatfs
2025-10-21 18:59:21,450 [INFO] IPUIPlugin:80 - create IPUIPlugin
2025-10-21 18:59:21,451 [INFO] PluginManager:220 - loadIPPluginJar : add adc
2025-10-21 18:59:21,452 [INFO] IPUIPlugin:80 - create IPUIPlugin
2025-10-21 18:59:21,452 [INFO] PluginManager:220 - loadIPPluginJar : add dfsdm
2025-10-21 18:59:21,454 [INFO] IPUIPlugin:80 - create IPUIPlugin
2025-10-21 18:59:21,454 [INFO] PluginManager:220 - loadIPPluginJar : add nvic
2025-10-21 18:59:21,456 [INFO] IPUIPlugin:80 - create IPUIPlugin
2025-10-21 18:59:21,456 [INFO] PluginManager:220 - loadIPPluginJar : add sai
2025-10-21 18:59:21,458 [INFO] IPUIPlugin:80 - create IPUIPlugin
2025-10-21 18:59:21,458 [INFO] PluginManager:220 - loadIPPluginJar : add touchsensing
2025-10-21 18:59:21,459 [INFO] IPUIPlugin:80 - create IPUIPlugin
2025-10-21 18:59:21,459 [INFO] PluginManager:220 - loadIPPluginJar : add comp
2025-10-21 18:59:21,460 [INFO] IPUIPlugin:80 - create IPUIPlugin
2025-10-21 18:59:21,460 [INFO] PluginManager:220 - loadIPPluginJar : add aes
2025-10-21 18:59:21,463 [INFO] IPUIPlugin:80 - create IPUIPlugin
2025-10-21 18:59:21,463 [INFO] PluginManager:220 - loadIPPluginJar : add freertos
2025-10-21 18:59:21,464 [INFO] IPUIPlugin:80 - create IPUIPlugin
2025-10-21 18:59:21,464 [INFO] PluginManager:220 - loadIPPluginJar : add radio
2025-10-21 18:59:21,465 [INFO] IPUIPlugin:80 - create IPUIPlugin
2025-10-21 18:59:21,466 [INFO] PluginManager:220 - loadIPPluginJar : add tracer_emb
2025-10-21 18:59:21,467 [INFO] IPUIPlugin:80 - create IPUIPlugin
2025-10-21 18:59:21,467 [INFO] PluginManager:220 - loadIPPluginJar : add cryp
2025-10-21 18:59:21,468 [INFO] IPUIPlugin:80 - create IPUIPlugin
2025-10-21 18:59:21,468 [INFO] PluginManager:220 - loadIPPluginJar : add can
2025-10-21 18:59:21,472 [INFO] IPUIPlugin:80 - create IPUIPlugin
2025-10-21 18:59:21,472 [INFO] PluginManager:220 - loadIPPluginJar : add mdma
2025-10-21 18:59:21,476 [INFO] IPUIPlugin:80 - create IPUIPlugin
2025-10-21 18:59:21,476 [INFO] PluginManager:220 - loadIPPluginJar : add dma
2025-10-21 18:59:21,480 [INFO] IPUIPlugin:80 - create IPUIPlugin
2025-10-21 18:59:21,480 [INFO] PluginManager:220 - loadIPPluginJar : add linkedlist
2025-10-21 18:59:21,482 [INFO] IPUIPlugin:80 - create IPUIPlugin
2025-10-21 18:59:21,482 [INFO] PluginManager:220 - loadIPPluginJar : add pdm2pcm
2025-10-21 18:59:21,485 [INFO] IPUIPlugin:80 - create IPUIPlugin
2025-10-21 18:59:21,485 [INFO] PluginManager:220 - loadIPPluginJar : add gpio
2025-10-21 18:59:21,486 [INFO] IPUIPlugin:80 - create IPUIPlugin
2025-10-21 18:59:21,486 [INFO] PluginManager:220 - loadIPPluginJar : add extmemmanager
2025-10-21 18:59:21,489 [INFO] IPUIPlugin:80 - create IPUIPlugin
2025-10-21 18:59:21,489 [INFO] PluginManager:220 - loadIPPluginJar : add gic
2025-10-21 18:59:21,490 [INFO] IPUIPlugin:80 - create IPUIPlugin
2025-10-21 18:59:21,491 [INFO] PluginManager:220 - loadIPPluginJar : add lorawan
2025-10-21 18:59:21,491 [INFO] IPUIPlugin:80 - create IPUIPlugin
2025-10-21 18:59:21,491 [INFO] PluginManager:220 - loadIPPluginJar : add tsc
2025-10-21 18:59:21,492 [INFO] IPUIPlugin:80 - create IPUIPlugin
2025-10-21 18:59:21,493 [INFO] PluginManager:220 - loadIPPluginJar : add spi
2025-10-21 18:59:21,496 [INFO] IPUIPlugin:80 - create IPUIPlugin
2025-10-21 18:59:21,496 [INFO] PluginManager:220 - loadIPPluginJar : add stm32_wpan
2025-10-21 18:59:21,497 [INFO] IPUIPlugin:80 - create IPUIPlugin
2025-10-21 18:59:21,497 [INFO] PluginManager:220 - loadIPPluginJar : add openamp
2025-10-21 18:59:21,498 [INFO] IPUIPlugin:80 - create IPUIPlugin
2025-10-21 18:59:21,498 [INFO] PluginManager:220 - loadIPPluginJar : add ts
2025-10-21 18:59:21,500 [INFO] IPUIPlugin:80 - create IPUIPlugin
2025-10-21 18:59:21,500 [INFO] PluginManager:220 - loadIPPluginJar : add gtzc
2025-10-21 18:59:21,501 [INFO] IPUIPlugin:80 - create IPUIPlugin
2025-10-21 18:59:21,501 [INFO] PluginManager:220 - loadIPPluginJar : add i3c
2025-10-21 18:59:21,502 [INFO] IPUIPlugin:80 - create IPUIPlugin
2025-10-21 18:59:21,502 [INFO] PluginManager:220 - loadIPPluginJar : add genericplugin
2025-10-21 18:59:21,503 [INFO] IPUIPlugin:80 - create IPUIPlugin
2025-10-21 18:59:21,503 [INFO] PluginManager:220 - loadIPPluginJar : add gfxmmu
2025-10-21 18:59:21,504 [INFO] IPUIPlugin:80 - create IPUIPlugin
2025-10-21 18:59:21,504 [INFO] PluginManager:220 - loadIPPluginJar : add usart
2025-10-21 18:59:21,505 [INFO] IPUIPlugin:80 - create IPUIPlugin
2025-10-21 18:59:21,505 [INFO] PluginManager:220 - loadIPPluginJar : add ucpd
2025-10-21 18:59:21,507 [INFO] IPUIPlugin:80 - create IPUIPlugin
2025-10-21 18:59:21,508 [INFO] PluginManager:220 - loadIPPluginJar : add fmc
2025-10-21 18:59:21,600 [FATAL] Updater:351 - Updater called before beeing initialized
2025-10-21 18:59:21,657 [INFO] RulesReader:64 - Compatibility file has been processed (317 Rules)
2025-10-21 18:59:21,675 [INFO] RulesReader:64 - Compatibility file has been processed (317 Rules)
2025-10-21 18:59:21,684 [INFO] CADModel:165 - CPN selected for project level
2025-10-21 18:59:21,684 [INFO] CADModel:114 - Register for checkConnection events
2025-10-21 18:59:21,685 [FATAL] Updater:351 - Updater called before beeing initialized
2025-10-21 18:59:21,685 [ERROR] CADModel:125 - Updater not yet initialized, retry later 
2025-10-21 18:59:21,786 [FATAL] Updater:351 - Updater called before beeing initialized
2025-10-21 18:59:21,788 [INFO] CADModel:165 - CPN selected for project level
2025-10-21 18:59:21,788 [INFO] CADModel:114 - Register for checkConnection events
2025-10-21 18:59:21,788 [FATAL] Updater:351 - Updater called before beeing initialized
2025-10-21 18:59:21,788 [ERROR] CADModel:125 - Updater not yet initialized, retry later 
2025-10-21 18:59:21,790 [FATAL] Updater:351 - Updater called before beeing initialized
2025-10-21 18:59:21,835 [FATAL] Updater:351 - Updater called before beeing initialized
2025-10-21 18:59:21,838 [INFO] DbMcusAds:53 - JSON generation date=Thu Oct 02 09:36:05 GMT 2025 (1759397765645)
2025-10-21 18:59:21,838 [FATAL] Updater:351 - Updater called before beeing initialized
2025-10-21 18:59:21,859 [WARN] DetailPanel:346 - Failed to get advertising image, set to default
2025-10-21 18:59:21,905 [FATAL] Updater:351 - Updater called before beeing initialized
2025-10-21 18:59:21,906 [FATAL] Updater:351 - Updater called before beeing initialized
2025-10-21 18:59:21,906 [FATAL] Updater:351 - Updater called before beeing initialized
2025-10-21 18:59:21,906 [WARN] DetailPanel:346 - Failed to get advertising image, set to default
2025-10-21 18:59:21,907 [FATAL] Updater:351 - Updater called before beeing initialized
2025-10-21 18:59:21,925 [ERROR] Updater:1198 - MainUpdater not yet initialized. External WinMGr cannot be set.
2025-10-21 18:59:21,926 [INFO] Updater:1134 - Updater Version found : 6.15.0
2025-10-21 18:59:21,940 [INFO] ApplicationProperties:184 - Using Application install path: /home/traian/st/stm32cubeide_1.19.0/plugins/com.st.stm32cube.common.mx_6.15.0.202507011659
2025-10-21 18:59:22,285 [INFO] MainUpdater:2872 - connection check result : 10
2025-10-21 18:59:22,286 [INFO] MainUpdater:289 - Updater Check For Update Now.
2025-10-21 18:59:22,286 [INFO] MicroXplorer:498 - Change Database Version : DB.6.0.150
2025-10-21 18:59:22,293 [INFO] McuFinderGlobals:63 - Set McuFinder mode to 2 (CubeIDE integrated)
2025-10-21 18:59:22,295 [INFO] UserAuth:487 - Internet connection configuration mode: 1
2025-10-21 18:59:22,355 [INFO] JxBrowserEngine:152 - Initiate JxBrowser Engine with user profile folder
2025-10-21 18:59:22,500 [INFO] CheckServerUpdateThread:120 - End of CheckServer Thread
2025-10-21 18:59:23,254 [INFO] WebApp:169 - Instantiating new browser for Auth
2025-10-21 18:59:23,816 [INFO] WebApp:463 - Apply proxy settings
2025-10-21 18:59:23,816 [INFO] WebApp:548 - Chromium requires no authentication
2025-10-21 18:59:23,824 [INFO] WebApp:491 - Direct internet connection detected
2025-10-21 18:59:23,837 [INFO] WebApp:900 - Register for checkConnection events
2025-10-21 18:59:23,838 [INFO] WebApp:463 - Apply proxy settings
2025-10-21 18:59:23,838 [INFO] WebApp:548 - Chromium requires no authentication
2025-10-21 18:59:23,838 [INFO] WebApp:491 - Direct internet connection detected
2025-10-21 18:59:23,929 [INFO] WebApp:225 - Starting web application
2025-10-21 18:59:23,929 [INFO] WebApp:593 - Web application path used /home/traian/st/stm32cubeide_1.19.0/plugins/com.st.stm32cube.common.mx_6.15.0.202507011659/db/plugins/mcufinder/reactClient1/index.html
2025-10-21 18:59:24,006 [INFO] UserAuth:487 - Internet connection configuration mode: 1
2025-10-21 18:59:24,180 [WARN] PackLoader:240 - Cannot read IP mode file for STMicroelectronics.FP-SNS-MOTENVWB1.1.4.0
2025-10-21 18:59:24,184 [WARN] PackLoader:240 - Cannot read IP mode file for STMicroelectronics.FP-ATR-ASTRA1.2.0.2
2025-10-21 18:59:24,188 [WARN] PackLoader:240 - Cannot read IP mode file for STMicroelectronics.X-CUBE-SMBUS.2.1.0
2025-10-21 18:59:24,190 [WARN] PackLoader:240 - Cannot read IP mode file for STMicroelectronics.X-CUBE-ST60.1.0.0
2025-10-21 18:59:24,206 [WARN] PackLoader:240 - Cannot read IP mode file for STMicroelectronics.X-CUBE-AZRTOS-F7.1.1.0
2025-10-21 18:59:24,213 [WARN] PackLoader:240 - Cannot read IP mode file for Cesanta.I-CUBE-Mongoose.7.19.0
2025-10-21 18:59:24,216 [WARN] PackLoader:240 - Cannot read IP mode file for WES.I-CUBE-Cesium.1.4.0
2025-10-21 18:59:24,226 [WARN] PackLoader:240 - Cannot read IP mode file for Infineon.AIROC-Wi-Fi-Bluetooth-STM32.1.7.1
2025-10-21 18:59:24,240 [WARN] PackLoader:240 - Cannot read IP mode file for STMicroelectronics.X-CUBE-AZRTOS-H7.3.4.0
2025-10-21 18:59:24,256 [WARN] PackLoader:240 - Cannot read IP mode file for STMicroelectronics.X-CUBE-DISPLAY.3.0.0
2025-10-21 18:59:24,264 [WARN] PackLoader:240 - Cannot read IP mode file for STMicroelectronics.X-CUBE-NFC10.1.0.0
2025-10-21 18:59:24,268 [WARN] PackLoader:240 - Cannot read IP mode file for STMicroelectronics.X-CUBE-ST60.1.1.0
2025-10-21 18:59:24,273 [WARN] PackLoader:240 - Cannot read IP mode file for emotas.I-CUBE-CANOPEN.1.3.0
2025-10-21 18:59:24,277 [WARN] PackLoader:240 - Cannot read IP mode file for STMicroelectronics.FP-SNS-STBOX1.2.1.0
2025-10-21 18:59:24,282 [WARN] PackLoader:240 - Cannot read IP mode file for STMicroelectronics.FP-SNS-SMARTAG2.1.2.0
2025-10-21 18:59:24,300 [WARN] PackLoader:240 - Cannot read IP mode file for STMicroelectronics.FP-SNS-FLIGHT1.5.1.0
2025-10-21 18:59:24,306 [INFO] LogOutputStream:77 - [STDOUT_REDIRECT] 1 : Invalid condition id : UX_CORESTACK_Condition cause : null
2025-10-21 18:59:24,307 [INFO] LogOutputStream:77 - [STDOUT_REDIRECT] 1 : Invalid condition id : UX_CORESTACK_Condition cause : null
2025-10-21 18:59:24,307 [INFO] LogOutputStream:77 - [STDOUT_REDIRECT] 1 : Invalid condition id : UX_CORESTACK_Condition cause : null
2025-10-21 18:59:24,307 [INFO] LogOutputStream:77 - [STDOUT_REDIRECT] 1 : Invalid condition id : UX_CORESTACK_Condition cause : null
2025-10-21 18:59:24,307 [INFO] LogOutputStream:77 - [STDOUT_REDIRECT] 1 : Invalid condition id : UX_CORESTACK_Condition cause : null
2025-10-21 18:59:24,310 [WARN] PackLoader:240 - Cannot read IP mode file for STMicroelectronics.X-CUBE-AZRTOS-WL.2.0.0
2025-10-21 18:59:24,314 [WARN] PackLoader:240 - Cannot read IP mode file for STMicroelectronics.FP-SNS-MOTENV1.5.0.0
2025-10-21 18:59:24,321 [WARN] PackLoader:240 - Cannot read IP mode file for STMicroelectronics.X-CUBE-BLE2.3.3.0
2025-10-21 18:59:24,323 [INFO] WebApp:191 - Connection restablished
2025-10-21 18:59:24,329 [WARN] PackLoader:240 - Cannot read IP mode file for STMicroelectronics.X-CUBE-NFC9.1.0.0
2025-10-21 18:59:24,335 [WARN] PackLoader:240 - Cannot read IP mode file for wolfSSL.I-CUBE-wolfSSL.5.8.2
2025-10-21 18:59:24,339 [WARN] PackLoader:240 - Cannot read IP mode file for STMicroelectronics.X-CUBE-BLE1.7.1.0
2025-10-21 18:59:24,342 [WARN] PackLoader:240 - Cannot read IP mode file for wolfSSL.I-CUBE-wolfMQTT.1.19.2
2025-10-21 18:59:24,347 [WARN] PackLoader:240 - Cannot read IP mode file for STMicroelectronics.X-CUBE-EEPRMA1.5.2.0
2025-10-21 18:59:24,353 [WARN] PackLoader:240 - Cannot read IP mode file for STMicroelectronics.X-CUBE-ST67W61.1.1.0
2025-10-21 18:59:24,361 [WARN] PackLoader:240 - Cannot read IP mode file for STMicroelectronics.X-CUBE-AZRTOS-G0.1.1.0
2025-10-21 18:59:24,367 [WARN] PackLoader:240 - Cannot read IP mode file for STMicroelectronics.X-CUBE-SAFEA1.1.2.2
2025-10-21 18:59:24,372 [WARN] PackLoader:240 - Cannot read IP mode file for STMicroelectronics.X-CUBE-NFC4.3.0.0
2025-10-21 18:59:24,376 [WARN] PackLoader:240 - Cannot read IP mode file for EmbeddedOffice.I-CUBE-FS-RTOS.1.0.1
2025-10-21 18:59:24,379 [WARN] PackLoader:240 - Cannot read IP mode file for STMicroelectronics.X-CUBE-WB05N.2.0.0
2025-10-21 18:59:24,382 [WARN] PackLoader:240 - Cannot read IP mode file for wolfSSL.I-CUBE-wolfTPM.3.8.0
2025-10-21 18:59:24,386 [WARN] PackLoader:240 - Cannot read IP mode file for STMicroelectronics.X-CUBE-TCPP.4.2.0
2025-10-21 18:59:24,389 [WARN] PackLoader:240 - Cannot read IP mode file for RealThread.X-CUBE-RT-Thread_Nano.4.1.1
2025-10-21 18:59:24,391 [WARN] PackLoader:240 - Cannot read IP mode file for STMicroelectronics.FP-ATR-SIGFOX1.3.2.0
2025-10-21 18:59:24,395 [WARN] PackLoader:240 - Cannot read IP mode file for ITTIA_DB.I-CUBE-ITTIADB.8.9.0
2025-10-21 18:59:24,398 [WARN] PackLoader:240 - Cannot read IP mode file for STMicroelectronics.X-CUBE-ST67W61.1.0.0
2025-10-21 18:59:24,400 [WARN] PackLoader:240 - Cannot read IP mode file for STMicroelectronics.X-CUBE-AI.10.2.0
2025-10-21 18:59:24,411 [WARN] PackLoader:240 - Cannot read IP mode file for SEGGER.I-CUBE-embOS.1.3.1
2025-10-21 18:59:24,430 [WARN] PackLoader:240 - Cannot read IP mode file for STMicroelectronics.X-CUBE-ALGOBUILD.1.4.0
2025-10-21 18:59:24,455 [WARN] PackLoader:240 - Cannot read IP mode file for STMicroelectronics.X-CUBE-MEMS1.11.3.0
2025-10-21 18:59:24,502 [WARN] PackLoader:240 - Cannot read IP mode file for STMicroelectronics.X-CUBE-PM33A1.1.0.0
2025-10-21 18:59:24,510 [WARN] PackLoader:240 - Cannot read IP mode file for STMicroelectronics.X-CUBE-AZRTOS-F4.1.1.0
2025-10-21 18:59:24,513 [WARN] PackLoader:240 - Cannot read IP mode file for STMicroelectronics.X-CUBE-ISPU.2.1.0
2025-10-21 18:59:24,519 [WARN] PackLoader:240 - Cannot read IP mode file for STMicroelectronics.X-CUBE-IPS.3.2.0
2025-10-21 18:59:24,532 [WARN] PackLoader:240 - Cannot read IP mode file for STMicroelectronics.X-CUBE-NFC12.1.0.0
2025-10-21 18:59:24,540 [WARN] PackLoader:240 - Cannot read IP mode file for STMicroelectronics.X-CUBE-AZRTOS-L5.2.0.0
2025-10-21 18:59:24,544 [WARN] PackLoader:240 - Cannot read IP mode file for STMicroelectronics.X-CUBE-NFC6.3.1.0
2025-10-21 18:59:24,548 [WARN] PackLoader:240 - Cannot read IP mode file for STMicroelectronics.X-CUBE-FREERTOS.1.3.1
2025-10-21 18:59:24,551 [WARN] PackLoader:240 - Cannot read IP mode file for STMicroelectronics.X-CUBE-TOUCHGFX.4.26.0
2025-10-21 18:59:24,553 [WARN] PackLoader:240 - Cannot read IP mode file for STMicroelectronics.FP-SNS-STAIOTCFT.1.0.0
2025-10-21 18:59:24,555 [WARN] PackLoader:240 - Cannot read IP mode file for STMicroelectronics.X-CUBE-DPower.1.3.0
2025-10-21 18:59:24,563 [WARN] ConditionMgr:438 - getConditionDescription Invalid condition id : LAN8742 Phy interface Condition cause : null
2025-10-21 18:59:24,564 [WARN] PackLoader:240 - Cannot read IP mode file for STMicroelectronics.X-CUBE-AZRTOS-L4.2.0.0
2025-10-21 18:59:24,564 [WARN] ConditionMgr:1044 - genDependencies : Invalid condition id : LAN8742 Phy interface Condition cause : null
2025-10-21 18:59:24,564 [WARN] ConditionMgr:1044 - genDependencies : Invalid condition id : LAN8742 Phy interface Condition cause : null
2025-10-21 18:59:24,564 [WARN] ConditionMgr:1044 - genDependencies : Invalid condition id : LAN8742 Phy interface Condition cause : null
2025-10-21 18:59:24,568 [WARN] PackLoader:240 - Cannot read IP mode file for STMicroelectronics.X-CUBE-SFXS2LP1.4.0.0
2025-10-21 18:59:24,574 [WARN] PackLoader:240 - Cannot read IP mode file for STMicroelectronics.X-CUBE-BLEMGR.4.1.0
2025-10-21 18:59:24,580 [WARN] ConditionMgr:438 - getConditionDescription Invalid condition id : UX DEVICE CLASS RTOS Condition cause : null
2025-10-21 18:59:24,581 [WARN] ConditionMgr:438 - getConditionDescription Invalid condition id : UX DEVICE CLASS RTOS Condition cause : null
2025-10-21 18:59:24,581 [WARN] PackLoader:240 - Cannot read IP mode file for STMicroelectronics.X-CUBE-AZRTOS-WB.2.0.0
2025-10-21 18:59:24,582 [WARN] ConditionMgr:1044 - genDependencies : Invalid condition id : UX DEVICE CLASS RTOS Condition cause : null
2025-10-21 18:59:24,582 [WARN] ConditionMgr:1044 - genDependencies : Invalid condition id : UX DEVICE CLASS RTOS Condition cause : null
2025-10-21 18:59:24,582 [WARN] ConditionMgr:1044 - genDependencies : Invalid condition id : UX DEVICE CLASS RTOS Condition cause : null
2025-10-21 18:59:24,582 [WARN] ConditionMgr:1044 - genDependencies : Invalid condition id : UX DEVICE CLASS RTOS Condition cause : null
2025-10-21 18:59:24,582 [WARN] ConditionMgr:1044 - genDependencies : Invalid condition id : UX DEVICE CLASS RTOS Condition cause : null
2025-10-21 18:59:24,584 [WARN] PackLoader:240 - Cannot read IP mode file for STMicroelectronics.X-CUBE-GNSS1.7.0.1
2025-10-21 18:59:24,586 [WARN] ConditionMgr:438 - getConditionDescription Invalid condition id : Cortex-A Device cause : null
2025-10-21 18:59:24,593 [WARN] ConditionMgr:1044 - genDependencies : Invalid condition id : Cortex-A Device cause : null
2025-10-21 18:59:24,593 [WARN] ConditionMgr:1044 - genDependencies : Invalid condition id : Cortex-A Device cause : null
2025-10-21 18:59:24,593 [WARN] ConditionMgr:1044 - genDependencies : Invalid condition id : Cortex-A Device cause : null
2025-10-21 18:59:24,600 [WARN] PackLoader:240 - Cannot read IP mode file for STMicroelectronics.X-CUBE-SUBG2.5.0.0
2025-10-21 18:59:24,615 [WARN] PackLoader:240 - Cannot read IP mode file for STMicroelectronics.X-CUBE-AZRTOS-H7RS.1.1.0
2025-10-21 18:59:24,626 [WARN] PackLoader:240 - Cannot read IP mode file for STMicroelectronics.X-CUBE-AZRTOS-G4.2.0.0
2025-10-21 18:59:24,631 [WARN] PackLoader:240 - Cannot read IP mode file for wolfSSL.I-CUBE-wolfSSH.1.4.20
2025-10-21 18:59:24,634 [WARN] PackLoader:240 - Cannot read IP mode file for STMicroelectronics.X-CUBE-NFC7.2.0.0
2025-10-21 18:59:24,641 [WARN] PackLoader:240 - Cannot read IP mode file for STMicroelectronics.X-CUBE-IPS.3.1.0
2025-10-21 18:59:24,649 [WARN] PackLoader:240 - Cannot read IP mode file for STMicroelectronics.X-CUBE-ALS.1.0.2
2025-10-21 18:59:24,653 [WARN] PackLoader:240 - Cannot read IP mode file for STMicroelectronics.X-CUBE-STSE01.1.0.0
2025-10-21 18:59:24,660 [WARN] PackLoader:240 - Cannot read IP mode file for STMicroelectronics.X-CUBE-TOF1.3.4.3
2025-10-21 18:59:24,669 [INFO] ThirdParty:978 - Integrity check success = true
2025-10-21 18:59:24,670 [INFO] IntegrityCheckThread:100 - exiting critical section [integrity check]
2025-10-21 18:59:24,670 [INFO] IntegrityCheckThread:103 - End integrity checks thread
2025-10-21 22:30:58,052 [ERROR] LogOutputStream:75 - [STDERR_REDIRECT] 
