2026-01-18 13:04:22,435 [INFO] Activator:176 - 


2026-01-18 13:04:22,437 [INFO] Activator:177 - !SESSION log4j initialized
2026-01-18 13:04:25,351 [INFO] LogOutputStream:77 - [STDOUT_REDIRECT] 
2026-01-18 13:04:25,759 [INFO] ApplicationProperties:184 - Using Application install path: /home/traian/st/stm32cubeide_1.19.0/plugins/com.st.stm32cube.common.mx_6.15.0.202507011659
2026-01-18 13:04:25,772 [INFO] DbMcusXml:78 - Set database path to: /home/traian/st/stm32cubeide_1.19.0/plugins/com.st.stm32cube.common.mx_6.15.0.202507011659//db//mcu/
2026-01-18 13:04:25,772 [INFO] ApiDb:274 - Set plugin database path to: /home/traian/st/stm32cubeide_1.19.0/plugins/com.st.stm32cube.common.mx_6.15.0.202507011659//db//plugins/boardmanager/
2026-01-18 13:04:25,772 [WARN] ApiDb:259 - Overriding images path with different value:  => /home/traian/st/stm32cubeide_1.19.0/plugins/com.st.stm32cube.common.mx_6.15.0.202507011659//db//plugins/mcufinder/images/
2026-01-18 13:04:25,779 [INFO] ApiDb:250 - Set database path to: /home/traian/.stmcufinder/plugins/mcufinder//mcu/
2026-01-18 13:04:25,780 [INFO] DbMcusAds:125 - Set database path to: /home/traian/.stmcufinder/plugins/mcufinder//mcu/
2026-01-18 13:04:25,782 [INFO] CrossReferenceDbSqlite:203 - Set database path to: /home/traian/.stmcufinder/plugins/mcufinder//mcu/cs/
2026-01-18 13:04:25,853 [INFO] RulesReader:64 - Compatibility file has been processed (317 Rules)
2026-01-18 13:04:25,888 [INFO] DbMcusXml:78 - Set database path to: /home/traian/st/stm32cubeide_1.19.0/plugins/com.st.stm32cube.common.mx_6.15.0.202507011659//db//mcu/
2026-01-18 13:04:25,889 [INFO] ApiDb:274 - Set plugin database path to: /home/traian/st/stm32cubeide_1.19.0/plugins/com.st.stm32cube.common.mx_6.15.0.202507011659//db//plugins/boardmanager/
2026-01-18 13:04:25,889 [INFO] ApiDb:261 - Set plugin images path to: /home/traian/st/stm32cubeide_1.19.0/plugins/com.st.stm32cube.common.mx_6.15.0.202507011659//db//plugins/mcufinder/images/
2026-01-18 13:04:25,889 [WARN] DbFile:41 - Overriding database path with different value: /home/traian/.stmcufinder/plugins/mcufinder/ => /home/traian/.stmcufinder/plugins/mcufinder
2026-01-18 13:04:25,889 [INFO] ApiDb:250 - Set database path to: /home/traian/.stmcufinder/plugins/mcufinder//mcu/
2026-01-18 13:04:25,889 [WARN] DbFile:41 - Overriding database path with different value: /home/traian/.stmcufinder/plugins/mcufinder/ => /home/traian/.stmcufinder/plugins/mcufinder
2026-01-18 13:04:25,889 [INFO] DbMcusAds:125 - Set database path to: /home/traian/.stmcufinder/plugins/mcufinder//mcu/
2026-01-18 13:04:25,889 [WARN] DbFile:41 - Overriding database path with different value: /home/traian/.stmcufinder/plugins/mcufinder/ => /home/traian/.stmcufinder/plugins/mcufinder
2026-01-18 13:04:25,889 [WARN] DbFile:41 - Overriding database path with different value: /home/traian/.stmcufinder/plugins/mcufinder/ => /home/traian/.stmcufinder/plugins/mcufinder
2026-01-18 13:04:25,889 [INFO] CrossReferenceDbSqlite:203 - Set database path to: /home/traian/.stmcufinder/plugins/mcufinder//mcu/cs/
2026-01-18 13:04:25,927 [INFO] MainPanel:274 - HeapMemory: 268435456
2026-01-18 13:04:26,054 [INFO] DbMcusXml:78 - Set database path to: /home/traian/st/stm32cubeide_1.19.0/plugins/com.st.stm32cube.common.mx_6.15.0.202507011659//db//mcu/
2026-01-18 13:04:26,054 [INFO] ApiDb:274 - Set plugin database path to: /home/traian/st/stm32cubeide_1.19.0/plugins/com.st.stm32cube.common.mx_6.15.0.202507011659//db//plugins/boardmanager/
2026-01-18 13:04:26,054 [INFO] ApiDb:261 - Set plugin images path to: /home/traian/st/stm32cubeide_1.19.0/plugins/com.st.stm32cube.common.mx_6.15.0.202507011659//db//plugins/mcufinder/images/
2026-01-18 13:04:26,054 [WARN] DbFile:41 - Overriding database path with different value: /home/traian/.stmcufinder/plugins/mcufinder/ => /home/traian/.stmcufinder/plugins/mcufinder
2026-01-18 13:04:26,054 [INFO] ApiDb:250 - Set database path to: /home/traian/.stmcufinder/plugins/mcufinder//mcu/
2026-01-18 13:04:26,054 [WARN] DbFile:41 - Overriding database path with different value: /home/traian/.stmcufinder/plugins/mcufinder/ => /home/traian/.stmcufinder/plugins/mcufinder
2026-01-18 13:04:26,055 [INFO] DbMcusAds:125 - Set database path to: /home/traian/.stmcufinder/plugins/mcufinder//mcu/
2026-01-18 13:04:26,055 [WARN] DbFile:41 - Overriding database path with different value: /home/traian/.stmcufinder/plugins/mcufinder/ => /home/traian/.stmcufinder/plugins/mcufinder
2026-01-18 13:04:26,055 [WARN] DbFile:41 - Overriding database path with different value: /home/traian/.stmcufinder/plugins/mcufinder/ => /home/traian/.stmcufinder/plugins/mcufinder
2026-01-18 13:04:26,055 [INFO] CrossReferenceDbSqlite:203 - Set database path to: /home/traian/.stmcufinder/plugins/mcufinder//mcu/cs/
2026-01-18 13:04:26,063 [INFO] ApplicationProperties:184 - Using Application install path: /home/traian/st/stm32cubeide_1.19.0/plugins/com.st.stm32cube.common.mx_6.15.0.202507011659
2026-01-18 13:04:26,064 [INFO] PluginManage:196 - Search for loadable plugins [exclusion list=, ]
2026-01-18 13:04:26,065 [INFO] PluginManage:310 - Check plugin analytics
2026-01-18 13:04:26,154 [INFO] AnalyticsPlugin:253 - Accepted Software Licenses: 
2026-01-18 13:04:26,154 [INFO] AnalyticsPlugin:255 - Accepted CMSIS Pack Licenses: 
2026-01-18 13:04:26,154 [INFO] AnalyticsPlugin:257 - Accepted Firmware Licenses: FW.U5.1.8.0
2026-01-18 13:04:26,155 [INFO] PluginManage:359 - Loaded plugin analytics (category:tool,tabindex:-1)
2026-01-18 13:04:26,155 [INFO] PluginManage:310 - Check plugin cadmodel
2026-01-18 13:04:26,159 [INFO] CADModel:105 - Init CAD model plugin
2026-01-18 13:04:26,159 [INFO] PluginManage:359 - Loaded plugin cadmodel (category:power,tabindex:5)
2026-01-18 13:04:26,159 [INFO] PluginManage:310 - Check plugin clock
2026-01-18 13:04:26,165 [INFO] PluginManage:359 - Loaded plugin clock (category:base,tabindex:2)
2026-01-18 13:04:26,165 [INFO] PluginManage:310 - Check plugin ddr
2026-01-18 13:04:26,166 [INFO] PluginManage:359 - Loaded plugin ddr (category:tool,tabindex:6)
2026-01-18 13:04:26,166 [INFO] PluginManage:310 - Check plugin filemanager
2026-01-18 13:04:26,258 [INFO] PluginManage:359 - Loaded plugin filemanager (category:base,tabindex:10)
2026-01-18 13:04:26,258 [INFO] PluginManage:310 - Check plugin ipmanager
2026-01-18 13:04:26,262 [INFO] PluginManage:359 - Loaded plugin ipmanager (category:base,tabindex:5)
2026-01-18 13:04:26,262 [INFO] PluginManage:310 - Check plugin lpbam
2026-01-18 13:04:26,268 [INFO] PluginManage:359 - Loaded plugin lpbam (category:base,tabindex:0)
2026-01-18 13:04:26,268 [INFO] PluginManage:310 - Check plugin memorymap
2026-01-18 13:04:26,275 [INFO] PluginManage:359 - Loaded plugin memorymap (category:base,tabindex:4)
2026-01-18 13:04:26,275 [INFO] PluginManage:310 - Check plugin pinoutandconfiguration
2026-01-18 13:04:26,280 [INFO] PluginManage:359 - Loaded plugin pinoutandconfiguration (category:base,tabindex:1)
2026-01-18 13:04:26,280 [INFO] PluginManage:310 - Check plugin pinoutconfig
2026-01-18 13:04:26,335 [WARN] SupportedApi:132 - Cannot load RTOS API schema: s4s-elt-must-match.1: The content of 'definitions' must match (annotation?, (simpleType | complexType)?, (unique | key | keyref)*)). A problem was found starting at: attribute.
2026-01-18 13:04:26,404 [INFO] PluginManage:359 - Loaded plugin pinoutconfig (category:base,tabindex:0)
2026-01-18 13:04:26,404 [INFO] PluginManage:310 - Check plugin power
2026-01-18 13:04:26,409 [INFO] PluginManage:359 - Loaded plugin power (category:power,tabindex:4)
2026-01-18 13:04:26,409 [INFO] PluginManage:310 - Check plugin projectmanager
2026-01-18 13:04:26,417 [INFO] PluginManage:359 - Loaded plugin projectmanager (category:projectmanager,tabindex:4)
2026-01-18 13:04:26,418 [INFO] PluginManage:310 - Check plugin rif
2026-01-18 13:04:26,423 [INFO] PluginManage:359 - Loaded plugin rif (category:base,tabindex:3)
2026-01-18 13:04:26,424 [INFO] PluginManage:310 - Check plugin thirdparty
2026-01-18 13:04:26,484 [INFO] PluginManage:359 - Loaded plugin thirdparty (category:base,tabindex:-1)
2026-01-18 13:04:26,484 [INFO] PluginManage:310 - Check plugin tools
2026-01-18 13:04:26,484 [WARN] IntegrityCheckThread:84 - waiting for thirdparty lock release [integrity check]
2026-01-18 13:04:26,484 [INFO] IntegrityCheckThread:86 - entering critical section [integrity check]
2026-01-18 13:04:26,484 [INFO] ThirdPartyUpdaterWithRetryManager:70 - Updater plugin not ready yet. [1/15]
2026-01-18 13:04:26,485 [INFO] PluginManage:359 - Loaded plugin tools (category:base,tabindex:7)
2026-01-18 13:04:26,485 [INFO] PluginManage:310 - Check plugin tutovideos
2026-01-18 13:04:26,608 [INFO] PluginManage:359 - Loaded plugin tutovideos (category:base,tabindex:-1)
2026-01-18 13:04:26,608 [INFO] PluginManage:310 - Check plugin updater
2026-01-18 13:04:26,625 [INFO] PluginManage:359 - Loaded plugin updater (category:base,tabindex:12)
2026-01-18 13:04:26,625 [INFO] PluginManage:310 - Check plugin userauth
2026-01-18 13:04:26,627 [INFO] UserAuth:118 - Init User Auth plugin
2026-01-18 13:04:26,627 [INFO] PluginManage:359 - Loaded plugin userauth (category:base,tabindex:14)
2026-01-18 13:04:26,628 [INFO] PluginManage:283 - PluginManage : Loaded plugins [18]
2026-01-18 13:04:26,728 [INFO] PinOutPanel:1589 - setPackage(No Configuration,No Configuration)
2026-01-18 13:04:26,772 [INFO] CADModel:165 - CPN selected for project level
2026-01-18 13:04:26,772 [INFO] CADModel:114 - Register for checkConnection events
2026-01-18 13:04:26,785 [INFO] IPUIPlugin:80 - create IPUIPlugin
2026-01-18 13:04:26,785 [INFO] PluginManager:220 - loadIPPluginJar : add i2c
2026-01-18 13:04:26,787 [INFO] IPUIPlugin:80 - create IPUIPlugin
2026-01-18 13:04:26,787 [INFO] PluginManager:220 - loadIPPluginJar : add i2s
2026-01-18 13:04:26,792 [INFO] IPUIPlugin:80 - create IPUIPlugin
2026-01-18 13:04:26,792 [INFO] PluginManager:220 - loadIPPluginJar : add resmgrutility
2026-01-18 13:04:26,794 [INFO] IPUIPlugin:80 - create IPUIPlugin
2026-01-18 13:04:26,794 [INFO] PluginManager:220 - loadIPPluginJar : add hash
2026-01-18 13:04:26,796 [INFO] IPUIPlugin:80 - create IPUIPlugin
2026-01-18 13:04:26,796 [INFO] PluginManager:220 - loadIPPluginJar : add usbx
2026-01-18 13:04:26,800 [INFO] IPUIPlugin:80 - create IPUIPlugin
2026-01-18 13:04:26,802 [INFO] PluginManager:220 - loadIPPluginJar : add plateformsettings
2026-01-18 13:04:26,803 [INFO] IPUIPlugin:80 - create IPUIPlugin
2026-01-18 13:04:26,804 [INFO] PluginManager:220 - loadIPPluginJar : add dma3
2026-01-18 13:04:26,807 [INFO] IPUIPlugin:80 - create IPUIPlugin
2026-01-18 13:04:26,807 [INFO] PluginManager:220 - loadIPPluginJar : add ddr_ctrl_phy
2026-01-18 13:04:26,808 [INFO] IPUIPlugin:80 - create IPUIPlugin
2026-01-18 13:04:26,808 [INFO] PluginManager:220 - loadIPPluginJar : add quadspi
2026-01-18 13:04:26,809 [INFO] IPUIPlugin:80 - create IPUIPlugin
2026-01-18 13:04:26,809 [INFO] PluginManager:220 - loadIPPluginJar : add ltdc
2026-01-18 13:04:26,811 [INFO] IPUIPlugin:80 - create IPUIPlugin
2026-01-18 13:04:26,812 [INFO] PluginManager:220 - loadIPPluginJar : add opamp
2026-01-18 13:04:26,813 [INFO] IPUIPlugin:80 - create IPUIPlugin
2026-01-18 13:04:26,813 [INFO] PluginManager:220 - loadIPPluginJar : add tim
2026-01-18 13:04:26,816 [INFO] IPUIPlugin:80 - create IPUIPlugin
2026-01-18 13:04:26,816 [INFO] PluginManager:220 - loadIPPluginJar : add ipddr
2026-01-18 13:04:26,817 [INFO] IPUIPlugin:80 - create IPUIPlugin
2026-01-18 13:04:26,818 [INFO] PluginManager:220 - loadIPPluginJar : add fatfs
2026-01-18 13:04:26,821 [INFO] IPUIPlugin:80 - create IPUIPlugin
2026-01-18 13:04:26,821 [INFO] PluginManager:220 - loadIPPluginJar : add adc
2026-01-18 13:04:26,822 [INFO] IPUIPlugin:80 - create IPUIPlugin
2026-01-18 13:04:26,822 [INFO] PluginManager:220 - loadIPPluginJar : add dfsdm
2026-01-18 13:04:26,825 [INFO] IPUIPlugin:80 - create IPUIPlugin
2026-01-18 13:04:26,825 [INFO] PluginManager:220 - loadIPPluginJar : add nvic
2026-01-18 13:04:26,826 [INFO] IPUIPlugin:80 - create IPUIPlugin
2026-01-18 13:04:26,826 [INFO] PluginManager:220 - loadIPPluginJar : add sai
2026-01-18 13:04:26,828 [INFO] IPUIPlugin:80 - create IPUIPlugin
2026-01-18 13:04:26,828 [INFO] PluginManager:220 - loadIPPluginJar : add touchsensing
2026-01-18 13:04:26,829 [INFO] IPUIPlugin:80 - create IPUIPlugin
2026-01-18 13:04:26,829 [INFO] PluginManager:220 - loadIPPluginJar : add comp
2026-01-18 13:04:26,830 [INFO] IPUIPlugin:80 - create IPUIPlugin
2026-01-18 13:04:26,830 [INFO] PluginManager:220 - loadIPPluginJar : add aes
2026-01-18 13:04:26,834 [INFO] IPUIPlugin:80 - create IPUIPlugin
2026-01-18 13:04:26,834 [INFO] PluginManager:220 - loadIPPluginJar : add freertos
2026-01-18 13:04:26,835 [INFO] IPUIPlugin:80 - create IPUIPlugin
2026-01-18 13:04:26,836 [INFO] PluginManager:220 - loadIPPluginJar : add radio
2026-01-18 13:04:26,837 [INFO] IPUIPlugin:80 - create IPUIPlugin
2026-01-18 13:04:26,837 [INFO] PluginManager:220 - loadIPPluginJar : add tracer_emb
2026-01-18 13:04:26,838 [INFO] IPUIPlugin:80 - create IPUIPlugin
2026-01-18 13:04:26,838 [INFO] PluginManager:220 - loadIPPluginJar : add cryp
2026-01-18 13:04:26,839 [INFO] IPUIPlugin:80 - create IPUIPlugin
2026-01-18 13:04:26,839 [INFO] PluginManager:220 - loadIPPluginJar : add can
2026-01-18 13:04:26,843 [INFO] IPUIPlugin:80 - create IPUIPlugin
2026-01-18 13:04:26,843 [INFO] PluginManager:220 - loadIPPluginJar : add mdma
2026-01-18 13:04:26,846 [INFO] IPUIPlugin:80 - create IPUIPlugin
2026-01-18 13:04:26,846 [INFO] PluginManager:220 - loadIPPluginJar : add dma
2026-01-18 13:04:26,851 [INFO] IPUIPlugin:80 - create IPUIPlugin
2026-01-18 13:04:26,851 [INFO] PluginManager:220 - loadIPPluginJar : add linkedlist
2026-01-18 13:04:26,852 [INFO] IPUIPlugin:80 - create IPUIPlugin
2026-01-18 13:04:26,852 [INFO] PluginManager:220 - loadIPPluginJar : add pdm2pcm
2026-01-18 13:04:26,855 [INFO] IPUIPlugin:80 - create IPUIPlugin
2026-01-18 13:04:26,855 [INFO] PluginManager:220 - loadIPPluginJar : add gpio
2026-01-18 13:04:26,857 [INFO] IPUIPlugin:80 - create IPUIPlugin
2026-01-18 13:04:26,857 [INFO] PluginManager:220 - loadIPPluginJar : add extmemmanager
2026-01-18 13:04:26,859 [INFO] IPUIPlugin:80 - create IPUIPlugin
2026-01-18 13:04:26,860 [INFO] PluginManager:220 - loadIPPluginJar : add gic
2026-01-18 13:04:26,861 [INFO] IPUIPlugin:80 - create IPUIPlugin
2026-01-18 13:04:26,861 [INFO] PluginManager:220 - loadIPPluginJar : add lorawan
2026-01-18 13:04:26,861 [INFO] IPUIPlugin:80 - create IPUIPlugin
2026-01-18 13:04:26,861 [INFO] PluginManager:220 - loadIPPluginJar : add tsc
2026-01-18 13:04:26,862 [INFO] IPUIPlugin:80 - create IPUIPlugin
2026-01-18 13:04:26,863 [INFO] PluginManager:220 - loadIPPluginJar : add spi
2026-01-18 13:04:26,866 [INFO] IPUIPlugin:80 - create IPUIPlugin
2026-01-18 13:04:26,866 [INFO] PluginManager:220 - loadIPPluginJar : add stm32_wpan
2026-01-18 13:04:26,867 [INFO] IPUIPlugin:80 - create IPUIPlugin
2026-01-18 13:04:26,867 [INFO] PluginManager:220 - loadIPPluginJar : add openamp
2026-01-18 13:04:26,868 [INFO] IPUIPlugin:80 - create IPUIPlugin
2026-01-18 13:04:26,868 [INFO] PluginManager:220 - loadIPPluginJar : add ts
2026-01-18 13:04:26,870 [INFO] IPUIPlugin:80 - create IPUIPlugin
2026-01-18 13:04:26,870 [INFO] PluginManager:220 - loadIPPluginJar : add gtzc
2026-01-18 13:04:26,871 [INFO] IPUIPlugin:80 - create IPUIPlugin
2026-01-18 13:04:26,871 [INFO] PluginManager:220 - loadIPPluginJar : add i3c
2026-01-18 13:04:26,872 [INFO] IPUIPlugin:80 - create IPUIPlugin
2026-01-18 13:04:26,872 [INFO] PluginManager:220 - loadIPPluginJar : add genericplugin
2026-01-18 13:04:26,873 [INFO] IPUIPlugin:80 - create IPUIPlugin
2026-01-18 13:04:26,873 [INFO] PluginManager:220 - loadIPPluginJar : add gfxmmu
2026-01-18 13:04:26,875 [INFO] IPUIPlugin:80 - create IPUIPlugin
2026-01-18 13:04:26,875 [INFO] PluginManager:220 - loadIPPluginJar : add usart
2026-01-18 13:04:26,875 [INFO] IPUIPlugin:80 - create IPUIPlugin
2026-01-18 13:04:26,875 [INFO] PluginManager:220 - loadIPPluginJar : add ucpd
2026-01-18 13:04:26,878 [INFO] IPUIPlugin:80 - create IPUIPlugin
2026-01-18 13:04:26,878 [INFO] PluginManager:220 - loadIPPluginJar : add fmc
2026-01-18 13:04:26,968 [FATAL] Updater:351 - Updater called before beeing initialized
2026-01-18 13:04:26,984 [INFO] RulesReader:64 - Compatibility file has been processed (317 Rules)
2026-01-18 13:04:26,991 [INFO] RulesReader:64 - Compatibility file has been processed (317 Rules)
2026-01-18 13:04:26,997 [INFO] CADModel:165 - CPN selected for project level
2026-01-18 13:04:26,997 [INFO] CADModel:114 - Register for checkConnection events
2026-01-18 13:04:26,997 [FATAL] Updater:351 - Updater called before beeing initialized
2026-01-18 13:04:26,997 [ERROR] CADModel:125 - Updater not yet initialized, retry later 
2026-01-18 13:04:27,083 [FATAL] Updater:351 - Updater called before beeing initialized
2026-01-18 13:04:27,085 [INFO] CADModel:165 - CPN selected for project level
2026-01-18 13:04:27,085 [INFO] CADModel:114 - Register for checkConnection events
2026-01-18 13:04:27,085 [FATAL] Updater:351 - Updater called before beeing initialized
2026-01-18 13:04:27,085 [ERROR] CADModel:125 - Updater not yet initialized, retry later 
2026-01-18 13:04:27,087 [FATAL] Updater:351 - Updater called before beeing initialized
2026-01-18 13:04:27,139 [FATAL] Updater:351 - Updater called before beeing initialized
2026-01-18 13:04:27,142 [INFO] DbMcusAds:53 - JSON generation date=Thu Oct 02 12:36:05 EEST 2025 (1759397765645)
2026-01-18 13:04:27,142 [FATAL] Updater:351 - Updater called before beeing initialized
2026-01-18 13:04:27,160 [WARN] DetailPanel:346 - Failed to get advertising image, set to default
2026-01-18 13:04:27,199 [FATAL] Updater:351 - Updater called before beeing initialized
2026-01-18 13:04:27,200 [FATAL] Updater:351 - Updater called before beeing initialized
2026-01-18 13:04:27,200 [FATAL] Updater:351 - Updater called before beeing initialized
2026-01-18 13:04:27,200 [WARN] DetailPanel:346 - Failed to get advertising image, set to default
2026-01-18 13:04:27,201 [FATAL] Updater:351 - Updater called before beeing initialized
2026-01-18 13:04:27,217 [ERROR] Updater:1198 - MainUpdater not yet initialized. External WinMGr cannot be set.
2026-01-18 13:04:27,218 [INFO] Updater:1134 - Updater Version found : 6.15.0
2026-01-18 13:04:27,228 [INFO] ApplicationProperties:184 - Using Application install path: /home/traian/st/stm32cubeide_1.19.0/plugins/com.st.stm32cube.common.mx_6.15.0.202507011659
2026-01-18 13:04:27,412 [INFO] MainUpdater:2872 - connection check result : 10
2026-01-18 13:04:27,413 [INFO] MainUpdater:289 - Updater Check For Update Now.
2026-01-18 13:04:27,413 [INFO] MicroXplorer:498 - Change Database Version : DB.6.0.150
2026-01-18 13:04:27,415 [INFO] McuFinderGlobals:63 - Set McuFinder mode to 2 (CubeIDE integrated)
2026-01-18 13:04:27,416 [INFO] UserAuth:487 - Internet connection configuration mode: 1
2026-01-18 13:04:27,428 [INFO] JxBrowserEngine:152 - Initiate JxBrowser Engine with user profile folder
2026-01-18 13:04:27,559 [INFO] CheckServerUpdateThread:120 - End of CheckServer Thread
2026-01-18 13:04:28,244 [INFO] WebApp:169 - Instantiating new browser for Auth
2026-01-18 13:04:28,752 [INFO] WebApp:463 - Apply proxy settings
2026-01-18 13:04:28,752 [INFO] WebApp:548 - Chromium requires no authentication
2026-01-18 13:04:28,761 [INFO] WebApp:491 - Direct internet connection detected
2026-01-18 13:04:28,773 [INFO] WebApp:900 - Register for checkConnection events
2026-01-18 13:04:28,773 [INFO] WebApp:463 - Apply proxy settings
2026-01-18 13:04:28,773 [INFO] WebApp:548 - Chromium requires no authentication
2026-01-18 13:04:28,774 [INFO] WebApp:491 - Direct internet connection detected
2026-01-18 13:04:28,864 [INFO] WebApp:225 - Starting web application
2026-01-18 13:04:28,864 [INFO] WebApp:593 - Web application path used /home/traian/st/stm32cubeide_1.19.0/plugins/com.st.stm32cube.common.mx_6.15.0.202507011659/db/plugins/mcufinder/reactClient1/index.html
2026-01-18 13:04:28,932 [INFO] UserAuth:487 - Internet connection configuration mode: 1
2026-01-18 13:04:29,091 [INFO] WebApp:191 - Connection restablished
2026-01-18 13:04:29,550 [WARN] PackLoader:240 - Cannot read IP mode file for STMicroelectronics.FP-SNS-MOTENVWB1.1.4.0
2026-01-18 13:04:29,554 [WARN] PackLoader:240 - Cannot read IP mode file for STMicroelectronics.FP-ATR-ASTRA1.2.0.2
2026-01-18 13:04:29,557 [WARN] PackLoader:240 - Cannot read IP mode file for STMicroelectronics.X-CUBE-SMBUS.2.1.0
2026-01-18 13:04:29,559 [WARN] PackLoader:240 - Cannot read IP mode file for STMicroelectronics.X-CUBE-ST60.1.0.0
2026-01-18 13:04:29,577 [WARN] PackLoader:240 - Cannot read IP mode file for STMicroelectronics.X-CUBE-AZRTOS-F7.1.1.0
2026-01-18 13:04:29,583 [WARN] PackLoader:240 - Cannot read IP mode file for Cesanta.I-CUBE-Mongoose.7.19.0
2026-01-18 13:04:29,586 [WARN] PackLoader:240 - Cannot read IP mode file for STMicroelectronics.FP-SNS-MOTENV1.5.1.0
2026-01-18 13:04:29,593 [WARN] PackLoader:240 - Cannot read IP mode file for WES.I-CUBE-Cesium.1.4.0
2026-01-18 13:04:29,610 [WARN] PackLoader:240 - Cannot read IP mode file for Infineon.AIROC-Wi-Fi-Bluetooth-STM32.1.7.1
2026-01-18 13:04:29,631 [WARN] PackLoader:240 - Cannot read IP mode file for STMicroelectronics.X-CUBE-AZRTOS-H7.3.4.0
2026-01-18 13:04:29,636 [WARN] PackLoader:240 - Cannot read IP mode file for STMicroelectronics.X-CUBE-DISPLAY.3.0.0
2026-01-18 13:04:29,642 [WARN] PackLoader:240 - Cannot read IP mode file for STMicroelectronics.X-CUBE-NFC10.1.0.0
2026-01-18 13:04:29,644 [WARN] PackLoader:240 - Cannot read IP mode file for STMicroelectronics.X-CUBE-ST60.1.1.0
2026-01-18 13:04:29,647 [WARN] PackLoader:240 - Cannot read IP mode file for emotas.I-CUBE-CANOPEN.1.3.0
2026-01-18 13:04:29,649 [WARN] PackLoader:240 - Cannot read IP mode file for STMicroelectronics.X-CUBE-GNSS1.7.1.0
2026-01-18 13:04:29,653 [WARN] PackLoader:240 - Cannot read IP mode file for STMicroelectronics.FP-SNS-STBOX1.2.1.0
2026-01-18 13:04:29,656 [WARN] PackLoader:240 - Cannot read IP mode file for STMicroelectronics.FP-SNS-SMARTAG2.1.2.0
2026-01-18 13:04:29,658 [WARN] PackLoader:240 - Cannot read IP mode file for STMicroelectronics.FP-SNS-FLIGHT1.5.1.0
2026-01-18 13:04:29,664 [INFO] LogOutputStream:77 - [STDOUT_REDIRECT] 1 : Invalid condition id : UX_CORESTACK_Condition cause : null
2026-01-18 13:04:29,664 [INFO] LogOutputStream:77 - [STDOUT_REDIRECT] 1 : Invalid condition id : UX_CORESTACK_Condition cause : null
2026-01-18 13:04:29,664 [INFO] LogOutputStream:77 - [STDOUT_REDIRECT] 1 : Invalid condition id : UX_CORESTACK_Condition cause : null
2026-01-18 13:04:29,664 [INFO] LogOutputStream:77 - [STDOUT_REDIRECT] 1 : Invalid condition id : UX_CORESTACK_Condition cause : null
2026-01-18 13:04:29,665 [INFO] LogOutputStream:77 - [STDOUT_REDIRECT] 1 : Invalid condition id : UX_CORESTACK_Condition cause : null
2026-01-18 13:04:29,667 [WARN] PackLoader:240 - Cannot read IP mode file for STMicroelectronics.X-CUBE-AZRTOS-WL.2.0.0
2026-01-18 13:04:29,671 [WARN] PackLoader:240 - Cannot read IP mode file for STMicroelectronics.FP-SNS-MOTENV1.5.0.0
2026-01-18 13:04:29,684 [WARN] PackLoader:240 - Cannot read IP mode file for STMicroelectronics.X-CUBE-AZRTOS-H7RS.1.2.0
2026-01-18 13:04:29,690 [WARN] PackLoader:240 - Cannot read IP mode file for STMicroelectronics.X-CUBE-BLE2.3.3.0
2026-01-18 13:04:29,702 [WARN] PackLoader:240 - Cannot read IP mode file for STMicroelectronics.X-CUBE-NFC9.1.0.0
2026-01-18 13:04:29,707 [WARN] PackLoader:240 - Cannot read IP mode file for wolfSSL.I-CUBE-wolfSSL.5.8.2
2026-01-18 13:04:29,710 [WARN] PackLoader:240 - Cannot read IP mode file for STMicroelectronics.X-CUBE-BLE1.7.1.0
2026-01-18 13:04:29,711 [WARN] PackLoader:240 - Cannot read IP mode file for wolfSSL.I-CUBE-wolfMQTT.1.19.2
2026-01-18 13:04:29,713 [WARN] PackLoader:240 - Cannot read IP mode file for STMicroelectronics.X-CUBE-FREERTOS.1.4.0
2026-01-18 13:04:29,716 [WARN] PackLoader:240 - Cannot read IP mode file for STMicroelectronics.X-CUBE-EEPRMA1.5.2.0
2026-01-18 13:04:29,720 [WARN] PackLoader:240 - Cannot read IP mode file for STMicroelectronics.X-CUBE-ST67W61.1.1.0
2026-01-18 13:04:29,743 [WARN] PackLoader:240 - Cannot read IP mode file for STMicroelectronics.X-CUBE-MEMS1.12.0.0
2026-01-18 13:04:29,810 [WARN] PackLoader:240 - Cannot read IP mode file for STMicroelectronics.X-CUBE-AZRTOS-G0.1.1.0
2026-01-18 13:04:29,817 [WARN] PackLoader:240 - Cannot read IP mode file for STMicroelectronics.X-CUBE-SAFEA1.1.2.2
2026-01-18 13:04:29,822 [WARN] PackLoader:240 - Cannot read IP mode file for STMicroelectronics.X-CUBE-NFC4.3.0.0
2026-01-18 13:04:29,829 [WARN] PackLoader:240 - Cannot read IP mode file for EmbeddedOffice.I-CUBE-FS-RTOS.1.0.1
2026-01-18 13:04:29,834 [WARN] PackLoader:240 - Cannot read IP mode file for STMicroelectronics.X-CUBE-WB05N.2.0.0
2026-01-18 13:04:29,840 [WARN] PackLoader:240 - Cannot read IP mode file for wolfSSL.I-CUBE-wolfTPM.3.8.0
2026-01-18 13:04:29,844 [WARN] PackLoader:240 - Cannot read IP mode file for STMicroelectronics.X-CUBE-TCPP.4.2.0
2026-01-18 13:04:29,848 [WARN] PackLoader:240 - Cannot read IP mode file for RealThread.X-CUBE-RT-Thread_Nano.4.1.1
2026-01-18 13:04:29,852 [WARN] PackLoader:240 - Cannot read IP mode file for STMicroelectronics.FP-ATR-SIGFOX1.3.2.0
2026-01-18 13:04:29,856 [WARN] PackLoader:240 - Cannot read IP mode file for ITTIA_DB.I-CUBE-ITTIADB.8.9.0
2026-01-18 13:04:29,860 [WARN] PackLoader:240 - Cannot read IP mode file for STMicroelectronics.X-CUBE-ST67W61.1.0.0
2026-01-18 13:04:29,863 [WARN] PackLoader:240 - Cannot read IP mode file for STMicroelectronics.X-CUBE-AI.10.2.0
2026-01-18 13:04:29,880 [WARN] PackLoader:240 - Cannot read IP mode file for SEGGER.I-CUBE-embOS.1.3.1
2026-01-18 13:04:29,898 [WARN] PackLoader:240 - Cannot read IP mode file for STMicroelectronics.X-CUBE-ALGOBUILD.1.4.0
2026-01-18 13:04:29,919 [WARN] PackLoader:240 - Cannot read IP mode file for STMicroelectronics.X-CUBE-MEMS1.11.3.0
2026-01-18 13:04:29,968 [WARN] PackLoader:240 - Cannot read IP mode file for STMicroelectronics.X-CUBE-PM33A1.1.0.0
2026-01-18 13:04:29,975 [WARN] PackLoader:240 - Cannot read IP mode file for STMicroelectronics.X-CUBE-AZRTOS-F4.1.1.0
2026-01-18 13:04:29,977 [WARN] PackLoader:240 - Cannot read IP mode file for STMicroelectronics.X-CUBE-ISPU.2.1.0
2026-01-18 13:04:29,981 [WARN] PackLoader:240 - Cannot read IP mode file for STMicroelectronics.X-CUBE-IPS.3.2.0
2026-01-18 13:04:29,989 [WARN] PackLoader:240 - Cannot read IP mode file for STMicroelectronics.X-CUBE-NFC12.1.0.0
2026-01-18 13:04:29,999 [WARN] PackLoader:240 - Cannot read IP mode file for STMicroelectronics.X-CUBE-AZRTOS-L5.2.0.0
2026-01-18 13:04:30,006 [WARN] PackLoader:240 - Cannot read IP mode file for STMicroelectronics.X-CUBE-NFC6.3.1.0
2026-01-18 13:04:30,010 [WARN] PackLoader:240 - Cannot read IP mode file for STMicroelectronics.X-CUBE-FREERTOS.1.3.1
2026-01-18 13:04:30,014 [WARN] PackLoader:240 - Cannot read IP mode file for STMicroelectronics.X-CUBE-TOUCHGFX.4.26.0
2026-01-18 13:04:30,017 [WARN] PackLoader:240 - Cannot read IP mode file for STMicroelectronics.FP-SNS-STAIOTCFT.1.0.0
2026-01-18 13:04:30,020 [WARN] PackLoader:240 - Cannot read IP mode file for STMicroelectronics.X-CUBE-DPower.1.3.0
2026-01-18 13:04:30,027 [WARN] ConditionMgr:438 - getConditionDescription Invalid condition id : LAN8742 Phy interface Condition cause : null
2026-01-18 13:04:30,027 [WARN] PackLoader:240 - Cannot read IP mode file for STMicroelectronics.X-CUBE-AZRTOS-L4.2.0.0
2026-01-18 13:04:30,028 [WARN] ConditionMgr:1044 - genDependencies : Invalid condition id : LAN8742 Phy interface Condition cause : null
2026-01-18 13:04:30,028 [WARN] ConditionMgr:1044 - genDependencies : Invalid condition id : LAN8742 Phy interface Condition cause : null
2026-01-18 13:04:30,028 [WARN] ConditionMgr:1044 - genDependencies : Invalid condition id : LAN8742 Phy interface Condition cause : null
2026-01-18 13:04:30,032 [WARN] PackLoader:240 - Cannot read IP mode file for STMicroelectronics.X-CUBE-SFXS2LP1.4.0.0
2026-01-18 13:04:30,036 [WARN] PackLoader:240 - Cannot read IP mode file for STMicroelectronics.X-CUBE-ST67W61.1.2.0
2026-01-18 13:04:30,040 [WARN] PackLoader:240 - Cannot read IP mode file for STMicroelectronics.X-CUBE-BLEMGR.4.1.0
2026-01-18 13:04:30,048 [WARN] ConditionMgr:438 - getConditionDescription Invalid condition id : UX DEVICE CLASS RTOS Condition cause : null
2026-01-18 13:04:30,049 [WARN] ConditionMgr:438 - getConditionDescription Invalid condition id : UX DEVICE CLASS RTOS Condition cause : null
2026-01-18 13:04:30,050 [WARN] PackLoader:240 - Cannot read IP mode file for STMicroelectronics.X-CUBE-AZRTOS-WB.2.0.0
2026-01-18 13:04:30,050 [WARN] ConditionMgr:1044 - genDependencies : Invalid condition id : UX DEVICE CLASS RTOS Condition cause : null
2026-01-18 13:04:30,050 [WARN] ConditionMgr:1044 - genDependencies : Invalid condition id : UX DEVICE CLASS RTOS Condition cause : null
2026-01-18 13:04:30,051 [WARN] ConditionMgr:1044 - genDependencies : Invalid condition id : UX DEVICE CLASS RTOS Condition cause : null
2026-01-18 13:04:30,051 [WARN] ConditionMgr:1044 - genDependencies : Invalid condition id : UX DEVICE CLASS RTOS Condition cause : null
2026-01-18 13:04:30,051 [WARN] ConditionMgr:1044 - genDependencies : Invalid condition id : UX DEVICE CLASS RTOS Condition cause : null
2026-01-18 13:04:30,054 [WARN] PackLoader:240 - Cannot read IP mode file for STMicroelectronics.X-CUBE-GNSS1.7.0.1
2026-01-18 13:04:30,057 [WARN] ConditionMgr:438 - getConditionDescription Invalid condition id : Cortex-A Device cause : null
2026-01-18 13:04:30,063 [WARN] ConditionMgr:1044 - genDependencies : Invalid condition id : Cortex-A Device cause : null
2026-01-18 13:04:30,063 [WARN] ConditionMgr:1044 - genDependencies : Invalid condition id : Cortex-A Device cause : null
2026-01-18 13:04:30,063 [WARN] ConditionMgr:1044 - genDependencies : Invalid condition id : Cortex-A Device cause : null
2026-01-18 13:04:30,068 [WARN] PackLoader:240 - Cannot read IP mode file for STMicroelectronics.X-CUBE-SUBG2.5.0.0
2026-01-18 13:04:30,079 [WARN] PackLoader:240 - Cannot read IP mode file for STMicroelectronics.X-CUBE-AZRTOS-H7RS.1.1.0
2026-01-18 13:04:30,087 [WARN] PackLoader:240 - Cannot read IP mode file for STMicroelectronics.X-CUBE-AZRTOS-G4.2.0.0
2026-01-18 13:04:30,090 [WARN] PackLoader:240 - Cannot read IP mode file for wolfSSL.I-CUBE-wolfSSH.1.4.20
2026-01-18 13:04:30,093 [WARN] PackLoader:240 - Cannot read IP mode file for STMicroelectronics.X-CUBE-NFC7.2.0.0
2026-01-18 13:04:30,096 [WARN] PackLoader:240 - Cannot read IP mode file for STMicroelectronics.X-CUBE-IPS.3.1.0
2026-01-18 13:04:30,099 [WARN] PackLoader:240 - Cannot read IP mode file for STMicroelectronics.X-CUBE-ALS.1.0.2
2026-01-18 13:04:30,101 [WARN] PackLoader:240 - Cannot read IP mode file for STMicroelectronics.X-CUBE-STSE01.1.0.0
2026-01-18 13:04:30,104 [WARN] PackLoader:240 - Cannot read IP mode file for STMicroelectronics.X-CUBE-TOF1.3.4.3
2026-01-18 13:04:30,110 [INFO] ThirdParty:978 - Integrity check success = true
2026-01-18 13:04:30,110 [INFO] IntegrityCheckThread:100 - exiting critical section [integrity check]
2026-01-18 13:04:30,110 [INFO] IntegrityCheckThread:103 - End integrity checks thread
2026-01-18 16:18:20,942 [ERROR] LogOutputStream:75 - [STDERR_REDIRECT] 
