2025-12-07 12:54:37,138 [INFO] Activator:176 - 


2025-12-07 12:54:37,139 [INFO] Activator:177 - !SESSION log4j initialized
2025-12-07 12:54:40,050 [INFO] LogOutputStream:77 - [STDOUT_REDIRECT] 
2025-12-07 12:54:40,464 [INFO] ApplicationProperties:184 - Using Application install path: /home/traian/st/stm32cubeide_1.19.0/plugins/com.st.stm32cube.common.mx_6.15.0.202507011659
2025-12-07 12:54:40,474 [INFO] DbMcusXml:78 - Set database path to: /home/traian/st/stm32cubeide_1.19.0/plugins/com.st.stm32cube.common.mx_6.15.0.202507011659//db//mcu/
2025-12-07 12:54:40,474 [INFO] ApiDb:274 - Set plugin database path to: /home/traian/st/stm32cubeide_1.19.0/plugins/com.st.stm32cube.common.mx_6.15.0.202507011659//db//plugins/boardmanager/
2025-12-07 12:54:40,474 [WARN] ApiDb:259 - Overriding images path with different value:  => /home/traian/st/stm32cubeide_1.19.0/plugins/com.st.stm32cube.common.mx_6.15.0.202507011659//db//plugins/mcufinder/images/
2025-12-07 12:54:40,483 [INFO] ApiDb:250 - Set database path to: /home/traian/.stmcufinder/plugins/mcufinder//mcu/
2025-12-07 12:54:40,484 [INFO] DbMcusAds:125 - Set database path to: /home/traian/.stmcufinder/plugins/mcufinder//mcu/
2025-12-07 12:54:40,485 [INFO] CrossReferenceDbSqlite:203 - Set database path to: /home/traian/.stmcufinder/plugins/mcufinder//mcu/cs/
2025-12-07 12:54:40,547 [INFO] RulesReader:64 - Compatibility file has been processed (317 Rules)
2025-12-07 12:54:40,582 [INFO] DbMcusXml:78 - Set database path to: /home/traian/st/stm32cubeide_1.19.0/plugins/com.st.stm32cube.common.mx_6.15.0.202507011659//db//mcu/
2025-12-07 12:54:40,582 [INFO] ApiDb:274 - Set plugin database path to: /home/traian/st/stm32cubeide_1.19.0/plugins/com.st.stm32cube.common.mx_6.15.0.202507011659//db//plugins/boardmanager/
2025-12-07 12:54:40,582 [INFO] ApiDb:261 - Set plugin images path to: /home/traian/st/stm32cubeide_1.19.0/plugins/com.st.stm32cube.common.mx_6.15.0.202507011659//db//plugins/mcufinder/images/
2025-12-07 12:54:40,582 [WARN] DbFile:41 - Overriding database path with different value: /home/traian/.stmcufinder/plugins/mcufinder/ => /home/traian/.stmcufinder/plugins/mcufinder
2025-12-07 12:54:40,582 [INFO] ApiDb:250 - Set database path to: /home/traian/.stmcufinder/plugins/mcufinder//mcu/
2025-12-07 12:54:40,582 [WARN] DbFile:41 - Overriding database path with different value: /home/traian/.stmcufinder/plugins/mcufinder/ => /home/traian/.stmcufinder/plugins/mcufinder
2025-12-07 12:54:40,582 [INFO] DbMcusAds:125 - Set database path to: /home/traian/.stmcufinder/plugins/mcufinder//mcu/
2025-12-07 12:54:40,582 [WARN] DbFile:41 - Overriding database path with different value: /home/traian/.stmcufinder/plugins/mcufinder/ => /home/traian/.stmcufinder/plugins/mcufinder
2025-12-07 12:54:40,582 [WARN] DbFile:41 - Overriding database path with different value: /home/traian/.stmcufinder/plugins/mcufinder/ => /home/traian/.stmcufinder/plugins/mcufinder
2025-12-07 12:54:40,582 [INFO] CrossReferenceDbSqlite:203 - Set database path to: /home/traian/.stmcufinder/plugins/mcufinder//mcu/cs/
2025-12-07 12:54:40,625 [INFO] MainPanel:274 - HeapMemory: 268435456
2025-12-07 12:54:40,705 [INFO] DbMcusXml:78 - Set database path to: /home/traian/st/stm32cubeide_1.19.0/plugins/com.st.stm32cube.common.mx_6.15.0.202507011659//db//mcu/
2025-12-07 12:54:40,705 [INFO] ApiDb:274 - Set plugin database path to: /home/traian/st/stm32cubeide_1.19.0/plugins/com.st.stm32cube.common.mx_6.15.0.202507011659//db//plugins/boardmanager/
2025-12-07 12:54:40,705 [INFO] ApiDb:261 - Set plugin images path to: /home/traian/st/stm32cubeide_1.19.0/plugins/com.st.stm32cube.common.mx_6.15.0.202507011659//db//plugins/mcufinder/images/
2025-12-07 12:54:40,705 [WARN] DbFile:41 - Overriding database path with different value: /home/traian/.stmcufinder/plugins/mcufinder/ => /home/traian/.stmcufinder/plugins/mcufinder
2025-12-07 12:54:40,705 [INFO] ApiDb:250 - Set database path to: /home/traian/.stmcufinder/plugins/mcufinder//mcu/
2025-12-07 12:54:40,705 [WARN] DbFile:41 - Overriding database path with different value: /home/traian/.stmcufinder/plugins/mcufinder/ => /home/traian/.stmcufinder/plugins/mcufinder
2025-12-07 12:54:40,705 [INFO] DbMcusAds:125 - Set database path to: /home/traian/.stmcufinder/plugins/mcufinder//mcu/
2025-12-07 12:54:40,705 [WARN] DbFile:41 - Overriding database path with different value: /home/traian/.stmcufinder/plugins/mcufinder/ => /home/traian/.stmcufinder/plugins/mcufinder
2025-12-07 12:54:40,705 [WARN] DbFile:41 - Overriding database path with different value: /home/traian/.stmcufinder/plugins/mcufinder/ => /home/traian/.stmcufinder/plugins/mcufinder
2025-12-07 12:54:40,705 [INFO] CrossReferenceDbSqlite:203 - Set database path to: /home/traian/.stmcufinder/plugins/mcufinder//mcu/cs/
2025-12-07 12:54:40,714 [INFO] ApplicationProperties:184 - Using Application install path: /home/traian/st/stm32cubeide_1.19.0/plugins/com.st.stm32cube.common.mx_6.15.0.202507011659
2025-12-07 12:54:40,715 [INFO] PluginManage:196 - Search for loadable plugins [exclusion list=, ]
2025-12-07 12:54:40,716 [INFO] PluginManage:310 - Check plugin analytics
2025-12-07 12:54:40,802 [INFO] AnalyticsPlugin:253 - Accepted Software Licenses: 
2025-12-07 12:54:40,802 [INFO] AnalyticsPlugin:255 - Accepted CMSIS Pack Licenses: 
2025-12-07 12:54:40,802 [INFO] AnalyticsPlugin:257 - Accepted Firmware Licenses: FW.U5.1.8.0
2025-12-07 12:54:40,803 [INFO] PluginManage:359 - Loaded plugin analytics (category:tool,tabindex:-1)
2025-12-07 12:54:40,803 [INFO] PluginManage:310 - Check plugin cadmodel
2025-12-07 12:54:40,807 [INFO] CADModel:105 - Init CAD model plugin
2025-12-07 12:54:40,807 [INFO] PluginManage:359 - Loaded plugin cadmodel (category:power,tabindex:5)
2025-12-07 12:54:40,807 [INFO] PluginManage:310 - Check plugin clock
2025-12-07 12:54:40,812 [INFO] PluginManage:359 - Loaded plugin clock (category:base,tabindex:2)
2025-12-07 12:54:40,812 [INFO] PluginManage:310 - Check plugin ddr
2025-12-07 12:54:40,813 [INFO] PluginManage:359 - Loaded plugin ddr (category:tool,tabindex:6)
2025-12-07 12:54:40,814 [INFO] PluginManage:310 - Check plugin filemanager
2025-12-07 12:54:40,903 [INFO] PluginManage:359 - Loaded plugin filemanager (category:base,tabindex:10)
2025-12-07 12:54:40,903 [INFO] PluginManage:310 - Check plugin ipmanager
2025-12-07 12:54:40,906 [INFO] PluginManage:359 - Loaded plugin ipmanager (category:base,tabindex:5)
2025-12-07 12:54:40,906 [INFO] PluginManage:310 - Check plugin lpbam
2025-12-07 12:54:40,911 [INFO] PluginManage:359 - Loaded plugin lpbam (category:base,tabindex:0)
2025-12-07 12:54:40,911 [INFO] PluginManage:310 - Check plugin memorymap
2025-12-07 12:54:40,919 [INFO] PluginManage:359 - Loaded plugin memorymap (category:base,tabindex:4)
2025-12-07 12:54:40,920 [INFO] PluginManage:310 - Check plugin pinoutandconfiguration
2025-12-07 12:54:40,925 [INFO] PluginManage:359 - Loaded plugin pinoutandconfiguration (category:base,tabindex:1)
2025-12-07 12:54:40,926 [INFO] PluginManage:310 - Check plugin pinoutconfig
2025-12-07 12:54:40,972 [WARN] SupportedApi:132 - Cannot load RTOS API schema: s4s-elt-must-match.1: The content of 'definitions' must match (annotation?, (simpleType | complexType)?, (unique | key | keyref)*)). A problem was found starting at: attribute.
2025-12-07 12:54:41,049 [INFO] PluginManage:359 - Loaded plugin pinoutconfig (category:base,tabindex:0)
2025-12-07 12:54:41,049 [INFO] PluginManage:310 - Check plugin power
2025-12-07 12:54:41,056 [INFO] PluginManage:359 - Loaded plugin power (category:power,tabindex:4)
2025-12-07 12:54:41,057 [INFO] PluginManage:310 - Check plugin projectmanager
2025-12-07 12:54:41,065 [INFO] PluginManage:359 - Loaded plugin projectmanager (category:projectmanager,tabindex:4)
2025-12-07 12:54:41,065 [INFO] PluginManage:310 - Check plugin rif
2025-12-07 12:54:41,071 [INFO] PluginManage:359 - Loaded plugin rif (category:base,tabindex:3)
2025-12-07 12:54:41,072 [INFO] PluginManage:310 - Check plugin thirdparty
2025-12-07 12:54:41,140 [INFO] PluginManage:359 - Loaded plugin thirdparty (category:base,tabindex:-1)
2025-12-07 12:54:41,140 [INFO] PluginManage:310 - Check plugin tools
2025-12-07 12:54:41,140 [WARN] IntegrityCheckThread:84 - waiting for thirdparty lock release [integrity check]
2025-12-07 12:54:41,141 [INFO] IntegrityCheckThread:86 - entering critical section [integrity check]
2025-12-07 12:54:41,141 [INFO] ThirdPartyUpdaterWithRetryManager:70 - Updater plugin not ready yet. [1/15]
2025-12-07 12:54:41,142 [INFO] PluginManage:359 - Loaded plugin tools (category:base,tabindex:7)
2025-12-07 12:54:41,142 [INFO] PluginManage:310 - Check plugin tutovideos
2025-12-07 12:54:41,266 [INFO] PluginManage:359 - Loaded plugin tutovideos (category:base,tabindex:-1)
2025-12-07 12:54:41,266 [INFO] PluginManage:310 - Check plugin updater
2025-12-07 12:54:41,281 [INFO] PluginManage:359 - Loaded plugin updater (category:base,tabindex:12)
2025-12-07 12:54:41,281 [INFO] PluginManage:310 - Check plugin userauth
2025-12-07 12:54:41,283 [INFO] UserAuth:118 - Init User Auth plugin
2025-12-07 12:54:41,284 [INFO] PluginManage:359 - Loaded plugin userauth (category:base,tabindex:14)
2025-12-07 12:54:41,284 [INFO] PluginManage:283 - PluginManage : Loaded plugins [18]
2025-12-07 12:54:41,401 [INFO] PinOutPanel:1589 - setPackage(No Configuration,No Configuration)
2025-12-07 12:54:41,440 [INFO] CADModel:165 - CPN selected for project level
2025-12-07 12:54:41,441 [INFO] CADModel:114 - Register for checkConnection events
2025-12-07 12:54:41,450 [INFO] IPUIPlugin:80 - create IPUIPlugin
2025-12-07 12:54:41,451 [INFO] PluginManager:220 - loadIPPluginJar : add i2c
2025-12-07 12:54:41,452 [INFO] IPUIPlugin:80 - create IPUIPlugin
2025-12-07 12:54:41,452 [INFO] PluginManager:220 - loadIPPluginJar : add i2s
2025-12-07 12:54:41,455 [INFO] IPUIPlugin:80 - create IPUIPlugin
2025-12-07 12:54:41,455 [INFO] PluginManager:220 - loadIPPluginJar : add resmgrutility
2025-12-07 12:54:41,456 [INFO] IPUIPlugin:80 - create IPUIPlugin
2025-12-07 12:54:41,456 [INFO] PluginManager:220 - loadIPPluginJar : add hash
2025-12-07 12:54:41,458 [INFO] IPUIPlugin:80 - create IPUIPlugin
2025-12-07 12:54:41,458 [INFO] PluginManager:220 - loadIPPluginJar : add usbx
2025-12-07 12:54:41,462 [INFO] IPUIPlugin:80 - create IPUIPlugin
2025-12-07 12:54:41,463 [INFO] PluginManager:220 - loadIPPluginJar : add plateformsettings
2025-12-07 12:54:41,464 [INFO] IPUIPlugin:80 - create IPUIPlugin
2025-12-07 12:54:41,465 [INFO] PluginManager:220 - loadIPPluginJar : add dma3
2025-12-07 12:54:41,467 [INFO] IPUIPlugin:80 - create IPUIPlugin
2025-12-07 12:54:41,467 [INFO] PluginManager:220 - loadIPPluginJar : add ddr_ctrl_phy
2025-12-07 12:54:41,468 [INFO] IPUIPlugin:80 - create IPUIPlugin
2025-12-07 12:54:41,468 [INFO] PluginManager:220 - loadIPPluginJar : add quadspi
2025-12-07 12:54:41,468 [INFO] IPUIPlugin:80 - create IPUIPlugin
2025-12-07 12:54:41,468 [INFO] PluginManager:220 - loadIPPluginJar : add ltdc
2025-12-07 12:54:41,469 [INFO] IPUIPlugin:80 - create IPUIPlugin
2025-12-07 12:54:41,469 [INFO] PluginManager:220 - loadIPPluginJar : add opamp
2025-12-07 12:54:41,470 [INFO] IPUIPlugin:80 - create IPUIPlugin
2025-12-07 12:54:41,470 [INFO] PluginManager:220 - loadIPPluginJar : add tim
2025-12-07 12:54:41,472 [INFO] IPUIPlugin:80 - create IPUIPlugin
2025-12-07 12:54:41,472 [INFO] PluginManager:220 - loadIPPluginJar : add ipddr
2025-12-07 12:54:41,473 [INFO] IPUIPlugin:80 - create IPUIPlugin
2025-12-07 12:54:41,473 [INFO] PluginManager:220 - loadIPPluginJar : add fatfs
2025-12-07 12:54:41,476 [INFO] IPUIPlugin:80 - create IPUIPlugin
2025-12-07 12:54:41,476 [INFO] PluginManager:220 - loadIPPluginJar : add adc
2025-12-07 12:54:41,478 [INFO] IPUIPlugin:80 - create IPUIPlugin
2025-12-07 12:54:41,478 [INFO] PluginManager:220 - loadIPPluginJar : add dfsdm
2025-12-07 12:54:41,480 [INFO] IPUIPlugin:80 - create IPUIPlugin
2025-12-07 12:54:41,480 [INFO] PluginManager:220 - loadIPPluginJar : add nvic
2025-12-07 12:54:41,482 [INFO] IPUIPlugin:80 - create IPUIPlugin
2025-12-07 12:54:41,482 [INFO] PluginManager:220 - loadIPPluginJar : add sai
2025-12-07 12:54:41,484 [INFO] IPUIPlugin:80 - create IPUIPlugin
2025-12-07 12:54:41,484 [INFO] PluginManager:220 - loadIPPluginJar : add touchsensing
2025-12-07 12:54:41,484 [INFO] IPUIPlugin:80 - create IPUIPlugin
2025-12-07 12:54:41,484 [INFO] PluginManager:220 - loadIPPluginJar : add comp
2025-12-07 12:54:41,485 [INFO] IPUIPlugin:80 - create IPUIPlugin
2025-12-07 12:54:41,486 [INFO] PluginManager:220 - loadIPPluginJar : add aes
2025-12-07 12:54:41,489 [INFO] IPUIPlugin:80 - create IPUIPlugin
2025-12-07 12:54:41,489 [INFO] PluginManager:220 - loadIPPluginJar : add freertos
2025-12-07 12:54:41,490 [INFO] IPUIPlugin:80 - create IPUIPlugin
2025-12-07 12:54:41,491 [INFO] PluginManager:220 - loadIPPluginJar : add radio
2025-12-07 12:54:41,492 [INFO] IPUIPlugin:80 - create IPUIPlugin
2025-12-07 12:54:41,492 [INFO] PluginManager:220 - loadIPPluginJar : add tracer_emb
2025-12-07 12:54:41,493 [INFO] IPUIPlugin:80 - create IPUIPlugin
2025-12-07 12:54:41,493 [INFO] PluginManager:220 - loadIPPluginJar : add cryp
2025-12-07 12:54:41,494 [INFO] IPUIPlugin:80 - create IPUIPlugin
2025-12-07 12:54:41,494 [INFO] PluginManager:220 - loadIPPluginJar : add can
2025-12-07 12:54:41,498 [INFO] IPUIPlugin:80 - create IPUIPlugin
2025-12-07 12:54:41,498 [INFO] PluginManager:220 - loadIPPluginJar : add mdma
2025-12-07 12:54:41,502 [INFO] IPUIPlugin:80 - create IPUIPlugin
2025-12-07 12:54:41,502 [INFO] PluginManager:220 - loadIPPluginJar : add dma
2025-12-07 12:54:41,507 [INFO] IPUIPlugin:80 - create IPUIPlugin
2025-12-07 12:54:41,507 [INFO] PluginManager:220 - loadIPPluginJar : add linkedlist
2025-12-07 12:54:41,508 [INFO] IPUIPlugin:80 - create IPUIPlugin
2025-12-07 12:54:41,509 [INFO] PluginManager:220 - loadIPPluginJar : add pdm2pcm
2025-12-07 12:54:41,511 [INFO] IPUIPlugin:80 - create IPUIPlugin
2025-12-07 12:54:41,511 [INFO] PluginManager:220 - loadIPPluginJar : add gpio
2025-12-07 12:54:41,513 [INFO] IPUIPlugin:80 - create IPUIPlugin
2025-12-07 12:54:41,513 [INFO] PluginManager:220 - loadIPPluginJar : add extmemmanager
2025-12-07 12:54:41,516 [INFO] IPUIPlugin:80 - create IPUIPlugin
2025-12-07 12:54:41,516 [INFO] PluginManager:220 - loadIPPluginJar : add gic
2025-12-07 12:54:41,517 [INFO] IPUIPlugin:80 - create IPUIPlugin
2025-12-07 12:54:41,517 [INFO] PluginManager:220 - loadIPPluginJar : add lorawan
2025-12-07 12:54:41,518 [INFO] IPUIPlugin:80 - create IPUIPlugin
2025-12-07 12:54:41,518 [INFO] PluginManager:220 - loadIPPluginJar : add tsc
2025-12-07 12:54:41,519 [INFO] IPUIPlugin:80 - create IPUIPlugin
2025-12-07 12:54:41,519 [INFO] PluginManager:220 - loadIPPluginJar : add spi
2025-12-07 12:54:41,522 [INFO] IPUIPlugin:80 - create IPUIPlugin
2025-12-07 12:54:41,522 [INFO] PluginManager:220 - loadIPPluginJar : add stm32_wpan
2025-12-07 12:54:41,524 [INFO] IPUIPlugin:80 - create IPUIPlugin
2025-12-07 12:54:41,524 [INFO] PluginManager:220 - loadIPPluginJar : add openamp
2025-12-07 12:54:41,525 [INFO] IPUIPlugin:80 - create IPUIPlugin
2025-12-07 12:54:41,525 [INFO] PluginManager:220 - loadIPPluginJar : add ts
2025-12-07 12:54:41,526 [INFO] IPUIPlugin:80 - create IPUIPlugin
2025-12-07 12:54:41,526 [INFO] PluginManager:220 - loadIPPluginJar : add gtzc
2025-12-07 12:54:41,527 [INFO] IPUIPlugin:80 - create IPUIPlugin
2025-12-07 12:54:41,528 [INFO] PluginManager:220 - loadIPPluginJar : add i3c
2025-12-07 12:54:41,528 [INFO] IPUIPlugin:80 - create IPUIPlugin
2025-12-07 12:54:41,528 [INFO] PluginManager:220 - loadIPPluginJar : add genericplugin
2025-12-07 12:54:41,530 [INFO] IPUIPlugin:80 - create IPUIPlugin
2025-12-07 12:54:41,530 [INFO] PluginManager:220 - loadIPPluginJar : add gfxmmu
2025-12-07 12:54:41,531 [INFO] IPUIPlugin:80 - create IPUIPlugin
2025-12-07 12:54:41,532 [INFO] PluginManager:220 - loadIPPluginJar : add usart
2025-12-07 12:54:41,532 [INFO] IPUIPlugin:80 - create IPUIPlugin
2025-12-07 12:54:41,532 [INFO] PluginManager:220 - loadIPPluginJar : add ucpd
2025-12-07 12:54:41,535 [INFO] IPUIPlugin:80 - create IPUIPlugin
2025-12-07 12:54:41,535 [INFO] PluginManager:220 - loadIPPluginJar : add fmc
2025-12-07 12:54:41,622 [FATAL] Updater:351 - Updater called before beeing initialized
2025-12-07 12:54:41,639 [INFO] RulesReader:64 - Compatibility file has been processed (317 Rules)
2025-12-07 12:54:41,643 [INFO] RulesReader:64 - Compatibility file has been processed (317 Rules)
2025-12-07 12:54:41,647 [INFO] CADModel:165 - CPN selected for project level
2025-12-07 12:54:41,647 [INFO] CADModel:114 - Register for checkConnection events
2025-12-07 12:54:41,647 [FATAL] Updater:351 - Updater called before beeing initialized
2025-12-07 12:54:41,647 [ERROR] CADModel:125 - Updater not yet initialized, retry later 
2025-12-07 12:54:41,727 [FATAL] Updater:351 - Updater called before beeing initialized
2025-12-07 12:54:41,729 [INFO] CADModel:165 - CPN selected for project level
2025-12-07 12:54:41,729 [INFO] CADModel:114 - Register for checkConnection events
2025-12-07 12:54:41,729 [FATAL] Updater:351 - Updater called before beeing initialized
2025-12-07 12:54:41,729 [ERROR] CADModel:125 - Updater not yet initialized, retry later 
2025-12-07 12:54:41,731 [FATAL] Updater:351 - Updater called before beeing initialized
2025-12-07 12:54:41,788 [FATAL] Updater:351 - Updater called before beeing initialized
2025-12-07 12:54:41,791 [INFO] DbMcusAds:53 - JSON generation date=Thu Oct 02 12:36:05 EEST 2025 (1759397765645)
2025-12-07 12:54:41,791 [FATAL] Updater:351 - Updater called before beeing initialized
2025-12-07 12:54:41,809 [WARN] DetailPanel:346 - Failed to get advertising image, set to default
2025-12-07 12:54:41,850 [FATAL] Updater:351 - Updater called before beeing initialized
2025-12-07 12:54:41,852 [FATAL] Updater:351 - Updater called before beeing initialized
2025-12-07 12:54:41,852 [FATAL] Updater:351 - Updater called before beeing initialized
2025-12-07 12:54:41,852 [WARN] DetailPanel:346 - Failed to get advertising image, set to default
2025-12-07 12:54:41,853 [FATAL] Updater:351 - Updater called before beeing initialized
2025-12-07 12:54:41,869 [ERROR] Updater:1198 - MainUpdater not yet initialized. External WinMGr cannot be set.
2025-12-07 12:54:41,870 [INFO] Updater:1134 - Updater Version found : 6.15.0
2025-12-07 12:54:41,880 [INFO] ApplicationProperties:184 - Using Application install path: /home/traian/st/stm32cubeide_1.19.0/plugins/com.st.stm32cube.common.mx_6.15.0.202507011659
2025-12-07 12:54:42,205 [INFO] MainUpdater:2872 - connection check result : 10
2025-12-07 12:54:42,205 [INFO] MainUpdater:289 - Updater Check For Update Now.
2025-12-07 12:54:42,205 [INFO] MicroXplorer:498 - Change Database Version : DB.6.0.150
2025-12-07 12:54:42,210 [INFO] McuFinderGlobals:63 - Set McuFinder mode to 2 (CubeIDE integrated)
2025-12-07 12:54:42,211 [INFO] UserAuth:487 - Internet connection configuration mode: 1
2025-12-07 12:54:42,225 [INFO] JxBrowserEngine:152 - Initiate JxBrowser Engine with user profile folder
2025-12-07 12:54:42,338 [INFO] CheckServerUpdateThread:120 - End of CheckServer Thread
2025-12-07 12:54:43,087 [INFO] WebApp:169 - Instantiating new browser for Auth
2025-12-07 12:54:43,557 [INFO] WebApp:463 - Apply proxy settings
2025-12-07 12:54:43,557 [INFO] WebApp:548 - Chromium requires no authentication
2025-12-07 12:54:43,565 [INFO] WebApp:491 - Direct internet connection detected
2025-12-07 12:54:43,576 [INFO] WebApp:900 - Register for checkConnection events
2025-12-07 12:54:43,576 [INFO] WebApp:463 - Apply proxy settings
2025-12-07 12:54:43,576 [INFO] WebApp:548 - Chromium requires no authentication
2025-12-07 12:54:43,577 [INFO] WebApp:491 - Direct internet connection detected
2025-12-07 12:54:43,659 [INFO] WebApp:225 - Starting web application
2025-12-07 12:54:43,659 [INFO] WebApp:593 - Web application path used /home/traian/st/stm32cubeide_1.19.0/plugins/com.st.stm32cube.common.mx_6.15.0.202507011659/db/plugins/mcufinder/reactClient1/index.html
2025-12-07 12:54:43,721 [INFO] UserAuth:487 - Internet connection configuration mode: 1
2025-12-07 12:54:43,915 [INFO] WebApp:191 - Connection restablished
2025-12-07 12:54:44,206 [WARN] PackLoader:240 - Cannot read IP mode file for STMicroelectronics.FP-SNS-MOTENVWB1.1.4.0
2025-12-07 12:54:44,209 [WARN] PackLoader:240 - Cannot read IP mode file for STMicroelectronics.FP-ATR-ASTRA1.2.0.2
2025-12-07 12:54:44,213 [WARN] PackLoader:240 - Cannot read IP mode file for STMicroelectronics.X-CUBE-SMBUS.2.1.0
2025-12-07 12:54:44,215 [WARN] PackLoader:240 - Cannot read IP mode file for STMicroelectronics.X-CUBE-ST60.1.0.0
2025-12-07 12:54:44,227 [WARN] PackLoader:240 - Cannot read IP mode file for STMicroelectronics.X-CUBE-AZRTOS-F7.1.1.0
2025-12-07 12:54:44,231 [WARN] PackLoader:240 - Cannot read IP mode file for Cesanta.I-CUBE-Mongoose.7.19.0
2025-12-07 12:54:44,233 [WARN] PackLoader:240 - Cannot read IP mode file for STMicroelectronics.FP-SNS-MOTENV1.5.1.0
2025-12-07 12:54:44,237 [WARN] PackLoader:240 - Cannot read IP mode file for WES.I-CUBE-Cesium.1.4.0
2025-12-07 12:54:44,250 [WARN] PackLoader:240 - Cannot read IP mode file for Infineon.AIROC-Wi-Fi-Bluetooth-STM32.1.7.1
2025-12-07 12:54:44,272 [WARN] PackLoader:240 - Cannot read IP mode file for STMicroelectronics.X-CUBE-AZRTOS-H7.3.4.0
2025-12-07 12:54:44,280 [WARN] PackLoader:240 - Cannot read IP mode file for STMicroelectronics.X-CUBE-DISPLAY.3.0.0
2025-12-07 12:54:44,298 [WARN] PackLoader:240 - Cannot read IP mode file for STMicroelectronics.X-CUBE-NFC10.1.0.0
2025-12-07 12:54:44,302 [WARN] PackLoader:240 - Cannot read IP mode file for STMicroelectronics.X-CUBE-ST60.1.1.0
2025-12-07 12:54:44,306 [WARN] PackLoader:240 - Cannot read IP mode file for emotas.I-CUBE-CANOPEN.1.3.0
2025-12-07 12:54:44,309 [WARN] PackLoader:240 - Cannot read IP mode file for STMicroelectronics.X-CUBE-GNSS1.7.1.0
2025-12-07 12:54:44,315 [WARN] PackLoader:240 - Cannot read IP mode file for STMicroelectronics.FP-SNS-STBOX1.2.1.0
2025-12-07 12:54:44,320 [WARN] PackLoader:240 - Cannot read IP mode file for STMicroelectronics.FP-SNS-SMARTAG2.1.2.0
2025-12-07 12:54:44,322 [WARN] PackLoader:240 - Cannot read IP mode file for STMicroelectronics.FP-SNS-FLIGHT1.5.1.0
2025-12-07 12:54:44,329 [INFO] LogOutputStream:77 - [STDOUT_REDIRECT] 1 : Invalid condition id : UX_CORESTACK_Condition cause : null
2025-12-07 12:54:44,329 [INFO] LogOutputStream:77 - [STDOUT_REDIRECT] 1 : Invalid condition id : UX_CORESTACK_Condition cause : null
2025-12-07 12:54:44,329 [INFO] LogOutputStream:77 - [STDOUT_REDIRECT] 1 : Invalid condition id : UX_CORESTACK_Condition cause : null
2025-12-07 12:54:44,329 [INFO] LogOutputStream:77 - [STDOUT_REDIRECT] 1 : Invalid condition id : UX_CORESTACK_Condition cause : null
2025-12-07 12:54:44,330 [INFO] LogOutputStream:77 - [STDOUT_REDIRECT] 1 : Invalid condition id : UX_CORESTACK_Condition cause : null
2025-12-07 12:54:44,332 [WARN] PackLoader:240 - Cannot read IP mode file for STMicroelectronics.X-CUBE-AZRTOS-WL.2.0.0
2025-12-07 12:54:44,335 [WARN] PackLoader:240 - Cannot read IP mode file for STMicroelectronics.FP-SNS-MOTENV1.5.0.0
2025-12-07 12:54:44,350 [WARN] PackLoader:240 - Cannot read IP mode file for STMicroelectronics.X-CUBE-AZRTOS-H7RS.1.2.0
2025-12-07 12:54:44,356 [WARN] PackLoader:240 - Cannot read IP mode file for STMicroelectronics.X-CUBE-BLE2.3.3.0
2025-12-07 12:54:44,367 [WARN] PackLoader:240 - Cannot read IP mode file for STMicroelectronics.X-CUBE-NFC9.1.0.0
2025-12-07 12:54:44,370 [WARN] PackLoader:240 - Cannot read IP mode file for wolfSSL.I-CUBE-wolfSSL.5.8.2
2025-12-07 12:54:44,372 [WARN] PackLoader:240 - Cannot read IP mode file for STMicroelectronics.X-CUBE-BLE1.7.1.0
2025-12-07 12:54:44,374 [WARN] PackLoader:240 - Cannot read IP mode file for wolfSSL.I-CUBE-wolfMQTT.1.19.2
2025-12-07 12:54:44,376 [WARN] PackLoader:240 - Cannot read IP mode file for STMicroelectronics.X-CUBE-FREERTOS.1.4.0
2025-12-07 12:54:44,378 [WARN] PackLoader:240 - Cannot read IP mode file for STMicroelectronics.X-CUBE-EEPRMA1.5.2.0
2025-12-07 12:54:44,382 [WARN] PackLoader:240 - Cannot read IP mode file for STMicroelectronics.X-CUBE-ST67W61.1.1.0
2025-12-07 12:54:44,399 [WARN] PackLoader:240 - Cannot read IP mode file for STMicroelectronics.X-CUBE-MEMS1.12.0.0
2025-12-07 12:54:44,497 [WARN] PackLoader:240 - Cannot read IP mode file for STMicroelectronics.X-CUBE-AZRTOS-G0.1.1.0
2025-12-07 12:54:44,503 [WARN] PackLoader:240 - Cannot read IP mode file for STMicroelectronics.X-CUBE-SAFEA1.1.2.2
2025-12-07 12:54:44,506 [WARN] PackLoader:240 - Cannot read IP mode file for STMicroelectronics.X-CUBE-NFC4.3.0.0
2025-12-07 12:54:44,512 [WARN] PackLoader:240 - Cannot read IP mode file for EmbeddedOffice.I-CUBE-FS-RTOS.1.0.1
2025-12-07 12:54:44,515 [WARN] PackLoader:240 - Cannot read IP mode file for STMicroelectronics.X-CUBE-WB05N.2.0.0
2025-12-07 12:54:44,518 [WARN] PackLoader:240 - Cannot read IP mode file for wolfSSL.I-CUBE-wolfTPM.3.8.0
2025-12-07 12:54:44,521 [WARN] PackLoader:240 - Cannot read IP mode file for STMicroelectronics.X-CUBE-TCPP.4.2.0
2025-12-07 12:54:44,525 [WARN] PackLoader:240 - Cannot read IP mode file for RealThread.X-CUBE-RT-Thread_Nano.4.1.1
2025-12-07 12:54:44,528 [WARN] PackLoader:240 - Cannot read IP mode file for STMicroelectronics.FP-ATR-SIGFOX1.3.2.0
2025-12-07 12:54:44,532 [WARN] PackLoader:240 - Cannot read IP mode file for ITTIA_DB.I-CUBE-ITTIADB.8.9.0
2025-12-07 12:54:44,537 [WARN] PackLoader:240 - Cannot read IP mode file for STMicroelectronics.X-CUBE-ST67W61.1.0.0
2025-12-07 12:54:44,540 [WARN] PackLoader:240 - Cannot read IP mode file for STMicroelectronics.X-CUBE-AI.10.2.0
2025-12-07 12:54:44,560 [WARN] PackLoader:240 - Cannot read IP mode file for SEGGER.I-CUBE-embOS.1.3.1
2025-12-07 12:54:44,580 [WARN] PackLoader:240 - Cannot read IP mode file for STMicroelectronics.X-CUBE-ALGOBUILD.1.4.0
2025-12-07 12:54:44,598 [WARN] PackLoader:240 - Cannot read IP mode file for STMicroelectronics.X-CUBE-MEMS1.11.3.0
2025-12-07 12:54:44,685 [WARN] PackLoader:240 - Cannot read IP mode file for STMicroelectronics.X-CUBE-PM33A1.1.0.0
2025-12-07 12:54:44,694 [WARN] PackLoader:240 - Cannot read IP mode file for STMicroelectronics.X-CUBE-AZRTOS-F4.1.1.0
2025-12-07 12:54:44,698 [WARN] PackLoader:240 - Cannot read IP mode file for STMicroelectronics.X-CUBE-ISPU.2.1.0
2025-12-07 12:54:44,705 [WARN] PackLoader:240 - Cannot read IP mode file for STMicroelectronics.X-CUBE-IPS.3.2.0
2025-12-07 12:54:44,712 [WARN] PackLoader:240 - Cannot read IP mode file for STMicroelectronics.X-CUBE-NFC12.1.0.0
2025-12-07 12:54:44,721 [WARN] PackLoader:240 - Cannot read IP mode file for STMicroelectronics.X-CUBE-AZRTOS-L5.2.0.0
2025-12-07 12:54:44,727 [WARN] PackLoader:240 - Cannot read IP mode file for STMicroelectronics.X-CUBE-NFC6.3.1.0
2025-12-07 12:54:44,731 [WARN] PackLoader:240 - Cannot read IP mode file for STMicroelectronics.X-CUBE-FREERTOS.1.3.1
2025-12-07 12:54:44,734 [WARN] PackLoader:240 - Cannot read IP mode file for STMicroelectronics.X-CUBE-TOUCHGFX.4.26.0
2025-12-07 12:54:44,737 [WARN] PackLoader:240 - Cannot read IP mode file for STMicroelectronics.FP-SNS-STAIOTCFT.1.0.0
2025-12-07 12:54:44,740 [WARN] PackLoader:240 - Cannot read IP mode file for STMicroelectronics.X-CUBE-DPower.1.3.0
2025-12-07 12:54:44,748 [WARN] ConditionMgr:438 - getConditionDescription Invalid condition id : LAN8742 Phy interface Condition cause : null
2025-12-07 12:54:44,748 [WARN] PackLoader:240 - Cannot read IP mode file for STMicroelectronics.X-CUBE-AZRTOS-L4.2.0.0
2025-12-07 12:54:44,749 [WARN] ConditionMgr:1044 - genDependencies : Invalid condition id : LAN8742 Phy interface Condition cause : null
2025-12-07 12:54:44,749 [WARN] ConditionMgr:1044 - genDependencies : Invalid condition id : LAN8742 Phy interface Condition cause : null
2025-12-07 12:54:44,749 [WARN] ConditionMgr:1044 - genDependencies : Invalid condition id : LAN8742 Phy interface Condition cause : null
2025-12-07 12:54:44,752 [WARN] PackLoader:240 - Cannot read IP mode file for STMicroelectronics.X-CUBE-SFXS2LP1.4.0.0
2025-12-07 12:54:44,755 [WARN] PackLoader:240 - Cannot read IP mode file for STMicroelectronics.X-CUBE-BLEMGR.4.1.0
2025-12-07 12:54:44,760 [WARN] ConditionMgr:438 - getConditionDescription Invalid condition id : UX DEVICE CLASS RTOS Condition cause : null
2025-12-07 12:54:44,760 [WARN] ConditionMgr:438 - getConditionDescription Invalid condition id : UX DEVICE CLASS RTOS Condition cause : null
2025-12-07 12:54:44,760 [WARN] PackLoader:240 - Cannot read IP mode file for STMicroelectronics.X-CUBE-AZRTOS-WB.2.0.0
2025-12-07 12:54:44,761 [WARN] ConditionMgr:1044 - genDependencies : Invalid condition id : UX DEVICE CLASS RTOS Condition cause : null
2025-12-07 12:54:44,761 [WARN] ConditionMgr:1044 - genDependencies : Invalid condition id : UX DEVICE CLASS RTOS Condition cause : null
2025-12-07 12:54:44,761 [WARN] ConditionMgr:1044 - genDependencies : Invalid condition id : UX DEVICE CLASS RTOS Condition cause : null
2025-12-07 12:54:44,761 [WARN] ConditionMgr:1044 - genDependencies : Invalid condition id : UX DEVICE CLASS RTOS Condition cause : null
2025-12-07 12:54:44,761 [WARN] ConditionMgr:1044 - genDependencies : Invalid condition id : UX DEVICE CLASS RTOS Condition cause : null
2025-12-07 12:54:44,763 [WARN] PackLoader:240 - Cannot read IP mode file for STMicroelectronics.X-CUBE-GNSS1.7.0.1
2025-12-07 12:54:44,764 [WARN] ConditionMgr:438 - getConditionDescription Invalid condition id : Cortex-A Device cause : null
2025-12-07 12:54:44,767 [WARN] ConditionMgr:1044 - genDependencies : Invalid condition id : Cortex-A Device cause : null
2025-12-07 12:54:44,767 [WARN] ConditionMgr:1044 - genDependencies : Invalid condition id : Cortex-A Device cause : null
2025-12-07 12:54:44,768 [WARN] ConditionMgr:1044 - genDependencies : Invalid condition id : Cortex-A Device cause : null
2025-12-07 12:54:44,773 [WARN] PackLoader:240 - Cannot read IP mode file for STMicroelectronics.X-CUBE-SUBG2.5.0.0
2025-12-07 12:54:44,786 [WARN] PackLoader:240 - Cannot read IP mode file for STMicroelectronics.X-CUBE-AZRTOS-H7RS.1.1.0
2025-12-07 12:54:44,793 [WARN] PackLoader:240 - Cannot read IP mode file for STMicroelectronics.X-CUBE-AZRTOS-G4.2.0.0
2025-12-07 12:54:44,795 [WARN] PackLoader:240 - Cannot read IP mode file for wolfSSL.I-CUBE-wolfSSH.1.4.20
2025-12-07 12:54:44,796 [WARN] PackLoader:240 - Cannot read IP mode file for STMicroelectronics.X-CUBE-NFC7.2.0.0
2025-12-07 12:54:44,801 [WARN] PackLoader:240 - Cannot read IP mode file for STMicroelectronics.X-CUBE-IPS.3.1.0
2025-12-07 12:54:44,804 [WARN] PackLoader:240 - Cannot read IP mode file for STMicroelectronics.X-CUBE-ALS.1.0.2
2025-12-07 12:54:44,808 [WARN] PackLoader:240 - Cannot read IP mode file for STMicroelectronics.X-CUBE-STSE01.1.0.0
2025-12-07 12:54:44,821 [WARN] PackLoader:240 - Cannot read IP mode file for STMicroelectronics.X-CUBE-TOF1.3.4.3
2025-12-07 12:54:44,827 [INFO] ThirdParty:978 - Integrity check success = true
2025-12-07 12:54:44,827 [INFO] IntegrityCheckThread:100 - exiting critical section [integrity check]
2025-12-07 12:54:44,827 [INFO] IntegrityCheckThread:103 - End integrity checks thread
2025-12-07 13:06:41,085 [INFO] Activator:176 - 


2025-12-07 13:06:41,086 [INFO] Activator:177 - !SESSION log4j initialized
2025-12-07 13:06:43,649 [INFO] LogOutputStream:77 - [STDOUT_REDIRECT] 
2025-12-07 13:06:44,037 [INFO] ApplicationProperties:184 - Using Application install path: /home/traian/st/stm32cubeide_1.19.0/plugins/com.st.stm32cube.common.mx_6.15.0.202507011659
2025-12-07 13:06:44,045 [INFO] DbMcusXml:78 - Set database path to: /home/traian/st/stm32cubeide_1.19.0/plugins/com.st.stm32cube.common.mx_6.15.0.202507011659//db//mcu/
2025-12-07 13:06:44,046 [INFO] ApiDb:274 - Set plugin database path to: /home/traian/st/stm32cubeide_1.19.0/plugins/com.st.stm32cube.common.mx_6.15.0.202507011659//db//plugins/boardmanager/
2025-12-07 13:06:44,046 [WARN] ApiDb:259 - Overriding images path with different value:  => /home/traian/st/stm32cubeide_1.19.0/plugins/com.st.stm32cube.common.mx_6.15.0.202507011659//db//plugins/mcufinder/images/
2025-12-07 13:06:44,047 [INFO] ApiDb:250 - Set database path to: /home/traian/.stmcufinder/plugins/mcufinder//mcu/
2025-12-07 13:06:44,048 [INFO] DbMcusAds:125 - Set database path to: /home/traian/.stmcufinder/plugins/mcufinder//mcu/
2025-12-07 13:06:44,049 [INFO] CrossReferenceDbSqlite:203 - Set database path to: /home/traian/.stmcufinder/plugins/mcufinder//mcu/cs/
2025-12-07 13:06:44,113 [INFO] RulesReader:64 - Compatibility file has been processed (317 Rules)
2025-12-07 13:06:44,145 [INFO] DbMcusXml:78 - Set database path to: /home/traian/st/stm32cubeide_1.19.0/plugins/com.st.stm32cube.common.mx_6.15.0.202507011659//db//mcu/
2025-12-07 13:06:44,145 [INFO] ApiDb:274 - Set plugin database path to: /home/traian/st/stm32cubeide_1.19.0/plugins/com.st.stm32cube.common.mx_6.15.0.202507011659//db//plugins/boardmanager/
2025-12-07 13:06:44,145 [INFO] ApiDb:261 - Set plugin images path to: /home/traian/st/stm32cubeide_1.19.0/plugins/com.st.stm32cube.common.mx_6.15.0.202507011659//db//plugins/mcufinder/images/
2025-12-07 13:06:44,145 [WARN] DbFile:41 - Overriding database path with different value: /home/traian/.stmcufinder/plugins/mcufinder/ => /home/traian/.stmcufinder/plugins/mcufinder
2025-12-07 13:06:44,145 [INFO] ApiDb:250 - Set database path to: /home/traian/.stmcufinder/plugins/mcufinder//mcu/
2025-12-07 13:06:44,145 [WARN] DbFile:41 - Overriding database path with different value: /home/traian/.stmcufinder/plugins/mcufinder/ => /home/traian/.stmcufinder/plugins/mcufinder
2025-12-07 13:06:44,145 [INFO] DbMcusAds:125 - Set database path to: /home/traian/.stmcufinder/plugins/mcufinder//mcu/
2025-12-07 13:06:44,145 [WARN] DbFile:41 - Overriding database path with different value: /home/traian/.stmcufinder/plugins/mcufinder/ => /home/traian/.stmcufinder/plugins/mcufinder
2025-12-07 13:06:44,145 [WARN] DbFile:41 - Overriding database path with different value: /home/traian/.stmcufinder/plugins/mcufinder/ => /home/traian/.stmcufinder/plugins/mcufinder
2025-12-07 13:06:44,145 [INFO] CrossReferenceDbSqlite:203 - Set database path to: /home/traian/.stmcufinder/plugins/mcufinder//mcu/cs/
2025-12-07 13:06:44,175 [INFO] MainPanel:274 - HeapMemory: 268435456
2025-12-07 13:06:44,234 [INFO] DbMcusXml:78 - Set database path to: /home/traian/st/stm32cubeide_1.19.0/plugins/com.st.stm32cube.common.mx_6.15.0.202507011659//db//mcu/
2025-12-07 13:06:44,234 [INFO] ApiDb:274 - Set plugin database path to: /home/traian/st/stm32cubeide_1.19.0/plugins/com.st.stm32cube.common.mx_6.15.0.202507011659//db//plugins/boardmanager/
2025-12-07 13:06:44,234 [INFO] ApiDb:261 - Set plugin images path to: /home/traian/st/stm32cubeide_1.19.0/plugins/com.st.stm32cube.common.mx_6.15.0.202507011659//db//plugins/mcufinder/images/
2025-12-07 13:06:44,234 [WARN] DbFile:41 - Overriding database path with different value: /home/traian/.stmcufinder/plugins/mcufinder/ => /home/traian/.stmcufinder/plugins/mcufinder
2025-12-07 13:06:44,234 [INFO] ApiDb:250 - Set database path to: /home/traian/.stmcufinder/plugins/mcufinder//mcu/
2025-12-07 13:06:44,234 [WARN] DbFile:41 - Overriding database path with different value: /home/traian/.stmcufinder/plugins/mcufinder/ => /home/traian/.stmcufinder/plugins/mcufinder
2025-12-07 13:06:44,234 [INFO] DbMcusAds:125 - Set database path to: /home/traian/.stmcufinder/plugins/mcufinder//mcu/
2025-12-07 13:06:44,234 [WARN] DbFile:41 - Overriding database path with different value: /home/traian/.stmcufinder/plugins/mcufinder/ => /home/traian/.stmcufinder/plugins/mcufinder
2025-12-07 13:06:44,234 [WARN] DbFile:41 - Overriding database path with different value: /home/traian/.stmcufinder/plugins/mcufinder/ => /home/traian/.stmcufinder/plugins/mcufinder
2025-12-07 13:06:44,234 [INFO] CrossReferenceDbSqlite:203 - Set database path to: /home/traian/.stmcufinder/plugins/mcufinder//mcu/cs/
2025-12-07 13:06:44,243 [INFO] ApplicationProperties:184 - Using Application install path: /home/traian/st/stm32cubeide_1.19.0/plugins/com.st.stm32cube.common.mx_6.15.0.202507011659
2025-12-07 13:06:44,244 [INFO] PluginManage:196 - Search for loadable plugins [exclusion list=, ]
2025-12-07 13:06:44,244 [INFO] PluginManage:310 - Check plugin analytics
2025-12-07 13:06:44,322 [INFO] AnalyticsPlugin:253 - Accepted Software Licenses: 
2025-12-07 13:06:44,322 [INFO] AnalyticsPlugin:255 - Accepted CMSIS Pack Licenses: 
2025-12-07 13:06:44,322 [INFO] AnalyticsPlugin:257 - Accepted Firmware Licenses: FW.U5.1.8.0
2025-12-07 13:06:44,324 [INFO] PluginManage:359 - Loaded plugin analytics (category:tool,tabindex:-1)
2025-12-07 13:06:44,324 [INFO] PluginManage:310 - Check plugin cadmodel
2025-12-07 13:06:44,326 [INFO] CADModel:105 - Init CAD model plugin
2025-12-07 13:06:44,326 [INFO] PluginManage:359 - Loaded plugin cadmodel (category:power,tabindex:5)
2025-12-07 13:06:44,326 [INFO] PluginManage:310 - Check plugin clock
2025-12-07 13:06:44,330 [INFO] PluginManage:359 - Loaded plugin clock (category:base,tabindex:2)
2025-12-07 13:06:44,330 [INFO] PluginManage:310 - Check plugin ddr
2025-12-07 13:06:44,331 [INFO] PluginManage:359 - Loaded plugin ddr (category:tool,tabindex:6)
2025-12-07 13:06:44,331 [INFO] PluginManage:310 - Check plugin filemanager
2025-12-07 13:06:44,411 [INFO] PluginManage:359 - Loaded plugin filemanager (category:base,tabindex:10)
2025-12-07 13:06:44,411 [INFO] PluginManage:310 - Check plugin ipmanager
2025-12-07 13:06:44,414 [INFO] PluginManage:359 - Loaded plugin ipmanager (category:base,tabindex:5)
2025-12-07 13:06:44,414 [INFO] PluginManage:310 - Check plugin lpbam
2025-12-07 13:06:44,418 [INFO] PluginManage:359 - Loaded plugin lpbam (category:base,tabindex:0)
2025-12-07 13:06:44,418 [INFO] PluginManage:310 - Check plugin memorymap
2025-12-07 13:06:44,423 [INFO] PluginManage:359 - Loaded plugin memorymap (category:base,tabindex:4)
2025-12-07 13:06:44,423 [INFO] PluginManage:310 - Check plugin pinoutandconfiguration
2025-12-07 13:06:44,426 [INFO] PluginManage:359 - Loaded plugin pinoutandconfiguration (category:base,tabindex:1)
2025-12-07 13:06:44,427 [INFO] PluginManage:310 - Check plugin pinoutconfig
2025-12-07 13:06:44,471 [WARN] SupportedApi:132 - Cannot load RTOS API schema: s4s-elt-must-match.1: The content of 'definitions' must match (annotation?, (simpleType | complexType)?, (unique | key | keyref)*)). A problem was found starting at: attribute.
2025-12-07 13:06:44,531 [INFO] PluginManage:359 - Loaded plugin pinoutconfig (category:base,tabindex:0)
2025-12-07 13:06:44,531 [INFO] PluginManage:310 - Check plugin power
2025-12-07 13:06:44,535 [INFO] PluginManage:359 - Loaded plugin power (category:power,tabindex:4)
2025-12-07 13:06:44,536 [INFO] PluginManage:310 - Check plugin projectmanager
2025-12-07 13:06:44,543 [INFO] PluginManage:359 - Loaded plugin projectmanager (category:projectmanager,tabindex:4)
2025-12-07 13:06:44,543 [INFO] PluginManage:310 - Check plugin rif
2025-12-07 13:06:44,547 [INFO] PluginManage:359 - Loaded plugin rif (category:base,tabindex:3)
2025-12-07 13:06:44,547 [INFO] PluginManage:310 - Check plugin thirdparty
2025-12-07 13:06:44,604 [INFO] PluginManage:359 - Loaded plugin thirdparty (category:base,tabindex:-1)
2025-12-07 13:06:44,604 [INFO] PluginManage:310 - Check plugin tools
2025-12-07 13:06:44,604 [WARN] IntegrityCheckThread:84 - waiting for thirdparty lock release [integrity check]
2025-12-07 13:06:44,604 [INFO] IntegrityCheckThread:86 - entering critical section [integrity check]
2025-12-07 13:06:44,604 [INFO] ThirdPartyUpdaterWithRetryManager:70 - Updater plugin not ready yet. [1/15]
2025-12-07 13:06:44,605 [INFO] PluginManage:359 - Loaded plugin tools (category:base,tabindex:7)
2025-12-07 13:06:44,605 [INFO] PluginManage:310 - Check plugin tutovideos
2025-12-07 13:06:44,706 [INFO] PluginManage:359 - Loaded plugin tutovideos (category:base,tabindex:-1)
2025-12-07 13:06:44,706 [INFO] PluginManage:310 - Check plugin updater
2025-12-07 13:06:44,719 [INFO] PluginManage:359 - Loaded plugin updater (category:base,tabindex:12)
2025-12-07 13:06:44,719 [INFO] PluginManage:310 - Check plugin userauth
2025-12-07 13:06:44,721 [INFO] UserAuth:118 - Init User Auth plugin
2025-12-07 13:06:44,722 [INFO] PluginManage:359 - Loaded plugin userauth (category:base,tabindex:14)
2025-12-07 13:06:44,722 [INFO] PluginManage:283 - PluginManage : Loaded plugins [18]
2025-12-07 13:06:44,811 [INFO] PinOutPanel:1589 - setPackage(No Configuration,No Configuration)
2025-12-07 13:06:44,844 [INFO] CADModel:165 - CPN selected for project level
2025-12-07 13:06:44,844 [INFO] CADModel:114 - Register for checkConnection events
2025-12-07 13:06:44,852 [INFO] IPUIPlugin:80 - create IPUIPlugin
2025-12-07 13:06:44,852 [INFO] PluginManager:220 - loadIPPluginJar : add i2c
2025-12-07 13:06:44,853 [INFO] IPUIPlugin:80 - create IPUIPlugin
2025-12-07 13:06:44,853 [INFO] PluginManager:220 - loadIPPluginJar : add i2s
2025-12-07 13:06:44,855 [INFO] IPUIPlugin:80 - create IPUIPlugin
2025-12-07 13:06:44,856 [INFO] PluginManager:220 - loadIPPluginJar : add resmgrutility
2025-12-07 13:06:44,856 [INFO] IPUIPlugin:80 - create IPUIPlugin
2025-12-07 13:06:44,856 [INFO] PluginManager:220 - loadIPPluginJar : add hash
2025-12-07 13:06:44,857 [INFO] IPUIPlugin:80 - create IPUIPlugin
2025-12-07 13:06:44,857 [INFO] PluginManager:220 - loadIPPluginJar : add usbx
2025-12-07 13:06:44,860 [INFO] IPUIPlugin:80 - create IPUIPlugin
2025-12-07 13:06:44,861 [INFO] PluginManager:220 - loadIPPluginJar : add plateformsettings
2025-12-07 13:06:44,862 [INFO] IPUIPlugin:80 - create IPUIPlugin
2025-12-07 13:06:44,862 [INFO] PluginManager:220 - loadIPPluginJar : add dma3
2025-12-07 13:06:44,863 [INFO] IPUIPlugin:80 - create IPUIPlugin
2025-12-07 13:06:44,863 [INFO] PluginManager:220 - loadIPPluginJar : add ddr_ctrl_phy
2025-12-07 13:06:44,863 [INFO] IPUIPlugin:80 - create IPUIPlugin
2025-12-07 13:06:44,864 [INFO] PluginManager:220 - loadIPPluginJar : add quadspi
2025-12-07 13:06:44,864 [INFO] IPUIPlugin:80 - create IPUIPlugin
2025-12-07 13:06:44,864 [INFO] PluginManager:220 - loadIPPluginJar : add ltdc
2025-12-07 13:06:44,865 [INFO] IPUIPlugin:80 - create IPUIPlugin
2025-12-07 13:06:44,865 [INFO] PluginManager:220 - loadIPPluginJar : add opamp
2025-12-07 13:06:44,866 [INFO] IPUIPlugin:80 - create IPUIPlugin
2025-12-07 13:06:44,867 [INFO] PluginManager:220 - loadIPPluginJar : add tim
2025-12-07 13:06:44,868 [INFO] IPUIPlugin:80 - create IPUIPlugin
2025-12-07 13:06:44,868 [INFO] PluginManager:220 - loadIPPluginJar : add ipddr
2025-12-07 13:06:44,869 [INFO] IPUIPlugin:80 - create IPUIPlugin
2025-12-07 13:06:44,869 [INFO] PluginManager:220 - loadIPPluginJar : add fatfs
2025-12-07 13:06:44,873 [INFO] IPUIPlugin:80 - create IPUIPlugin
2025-12-07 13:06:44,873 [INFO] PluginManager:220 - loadIPPluginJar : add adc
2025-12-07 13:06:44,874 [INFO] IPUIPlugin:80 - create IPUIPlugin
2025-12-07 13:06:44,874 [INFO] PluginManager:220 - loadIPPluginJar : add dfsdm
2025-12-07 13:06:44,875 [INFO] IPUIPlugin:80 - create IPUIPlugin
2025-12-07 13:06:44,875 [INFO] PluginManager:220 - loadIPPluginJar : add nvic
2025-12-07 13:06:44,876 [INFO] IPUIPlugin:80 - create IPUIPlugin
2025-12-07 13:06:44,876 [INFO] PluginManager:220 - loadIPPluginJar : add sai
2025-12-07 13:06:44,877 [INFO] IPUIPlugin:80 - create IPUIPlugin
2025-12-07 13:06:44,877 [INFO] PluginManager:220 - loadIPPluginJar : add touchsensing
2025-12-07 13:06:44,878 [INFO] IPUIPlugin:80 - create IPUIPlugin
2025-12-07 13:06:44,878 [INFO] PluginManager:220 - loadIPPluginJar : add comp
2025-12-07 13:06:44,878 [INFO] IPUIPlugin:80 - create IPUIPlugin
2025-12-07 13:06:44,879 [INFO] PluginManager:220 - loadIPPluginJar : add aes
2025-12-07 13:06:44,881 [INFO] IPUIPlugin:80 - create IPUIPlugin
2025-12-07 13:06:44,881 [INFO] PluginManager:220 - loadIPPluginJar : add freertos
2025-12-07 13:06:44,882 [INFO] IPUIPlugin:80 - create IPUIPlugin
2025-12-07 13:06:44,882 [INFO] PluginManager:220 - loadIPPluginJar : add radio
2025-12-07 13:06:44,883 [INFO] IPUIPlugin:80 - create IPUIPlugin
2025-12-07 13:06:44,883 [INFO] PluginManager:220 - loadIPPluginJar : add tracer_emb
2025-12-07 13:06:44,885 [INFO] IPUIPlugin:80 - create IPUIPlugin
2025-12-07 13:06:44,885 [INFO] PluginManager:220 - loadIPPluginJar : add cryp
2025-12-07 13:06:44,887 [INFO] IPUIPlugin:80 - create IPUIPlugin
2025-12-07 13:06:44,887 [INFO] PluginManager:220 - loadIPPluginJar : add can
2025-12-07 13:06:44,891 [INFO] IPUIPlugin:80 - create IPUIPlugin
2025-12-07 13:06:44,891 [INFO] PluginManager:220 - loadIPPluginJar : add mdma
2025-12-07 13:06:44,894 [INFO] IPUIPlugin:80 - create IPUIPlugin
2025-12-07 13:06:44,894 [INFO] PluginManager:220 - loadIPPluginJar : add dma
2025-12-07 13:06:44,898 [INFO] IPUIPlugin:80 - create IPUIPlugin
2025-12-07 13:06:44,898 [INFO] PluginManager:220 - loadIPPluginJar : add linkedlist
2025-12-07 13:06:44,899 [INFO] IPUIPlugin:80 - create IPUIPlugin
2025-12-07 13:06:44,899 [INFO] PluginManager:220 - loadIPPluginJar : add pdm2pcm
2025-12-07 13:06:44,901 [INFO] IPUIPlugin:80 - create IPUIPlugin
2025-12-07 13:06:44,901 [INFO] PluginManager:220 - loadIPPluginJar : add gpio
2025-12-07 13:06:44,902 [INFO] IPUIPlugin:80 - create IPUIPlugin
2025-12-07 13:06:44,902 [INFO] PluginManager:220 - loadIPPluginJar : add extmemmanager
2025-12-07 13:06:44,904 [INFO] IPUIPlugin:80 - create IPUIPlugin
2025-12-07 13:06:44,904 [INFO] PluginManager:220 - loadIPPluginJar : add gic
2025-12-07 13:06:44,905 [INFO] IPUIPlugin:80 - create IPUIPlugin
2025-12-07 13:06:44,905 [INFO] PluginManager:220 - loadIPPluginJar : add lorawan
2025-12-07 13:06:44,906 [INFO] IPUIPlugin:80 - create IPUIPlugin
2025-12-07 13:06:44,906 [INFO] PluginManager:220 - loadIPPluginJar : add tsc
2025-12-07 13:06:44,907 [INFO] IPUIPlugin:80 - create IPUIPlugin
2025-12-07 13:06:44,907 [INFO] PluginManager:220 - loadIPPluginJar : add spi
2025-12-07 13:06:44,910 [INFO] IPUIPlugin:80 - create IPUIPlugin
2025-12-07 13:06:44,911 [INFO] PluginManager:220 - loadIPPluginJar : add stm32_wpan
2025-12-07 13:06:44,912 [INFO] IPUIPlugin:80 - create IPUIPlugin
2025-12-07 13:06:44,912 [INFO] PluginManager:220 - loadIPPluginJar : add openamp
2025-12-07 13:06:44,912 [INFO] IPUIPlugin:80 - create IPUIPlugin
2025-12-07 13:06:44,912 [INFO] PluginManager:220 - loadIPPluginJar : add ts
2025-12-07 13:06:44,913 [INFO] IPUIPlugin:80 - create IPUIPlugin
2025-12-07 13:06:44,913 [INFO] PluginManager:220 - loadIPPluginJar : add gtzc
2025-12-07 13:06:44,914 [INFO] IPUIPlugin:80 - create IPUIPlugin
2025-12-07 13:06:44,914 [INFO] PluginManager:220 - loadIPPluginJar : add i3c
2025-12-07 13:06:44,915 [INFO] IPUIPlugin:80 - create IPUIPlugin
2025-12-07 13:06:44,915 [INFO] PluginManager:220 - loadIPPluginJar : add genericplugin
2025-12-07 13:06:44,915 [INFO] IPUIPlugin:80 - create IPUIPlugin
2025-12-07 13:06:44,915 [INFO] PluginManager:220 - loadIPPluginJar : add gfxmmu
2025-12-07 13:06:44,916 [INFO] IPUIPlugin:80 - create IPUIPlugin
2025-12-07 13:06:44,916 [INFO] PluginManager:220 - loadIPPluginJar : add usart
2025-12-07 13:06:44,917 [INFO] IPUIPlugin:80 - create IPUIPlugin
2025-12-07 13:06:44,917 [INFO] PluginManager:220 - loadIPPluginJar : add ucpd
2025-12-07 13:06:44,918 [INFO] IPUIPlugin:80 - create IPUIPlugin
2025-12-07 13:06:44,918 [INFO] PluginManager:220 - loadIPPluginJar : add fmc
2025-12-07 13:06:45,005 [FATAL] Updater:351 - Updater called before beeing initialized
2025-12-07 13:06:45,017 [INFO] RulesReader:64 - Compatibility file has been processed (317 Rules)
2025-12-07 13:06:45,021 [INFO] RulesReader:64 - Compatibility file has been processed (317 Rules)
2025-12-07 13:06:45,026 [INFO] CADModel:165 - CPN selected for project level
2025-12-07 13:06:45,026 [INFO] CADModel:114 - Register for checkConnection events
2025-12-07 13:06:45,026 [FATAL] Updater:351 - Updater called before beeing initialized
2025-12-07 13:06:45,026 [ERROR] CADModel:125 - Updater not yet initialized, retry later 
2025-12-07 13:06:45,097 [FATAL] Updater:351 - Updater called before beeing initialized
2025-12-07 13:06:45,098 [INFO] CADModel:165 - CPN selected for project level
2025-12-07 13:06:45,098 [INFO] CADModel:114 - Register for checkConnection events
2025-12-07 13:06:45,098 [FATAL] Updater:351 - Updater called before beeing initialized
2025-12-07 13:06:45,098 [ERROR] CADModel:125 - Updater not yet initialized, retry later 
2025-12-07 13:06:45,100 [FATAL] Updater:351 - Updater called before beeing initialized
2025-12-07 13:06:45,144 [FATAL] Updater:351 - Updater called before beeing initialized
2025-12-07 13:06:45,146 [INFO] DbMcusAds:53 - JSON generation date=Thu Oct 02 12:36:05 EEST 2025 (1759397765645)
2025-12-07 13:06:45,146 [FATAL] Updater:351 - Updater called before beeing initialized
2025-12-07 13:06:45,165 [WARN] DetailPanel:346 - Failed to get advertising image, set to default
2025-12-07 13:06:45,209 [FATAL] Updater:351 - Updater called before beeing initialized
2025-12-07 13:06:45,210 [FATAL] Updater:351 - Updater called before beeing initialized
2025-12-07 13:06:45,210 [FATAL] Updater:351 - Updater called before beeing initialized
2025-12-07 13:06:45,210 [WARN] DetailPanel:346 - Failed to get advertising image, set to default
2025-12-07 13:06:45,210 [FATAL] Updater:351 - Updater called before beeing initialized
2025-12-07 13:06:45,226 [ERROR] Updater:1198 - MainUpdater not yet initialized. External WinMGr cannot be set.
2025-12-07 13:06:45,227 [INFO] Updater:1134 - Updater Version found : 6.15.0
2025-12-07 13:06:45,245 [INFO] ApplicationProperties:184 - Using Application install path: /home/traian/st/stm32cubeide_1.19.0/plugins/com.st.stm32cube.common.mx_6.15.0.202507011659
2025-12-07 13:06:45,417 [INFO] MainUpdater:2872 - connection check result : 10
2025-12-07 13:06:45,417 [INFO] MainUpdater:289 - Updater Check For Update Now.
2025-12-07 13:06:45,417 [INFO] MicroXplorer:498 - Change Database Version : DB.6.0.150
2025-12-07 13:06:45,420 [INFO] McuFinderGlobals:63 - Set McuFinder mode to 2 (CubeIDE integrated)
2025-12-07 13:06:45,420 [INFO] UserAuth:487 - Internet connection configuration mode: 1
2025-12-07 13:06:45,429 [INFO] JxBrowserEngine:152 - Initiate JxBrowser Engine with user profile folder
2025-12-07 13:06:45,558 [INFO] CheckServerUpdateThread:120 - End of CheckServer Thread
2025-12-07 13:06:45,768 [INFO] WebApp:169 - Instantiating new browser for Auth
2025-12-07 13:06:46,077 [INFO] WebApp:463 - Apply proxy settings
2025-12-07 13:06:46,077 [INFO] WebApp:548 - Chromium requires no authentication
2025-12-07 13:06:46,082 [INFO] WebApp:491 - Direct internet connection detected
2025-12-07 13:06:46,093 [INFO] WebApp:900 - Register for checkConnection events
2025-12-07 13:06:46,093 [INFO] WebApp:463 - Apply proxy settings
2025-12-07 13:06:46,093 [INFO] WebApp:548 - Chromium requires no authentication
2025-12-07 13:06:46,093 [INFO] WebApp:491 - Direct internet connection detected
2025-12-07 13:06:46,176 [INFO] WebApp:225 - Starting web application
2025-12-07 13:06:46,176 [INFO] WebApp:593 - Web application path used /home/traian/st/stm32cubeide_1.19.0/plugins/com.st.stm32cube.common.mx_6.15.0.202507011659/db/plugins/mcufinder/reactClient1/index.html
2025-12-07 13:06:46,226 [INFO] UserAuth:487 - Internet connection configuration mode: 1
2025-12-07 13:06:46,440 [INFO] WebApp:191 - Connection restablished
2025-12-07 13:06:47,691 [WARN] PackLoader:240 - Cannot read IP mode file for STMicroelectronics.FP-SNS-MOTENVWB1.1.4.0
2025-12-07 13:06:47,698 [WARN] PackLoader:240 - Cannot read IP mode file for STMicroelectronics.FP-ATR-ASTRA1.2.0.2
2025-12-07 13:06:47,704 [WARN] PackLoader:240 - Cannot read IP mode file for STMicroelectronics.X-CUBE-SMBUS.2.1.0
2025-12-07 13:06:47,706 [WARN] PackLoader:240 - Cannot read IP mode file for STMicroelectronics.X-CUBE-ST60.1.0.0
2025-12-07 13:06:47,723 [WARN] PackLoader:240 - Cannot read IP mode file for STMicroelectronics.X-CUBE-AZRTOS-F7.1.1.0
2025-12-07 13:06:47,727 [WARN] PackLoader:240 - Cannot read IP mode file for Cesanta.I-CUBE-Mongoose.7.19.0
2025-12-07 13:06:47,729 [WARN] PackLoader:240 - Cannot read IP mode file for STMicroelectronics.FP-SNS-MOTENV1.5.1.0
2025-12-07 13:06:47,738 [WARN] PackLoader:240 - Cannot read IP mode file for WES.I-CUBE-Cesium.1.4.0
2025-12-07 13:06:47,758 [WARN] PackLoader:240 - Cannot read IP mode file for Infineon.AIROC-Wi-Fi-Bluetooth-STM32.1.7.1
2025-12-07 13:06:47,774 [WARN] PackLoader:240 - Cannot read IP mode file for STMicroelectronics.X-CUBE-AZRTOS-H7.3.4.0
2025-12-07 13:06:47,781 [WARN] PackLoader:240 - Cannot read IP mode file for STMicroelectronics.X-CUBE-DISPLAY.3.0.0
2025-12-07 13:06:47,791 [WARN] PackLoader:240 - Cannot read IP mode file for STMicroelectronics.X-CUBE-NFC10.1.0.0
2025-12-07 13:06:47,795 [WARN] PackLoader:240 - Cannot read IP mode file for STMicroelectronics.X-CUBE-ST60.1.1.0
2025-12-07 13:06:47,799 [WARN] PackLoader:240 - Cannot read IP mode file for emotas.I-CUBE-CANOPEN.1.3.0
2025-12-07 13:06:47,803 [WARN] PackLoader:240 - Cannot read IP mode file for STMicroelectronics.X-CUBE-GNSS1.7.1.0
2025-12-07 13:06:47,809 [WARN] PackLoader:240 - Cannot read IP mode file for STMicroelectronics.FP-SNS-STBOX1.2.1.0
2025-12-07 13:06:47,813 [WARN] PackLoader:240 - Cannot read IP mode file for STMicroelectronics.FP-SNS-SMARTAG2.1.2.0
2025-12-07 13:06:47,815 [WARN] PackLoader:240 - Cannot read IP mode file for STMicroelectronics.FP-SNS-FLIGHT1.5.1.0
2025-12-07 13:06:47,818 [INFO] LogOutputStream:77 - [STDOUT_REDIRECT] 1 : Invalid condition id : UX_CORESTACK_Condition cause : null
2025-12-07 13:06:47,818 [INFO] LogOutputStream:77 - [STDOUT_REDIRECT] 1 : Invalid condition id : UX_CORESTACK_Condition cause : null
2025-12-07 13:06:47,818 [INFO] LogOutputStream:77 - [STDOUT_REDIRECT] 1 : Invalid condition id : UX_CORESTACK_Condition cause : null
2025-12-07 13:06:47,819 [INFO] LogOutputStream:77 - [STDOUT_REDIRECT] 1 : Invalid condition id : UX_CORESTACK_Condition cause : null
2025-12-07 13:06:47,819 [INFO] LogOutputStream:77 - [STDOUT_REDIRECT] 1 : Invalid condition id : UX_CORESTACK_Condition cause : null
2025-12-07 13:06:47,820 [WARN] PackLoader:240 - Cannot read IP mode file for STMicroelectronics.X-CUBE-AZRTOS-WL.2.0.0
2025-12-07 13:06:47,823 [WARN] PackLoader:240 - Cannot read IP mode file for STMicroelectronics.FP-SNS-MOTENV1.5.0.0
2025-12-07 13:06:47,831 [WARN] PackLoader:240 - Cannot read IP mode file for STMicroelectronics.X-CUBE-AZRTOS-H7RS.1.2.0
2025-12-07 13:06:47,834 [WARN] PackLoader:240 - Cannot read IP mode file for STMicroelectronics.X-CUBE-BLE2.3.3.0
2025-12-07 13:06:47,843 [WARN] PackLoader:240 - Cannot read IP mode file for STMicroelectronics.X-CUBE-NFC9.1.0.0
2025-12-07 13:06:47,845 [WARN] PackLoader:240 - Cannot read IP mode file for wolfSSL.I-CUBE-wolfSSL.5.8.2
2025-12-07 13:06:47,847 [WARN] PackLoader:240 - Cannot read IP mode file for STMicroelectronics.X-CUBE-BLE1.7.1.0
2025-12-07 13:06:47,850 [WARN] PackLoader:240 - Cannot read IP mode file for wolfSSL.I-CUBE-wolfMQTT.1.19.2
2025-12-07 13:06:47,854 [WARN] PackLoader:240 - Cannot read IP mode file for STMicroelectronics.X-CUBE-FREERTOS.1.4.0
2025-12-07 13:06:47,857 [WARN] PackLoader:240 - Cannot read IP mode file for STMicroelectronics.X-CUBE-EEPRMA1.5.2.0
2025-12-07 13:06:47,860 [WARN] PackLoader:240 - Cannot read IP mode file for STMicroelectronics.X-CUBE-ST67W61.1.1.0
2025-12-07 13:06:47,889 [WARN] PackLoader:240 - Cannot read IP mode file for STMicroelectronics.X-CUBE-MEMS1.12.0.0
2025-12-07 13:06:47,961 [WARN] PackLoader:240 - Cannot read IP mode file for STMicroelectronics.X-CUBE-AZRTOS-G0.1.1.0
2025-12-07 13:06:47,964 [WARN] PackLoader:240 - Cannot read IP mode file for STMicroelectronics.X-CUBE-SAFEA1.1.2.2
2025-12-07 13:06:47,966 [WARN] PackLoader:240 - Cannot read IP mode file for STMicroelectronics.X-CUBE-NFC4.3.0.0
2025-12-07 13:06:47,970 [WARN] PackLoader:240 - Cannot read IP mode file for EmbeddedOffice.I-CUBE-FS-RTOS.1.0.1
2025-12-07 13:06:47,972 [WARN] PackLoader:240 - Cannot read IP mode file for STMicroelectronics.X-CUBE-WB05N.2.0.0
2025-12-07 13:06:47,974 [WARN] PackLoader:240 - Cannot read IP mode file for wolfSSL.I-CUBE-wolfTPM.3.8.0
2025-12-07 13:06:47,976 [WARN] PackLoader:240 - Cannot read IP mode file for STMicroelectronics.X-CUBE-TCPP.4.2.0
2025-12-07 13:06:47,979 [WARN] PackLoader:240 - Cannot read IP mode file for RealThread.X-CUBE-RT-Thread_Nano.4.1.1
2025-12-07 13:06:47,982 [WARN] PackLoader:240 - Cannot read IP mode file for STMicroelectronics.FP-ATR-SIGFOX1.3.2.0
2025-12-07 13:06:47,985 [WARN] PackLoader:240 - Cannot read IP mode file for ITTIA_DB.I-CUBE-ITTIADB.8.9.0
2025-12-07 13:06:47,988 [WARN] PackLoader:240 - Cannot read IP mode file for STMicroelectronics.X-CUBE-ST67W61.1.0.0
2025-12-07 13:06:47,990 [WARN] PackLoader:240 - Cannot read IP mode file for STMicroelectronics.X-CUBE-AI.10.2.0
2025-12-07 13:06:48,012 [WARN] PackLoader:240 - Cannot read IP mode file for SEGGER.I-CUBE-embOS.1.3.1
2025-12-07 13:06:48,039 [WARN] PackLoader:240 - Cannot read IP mode file for STMicroelectronics.X-CUBE-ALGOBUILD.1.4.0
2025-12-07 13:06:48,057 [WARN] PackLoader:240 - Cannot read IP mode file for STMicroelectronics.X-CUBE-MEMS1.11.3.0
2025-12-07 13:06:48,130 [WARN] PackLoader:240 - Cannot read IP mode file for STMicroelectronics.X-CUBE-PM33A1.1.0.0
2025-12-07 13:06:48,137 [WARN] PackLoader:240 - Cannot read IP mode file for STMicroelectronics.X-CUBE-AZRTOS-F4.1.1.0
2025-12-07 13:06:48,140 [WARN] PackLoader:240 - Cannot read IP mode file for STMicroelectronics.X-CUBE-ISPU.2.1.0
2025-12-07 13:06:48,145 [WARN] PackLoader:240 - Cannot read IP mode file for STMicroelectronics.X-CUBE-IPS.3.2.0
2025-12-07 13:06:48,151 [WARN] PackLoader:240 - Cannot read IP mode file for STMicroelectronics.X-CUBE-NFC12.1.0.0
2025-12-07 13:06:48,159 [WARN] PackLoader:240 - Cannot read IP mode file for STMicroelectronics.X-CUBE-AZRTOS-L5.2.0.0
2025-12-07 13:06:48,164 [WARN] PackLoader:240 - Cannot read IP mode file for STMicroelectronics.X-CUBE-NFC6.3.1.0
2025-12-07 13:06:48,184 [WARN] PackLoader:240 - Cannot read IP mode file for STMicroelectronics.X-CUBE-FREERTOS.1.3.1
2025-12-07 13:06:48,187 [WARN] PackLoader:240 - Cannot read IP mode file for STMicroelectronics.X-CUBE-TOUCHGFX.4.26.0
2025-12-07 13:06:48,190 [WARN] PackLoader:240 - Cannot read IP mode file for STMicroelectronics.FP-SNS-STAIOTCFT.1.0.0
2025-12-07 13:06:48,192 [WARN] PackLoader:240 - Cannot read IP mode file for STMicroelectronics.X-CUBE-DPower.1.3.0
2025-12-07 13:06:48,201 [WARN] ConditionMgr:438 - getConditionDescription Invalid condition id : LAN8742 Phy interface Condition cause : null
2025-12-07 13:06:48,202 [WARN] PackLoader:240 - Cannot read IP mode file for STMicroelectronics.X-CUBE-AZRTOS-L4.2.0.0
2025-12-07 13:06:48,203 [WARN] ConditionMgr:1044 - genDependencies : Invalid condition id : LAN8742 Phy interface Condition cause : null
2025-12-07 13:06:48,203 [WARN] ConditionMgr:1044 - genDependencies : Invalid condition id : LAN8742 Phy interface Condition cause : null
2025-12-07 13:06:48,203 [WARN] ConditionMgr:1044 - genDependencies : Invalid condition id : LAN8742 Phy interface Condition cause : null
2025-12-07 13:06:48,207 [WARN] PackLoader:240 - Cannot read IP mode file for STMicroelectronics.X-CUBE-SFXS2LP1.4.0.0
2025-12-07 13:06:48,214 [WARN] PackLoader:240 - Cannot read IP mode file for STMicroelectronics.X-CUBE-BLEMGR.4.1.0
2025-12-07 13:06:48,224 [WARN] ConditionMgr:438 - getConditionDescription Invalid condition id : UX DEVICE CLASS RTOS Condition cause : null
2025-12-07 13:06:48,225 [WARN] ConditionMgr:438 - getConditionDescription Invalid condition id : UX DEVICE CLASS RTOS Condition cause : null
2025-12-07 13:06:48,226 [WARN] PackLoader:240 - Cannot read IP mode file for STMicroelectronics.X-CUBE-AZRTOS-WB.2.0.0
2025-12-07 13:06:48,227 [WARN] ConditionMgr:1044 - genDependencies : Invalid condition id : UX DEVICE CLASS RTOS Condition cause : null
2025-12-07 13:06:48,227 [WARN] ConditionMgr:1044 - genDependencies : Invalid condition id : UX DEVICE CLASS RTOS Condition cause : null
2025-12-07 13:06:48,227 [WARN] ConditionMgr:1044 - genDependencies : Invalid condition id : UX DEVICE CLASS RTOS Condition cause : null
2025-12-07 13:06:48,228 [WARN] ConditionMgr:1044 - genDependencies : Invalid condition id : UX DEVICE CLASS RTOS Condition cause : null
2025-12-07 13:06:48,228 [WARN] ConditionMgr:1044 - genDependencies : Invalid condition id : UX DEVICE CLASS RTOS Condition cause : null
2025-12-07 13:06:48,232 [WARN] PackLoader:240 - Cannot read IP mode file for STMicroelectronics.X-CUBE-GNSS1.7.0.1
2025-12-07 13:06:48,235 [WARN] ConditionMgr:438 - getConditionDescription Invalid condition id : Cortex-A Device cause : null
2025-12-07 13:06:48,242 [WARN] ConditionMgr:1044 - genDependencies : Invalid condition id : Cortex-A Device cause : null
2025-12-07 13:06:48,242 [WARN] ConditionMgr:1044 - genDependencies : Invalid condition id : Cortex-A Device cause : null
2025-12-07 13:06:48,242 [WARN] ConditionMgr:1044 - genDependencies : Invalid condition id : Cortex-A Device cause : null
2025-12-07 13:06:48,253 [WARN] PackLoader:240 - Cannot read IP mode file for STMicroelectronics.X-CUBE-SUBG2.5.0.0
2025-12-07 13:06:48,261 [WARN] PackLoader:240 - Cannot read IP mode file for STMicroelectronics.X-CUBE-AZRTOS-H7RS.1.1.0
2025-12-07 13:06:48,267 [WARN] PackLoader:240 - Cannot read IP mode file for STMicroelectronics.X-CUBE-AZRTOS-G4.2.0.0
2025-12-07 13:06:48,270 [WARN] PackLoader:240 - Cannot read IP mode file for wolfSSL.I-CUBE-wolfSSH.1.4.20
2025-12-07 13:06:48,272 [WARN] PackLoader:240 - Cannot read IP mode file for STMicroelectronics.X-CUBE-NFC7.2.0.0
2025-12-07 13:06:48,276 [WARN] PackLoader:240 - Cannot read IP mode file for STMicroelectronics.X-CUBE-IPS.3.1.0
2025-12-07 13:06:48,280 [WARN] PackLoader:240 - Cannot read IP mode file for STMicroelectronics.X-CUBE-ALS.1.0.2
2025-12-07 13:06:48,283 [WARN] PackLoader:240 - Cannot read IP mode file for STMicroelectronics.X-CUBE-STSE01.1.0.0
2025-12-07 13:06:48,287 [WARN] PackLoader:240 - Cannot read IP mode file for STMicroelectronics.X-CUBE-TOF1.3.4.3
2025-12-07 13:06:48,293 [INFO] ThirdParty:978 - Integrity check success = true
2025-12-07 13:06:48,293 [INFO] IntegrityCheckThread:100 - exiting critical section [integrity check]
2025-12-07 13:06:48,293 [INFO] IntegrityCheckThread:103 - End integrity checks thread
2025-12-07 15:46:17,626 [ERROR] LogOutputStream:75 - [STDERR_REDIRECT] 
