../Src/demos.c:23:13:busy_wait_delay	24	static,ignoring_inline_asm
../Src/demos.c:30:13:display_task	16	static
../Src/demos.c:54:13:led_button_task	8	static
../Src/demos.c:70:13:actuator_task	16	static
../Src/demos.c:89:6:demo_baseline	16	static
../Src/demos.c:98:13:task_low_load	8	static
../Src/demos.c:117:13:task_medium_interference	8	static
../Src/demos.c:126:13:task_high_critical	16	static
../Src/demos.c:152:6:demo_priority_inversion	24	static
../Src/demos.c:173:13:logger_consumer_task	16	static
../Src/demos.c:187:13:producer_button_task	16	static
../Src/demos.c:200:13:producer_sensor_task	8	static
../Src/demos.c:211:13:display_task_simple	16	static
../Src/demos.c:223:6:demo_producer_consumer	16	static
../Src/demos.c:238:13:motor_start_callback	8	static
../Src/demos.c:244:13:timer_button_task	16	static
../Src/demos.c:259:13:heartbeat_task	8	static
../Src/demos.c:267:6:demo_timer	16	static
../Src/demos.c:275:13:task_yield_a	8	static
../Src/demos.c:286:13:task_yield_b	8	static
../Src/demos.c:297:6:demo_yield	16	static
../Src/demos.c:306:6:run_selected_demo	16	static
