/home/traian/RTOS/chip_headers/NUCLEO_CMSIS/Include/core_cm33.h:2587:22:__NVIC_SetPriority	16	static
../Src/osKernel.c:22:13:os_idle_thread	4	static
../Src/osKernel.c:33:6:SystemCoreClockUpdate	4	static
../Src/osKernel.c:39:6:osSchedulerLaunch	4	static,ignoring_inline_asm
../Src/osKernel.c:64:6:osKernelStackInit	32	static
../Src/osKernel.c:97:9:osKernelAddThreads	40	static,ignoring_inline_asm
../Src/osKernel.c:120:6:osKernelInit	16	static
../Src/osKernel.c:132:6:osKernelLaunch	16	static,ignoring_inline_asm
../Src/osKernel.c:161:6:task_runtime	4	static
../Src/osKernel.c:167:6:SysTick_Handler	8	static
../Src/osKernel.c:178:29:PendSV_Handler	0	static,ignoring_inline_asm
