../Src/rms_scheduler.c:46:6:scheduler_set_idle_task	16	static
../Src/rms_scheduler.c:48:12:new_task_condition	16	static
../Src/rms_scheduler.c:52:12:return_task_from_template	16	static
../Src/rms_scheduler.c:54:12:pending_enqueue	16	static
../Src/rms_scheduler.c:62:12:should_restore	16	static
../Src/rms_scheduler.c:66:6:scheduler_init	24	static
../Src/rms_scheduler.c:79:6:prepare_next_task	16	static
../Src/rms_scheduler.c:81:6:compute_task_priority	24	static
../Src/rms_scheduler.c:96:7:rms_task_templates_add	40	static
../Src/rms_scheduler.c:113:6:add_next_task	8	static
../Src/rms_scheduler.c:121:5:calculate_rms_bound	16	static
../Src/rms_scheduler.c:127:7:is_schedulable	24	static
../Src/rms_scheduler.c:145:7:start_scheduler	24	static
../Src/rms_scheduler.c:205:7:scheduler_add_task	24	static
../Src/rms_scheduler.c:219:8:scheduler_get_task	24	static
../Src/rms_scheduler.c:235:6:scheduler_dequeue_prio	24	static
../Src/rms_scheduler.c:242:6:scheduler_update_task_priority	24	static
../Src/rms_scheduler.c:266:7:scheduler_sleep_task	24	static
../Src/rms_scheduler.c:274:6:scheduler_release_tasks	16	static,ignoring_inline_asm
../Src/rms_scheduler.c:294:7:exists_higher_priority_task	24	static
../Src/rms_scheduler.c:305:7:exists_any_task	16	static
../Src/rms_scheduler.c:313:6:print_scheduler	16	static
