../Src/rms_scheduler.c:43:6:scheduler_set_idle_task	16	static
../Src/rms_scheduler.c:47:12:new_task_condition	16	static
../Src/rms_scheduler.c:51:12:return_task_from_template	16	static
../Src/rms_scheduler.c:55:12:pending_enqueue	16	static
../Src/rms_scheduler.c:63:12:should_restore	16	static
../Src/rms_scheduler.c:67:6:scheduler_init	24	static
../Src/rms_scheduler.c:80:6:prepare_next_task	16	static
../Src/rms_scheduler.c:87:13:compute_task_priority	24	static
../Src/rms_scheduler.c:103:7:rms_task_templates_add	40	static
../Src/rms_scheduler.c:122:6:add_next_task	8	static
../Src/rms_scheduler.c:129:5:calculate_rms_bound	16	static
../Src/rms_scheduler.c:136:7:is_schedulable	24	static
../Src/rms_scheduler.c:152:7:start_scheduler	24	static
../Src/rms_scheduler.c:207:7:scheduler_add_task	24	static,ignoring_inline_asm
../Src/rms_scheduler.c:223:8:scheduler_get_task	24	static
../Src/rms_scheduler.c:239:6:scheduler_dequeue_prio	24	static
../Src/rms_scheduler.c:244:7:scheduler_sleep_task	24	static
../Src/rms_scheduler.c:253:6:scheduler_release_tasks	16	static
../Src/rms_scheduler.c:270:7:exists_higher_priority_task	24	static
../Src/rms_scheduler.c:281:7:exists_any_task	16	static
../Src/rms_scheduler.c:289:6:print_scheduler	16	static
