/home/traian/RTOS/chip_headers/NUCLEO_CMSIS/Include/core_cm33.h:2390:22:__NVIC_EnableIRQ	16	static,ignoring_inline_asm
/home/traian/RTOS/chip_headers/NUCLEO_CMSIS/Include/core_cm33.h:2587:22:__NVIC_SetPriority	16	static
../Src/uart.c:41:17:compute_uart_bd	16	static
../Src/uart.c:44:13:uart_set_baudrate	16	static
../Src/uart.c:48:13:my_CleanDCache	32	static,ignoring_inline_asm
../Src/uart.c:65:6:dma_init	8	static
../Src/uart.c:72:6:uart_tx_init	8	static
../Src/uart.c:96:13:uart_write	16	static
../Src/uart.c:101:6:uart_send_dma	16	static
../Src/uart.c:130:6:uart_printf	16	static
../Src/uart.c:148:6:GPDMA1_CH0_IRQHandler	16	static
../Src/uart.c:156:5:__io_putchar	16	static
