/home/traian/RTOS/chip_headers/NUCLEO_CMSIS/Include/core_cm33.h:2390:22:__NVIC_EnableIRQ	16	static,ignoring_inline_asm
/home/traian/RTOS/chip_headers/NUCLEO_CMSIS/Include/core_cm33.h:2587:22:__NVIC_SetPriority	16	static
../Src/uart.c:42:17:compute_uart_bd	16	static
../Src/uart.c:45:13:uart_set_baudrate	16	static
../Src/uart.c:49:13:my_CleanDCache	32	static,ignoring_inline_asm
../Src/uart.c:66:6:dma_init	8	static
../Src/uart.c:73:6:uart_tx_init	8	static
../Src/uart.c:97:13:uart_write	16	static
../Src/uart.c:102:6:uart_send_dma	16	static
../Src/uart.c:119:13:uart_send_dma_wait	8	static
../Src/uart.c:127:6:uart_printf	16	static
../Src/uart.c:144:6:GPDMA1_CH0_IRQHandler	16	static
../Src/uart.c:160:5:__io_putchar	16	static
