11:05:56 **** Incremental Build of configuration Debug for project 0_led_driver ****
make -j16 all 
arm-none-eabi-gcc -mcpu=cortex-m4 -g3 -DDEBUG -c -x assembler-with-cpp -MMD -MP -MF"Startup/startup_stm32f407vgtx.d" -MT"Startup/startup_stm32f407vgtx.o" --specs=nano.specs -mfpu=fpv4-sp-d16 -mfloat-abi=hard -mthumb -o "Startup/startup_stm32f407vgtx.o" "../Startup/startup_stm32f407vgtx.s"
arm-none-eabi-gcc "../Src/led.c" -mcpu=cortex-m4 -std=gnu11 -g3 -DSTM32F407xx -c -I../Inc -I/home/traian/RTOS/GCC_STM32CubeIDE/0_led_driver/chip_headers/CMSIS/Include -I/home/traian/RTOS/GCC_STM32CubeIDE/0_led_driver/chip_headers/CMSIS/Device -I/home/traian/RTOS/chip_headers/CMSIS/Device/ST/STM32F4xx/Include -O0 -ffunction-sections -fdata-sections -Wall -fstack-usage -fcyclomatic-complexity -MMD -MP -MF"Src/led.d" -MT"Src/led.o" --specs=nano.specs -mfpu=fpv4-sp-d16 -mfloat-abi=hard -mthumb -o "Src/led.o"
arm-none-eabi-gcc "../Src/main.c" -mcpu=cortex-m4 -std=gnu11 -g3 -DSTM32F407xx -c -I../Inc -I/home/traian/RTOS/GCC_STM32CubeIDE/0_led_driver/chip_headers/CMSIS/Include -I/home/traian/RTOS/GCC_STM32CubeIDE/0_led_driver/chip_headers/CMSIS/Device -I/home/traian/RTOS/chip_headers/CMSIS/Device/ST/STM32F4xx/Include -O0 -ffunction-sections -fdata-sections -Wall -fstack-usage -fcyclomatic-complexity -MMD -MP -MF"Src/main.d" -MT"Src/main.o" --specs=nano.specs -mfpu=fpv4-sp-d16 -mfloat-abi=hard -mthumb -o "Src/main.o"
arm-none-eabi-gcc "../Src/syscalls.c" -mcpu=cortex-m4 -std=gnu11 -g3 -DSTM32F407xx -c -I../Inc -I/home/traian/RTOS/GCC_STM32CubeIDE/0_led_driver/chip_headers/CMSIS/Include -I/home/traian/RTOS/GCC_STM32CubeIDE/0_led_driver/chip_headers/CMSIS/Device -I/home/traian/RTOS/chip_headers/CMSIS/Device/ST/STM32F4xx/Include -O0 -ffunction-sections -fdata-sections -Wall -fstack-usage -fcyclomatic-complexity -MMD -MP -MF"Src/syscalls.d" -MT"Src/syscalls.o" --specs=nano.specs -mfpu=fpv4-sp-d16 -mfloat-abi=hard -mthumb -o "Src/syscalls.o"
arm-none-eabi-gcc "../Src/sysmem.c" -mcpu=cortex-m4 -std=gnu11 -g3 -DSTM32F407xx -c -I../Inc -I/home/traian/RTOS/GCC_STM32CubeIDE/0_led_driver/chip_headers/CMSIS/Include -I/home/traian/RTOS/GCC_STM32CubeIDE/0_led_driver/chip_headers/CMSIS/Device -I/home/traian/RTOS/chip_headers/CMSIS/Device/ST/STM32F4xx/Include -O0 -ffunction-sections -fdata-sections -Wall -fstack-usage -fcyclomatic-complexity -MMD -MP -MF"Src/sysmem.d" -MT"Src/sysmem.o" --specs=nano.specs -mfpu=fpv4-sp-d16 -mfloat-abi=hard -mthumb -o "Src/sysmem.o"
arm-none-eabi-gcc -o "0_led_driver.elf" @"objects.list"   -mcpu=cortex-m4 -T"/home/traian/RTOS/GCC_STM32CubeIDE/0_led_driver/STM32F407VGTX_FLASH.ld" --specs=nosys.specs -Wl,-Map="0_led_driver.map" -Wl,--gc-sections -static --specs=nano.specs -mfpu=fpv4-sp-d16 -mfloat-abi=hard -mthumb -Wl,--start-group -lc -lm -Wl,--end-group
Finished building target: 0_led_driver.elf
 
arm-none-eabi-size  0_led_driver.elf 
arm-none-eabi-objdump -h -S 0_led_driver.elf  > "0_led_driver.list"
   text	   data	    bss	    dec	    hex	filename
    812	      0	   1568	   2380	    94c	0_led_driver.elf
Finished building: default.size.stdout
 
Finished building: 0_led_driver.list
 

11:05:56 Build Finished. 0 errors, 0 warnings. (took 213ms)

