22:10:52 **** Build of configuration Debug for project 1_uart_driver ****
make -j16 all 
arm-none-eabi-gcc "../Src/led.c" -mcpu=cortex-m4 -std=gnu11 -g3 -DSTM32F407xx -c -I../Inc -I/home/traian/RTOS/GCC_STM32CubeIDE/0_led_driver/chip_headers/CMSIS/Include -I/home/traian/RTOS/GCC_STM32CubeIDE/0_led_driver/chip_headers/CMSIS/Device -I/home/traian/RTOS/chip_headers/CMSIS/Device/ST/STM32F4xx/Include -O0 -ffunction-sections -fdata-sections -Wall -fstack-usage -fcyclomatic-complexity -MMD -MP -MF"Src/led.d" -MT"Src/led.o" --specs=nano.specs -mfpu=fpv4-sp-d16 -mfloat-abi=hard -mthumb -o "Src/led.o"
arm-none-eabi-gcc "../Src/main.c" -mcpu=cortex-m4 -std=gnu11 -g3 -DSTM32F407xx -c -I../Inc -I/home/traian/RTOS/GCC_STM32CubeIDE/0_led_driver/chip_headers/CMSIS/Include -I/home/traian/RTOS/GCC_STM32CubeIDE/0_led_driver/chip_headers/CMSIS/Device -I/home/traian/RTOS/chip_headers/CMSIS/Device/ST/STM32F4xx/Include -O0 -ffunction-sections -fdata-sections -Wall -fstack-usage -fcyclomatic-complexity -MMD -MP -MF"Src/main.d" -MT"Src/main.o" --specs=nano.specs -mfpu=fpv4-sp-d16 -mfloat-abi=hard -mthumb -o "Src/main.o"
arm-none-eabi-gcc "../Src/uart.c" -mcpu=cortex-m4 -std=gnu11 -g3 -DSTM32F407xx -c -I../Inc -I/home/traian/RTOS/GCC_STM32CubeIDE/0_led_driver/chip_headers/CMSIS/Include -I/home/traian/RTOS/GCC_STM32CubeIDE/0_led_driver/chip_headers/CMSIS/Device -I/home/traian/RTOS/chip_headers/CMSIS/Device/ST/STM32F4xx/Include -O0 -ffunction-sections -fdata-sections -Wall -fstack-usage -fcyclomatic-complexity -MMD -MP -MF"Src/uart.d" -MT"Src/uart.o" --specs=nano.specs -mfpu=fpv4-sp-d16 -mfloat-abi=hard -mthumb -o "Src/uart.o"
../Src/main.c: In function 'main':
../Src/main.c:13:9: warning: implicit declaration of function 'printf' [-Wimplicit-function-declaration]
   13 |         printf("RTOS Testing......\n\r");
      |         ^~~~~~
../Src/main.c:4:1: note: include '<stdio.h>' or provide a declaration of 'printf'
    3 | #include "uart.h"
  +++ |+#include <stdio.h>
    4 | 
../Src/main.c:13:9: warning: incompatible implicit declaration of built-in function 'printf' [-Wbuiltin-declaration-mismatch]
   13 |         printf("RTOS Testing......\n\r");
      |         ^~~~~~
../Src/main.c:13:9: note: include '<stdio.h>' or provide a declaration of 'printf'
arm-none-eabi-gcc -o "1_uart_driver.elf" @"objects.list"   -mcpu=cortex-m4 -T"/home/traian/RTOS/GCC_STM32CubeIDE/1_uart_driver/STM32F407VGTX_FLASH.ld" --specs=nosys.specs -Wl,-Map="1_uart_driver.map" -Wl,--gc-sections -static --specs=nano.specs -mfpu=fpv4-sp-d16 -mfloat-abi=hard -mthumb -Wl,--start-group -lc -lm -Wl,--end-group
Finished building target: 1_uart_driver.elf
 
arm-none-eabi-size  1_uart_driver.elf 
arm-none-eabi-objdump -h -S 1_uart_driver.elf  > "1_uart_driver.list"
   text	   data	    bss	    dec	    hex	filename
   5208	     92	   1900	   7200	   1c20	1_uart_driver.elf
Finished building: default.size.stdout
 
Finished building: 1_uart_driver.list
 

22:10:52 Build Finished. 0 errors, 2 warnings. (took 169ms)

