22:10:52 **** Build of configuration Debug for project 2_timebase ****
make -j16 all 
arm-none-eabi-gcc "../Src/led.c" -mcpu=cortex-m4 -std=gnu11 -g3 -DSTM32F407xx -c -I../Inc -I/home/traian/RTOS/GCC_STM32CubeIDE/0_led_driver/chip_headers/CMSIS/Include -I/home/traian/RTOS/GCC_STM32CubeIDE/0_led_driver/chip_headers/CMSIS/Device -I/home/traian/RTOS/chip_headers/CMSIS/Device/ST/STM32F4xx/Include -O0 -ffunction-sections -fdata-sections -Wall -fstack-usage -fcyclomatic-complexity -MMD -MP -MF"Src/led.d" -MT"Src/led.o" --specs=nano.specs -mfpu=fpv4-sp-d16 -mfloat-abi=hard -mthumb -o "Src/led.o"
arm-none-eabi-gcc "../Src/main.c" -mcpu=cortex-m4 -std=gnu11 -g3 -DSTM32F407xx -c -I../Inc -I/home/traian/RTOS/GCC_STM32CubeIDE/0_led_driver/chip_headers/CMSIS/Include -I/home/traian/RTOS/GCC_STM32CubeIDE/0_led_driver/chip_headers/CMSIS/Device -I/home/traian/RTOS/chip_headers/CMSIS/Device/ST/STM32F4xx/Include -O0 -ffunction-sections -fdata-sections -Wall -fstack-usage -fcyclomatic-complexity -MMD -MP -MF"Src/main.d" -MT"Src/main.o" --specs=nano.specs -mfpu=fpv4-sp-d16 -mfloat-abi=hard -mthumb -o "Src/main.o"
arm-none-eabi-gcc "../Src/timebase.c" -mcpu=cortex-m4 -std=gnu11 -g3 -DSTM32F407xx -c -I../Inc -I/home/traian/RTOS/GCC_STM32CubeIDE/0_led_driver/chip_headers/CMSIS/Include -I/home/traian/RTOS/GCC_STM32CubeIDE/0_led_driver/chip_headers/CMSIS/Device -I/home/traian/RTOS/chip_headers/CMSIS/Device/ST/STM32F4xx/Include -O0 -ffunction-sections -fdata-sections -Wall -fstack-usage -fcyclomatic-complexity -MMD -MP -MF"Src/timebase.d" -MT"Src/timebase.o" --specs=nano.specs -mfpu=fpv4-sp-d16 -mfloat-abi=hard -mthumb -o "Src/timebase.o"
arm-none-eabi-gcc "../Src/uart.c" -mcpu=cortex-m4 -std=gnu11 -g3 -DSTM32F407xx -c -I../Inc -I/home/traian/RTOS/GCC_STM32CubeIDE/0_led_driver/chip_headers/CMSIS/Include -I/home/traian/RTOS/GCC_STM32CubeIDE/0_led_driver/chip_headers/CMSIS/Device -I/home/traian/RTOS/chip_headers/CMSIS/Device/ST/STM32F4xx/Include -O0 -ffunction-sections -fdata-sections -Wall -fstack-usage -fcyclomatic-complexity -MMD -MP -MF"Src/uart.d" -MT"Src/uart.o" --specs=nano.specs -mfpu=fpv4-sp-d16 -mfloat-abi=hard -mthumb -o "Src/uart.o"
arm-none-eabi-gcc -o "2_timebase.elf" @"objects.list"   -mcpu=cortex-m4 -T"/home/traian/RTOS/GCC_STM32CubeIDE/2_timebase/STM32F407VGTX_FLASH.ld" --specs=nosys.specs -Wl,-Map="2_timebase.map" -Wl,--gc-sections -static --specs=nano.specs -mfpu=fpv4-sp-d16 -mfloat-abi=hard -mthumb -Wl,--start-group -lc -lm -Wl,--end-group
Finished building target: 2_timebase.elf
 
arm-none-eabi-size  2_timebase.elf 
arm-none-eabi-objdump -h -S 2_timebase.elf  > "2_timebase.list"
   text	   data	    bss	    dec	    hex	filename
   5444	     96	   1912	   7452	   1d1c	2_timebase.elf
Finished building: default.size.stdout
 
Finished building: 2_timebase.list
 

22:10:53 Build Finished. 0 errors, 0 warnings. (took 167ms)

