01:32:08 **** Incremental Build of configuration Debug for project RTOS ****
make -j16 all 
arm-none-eabi-gcc "../Src/uart.c" -mcpu=cortex-m33 -std=gnu11 -g3 -DSTM32U575xx -c -I../Inc -I/home/traian/RTOS/chip_headers/NUCLEO_CMSIS/Include -I/home/traian/RTOS/chip_headers/NUCLEO_CMSIS/Device -I/home/traian/RTOS/chip_headers/NUCLEO_CMSIS/Device/ST/STM32U5xx/Include -O0 -ffunction-sections -fdata-sections -Wall -fstack-usage -fcyclomatic-complexity -MMD -MP -MF"Src/uart.d" -MT"Src/uart.o" --specs=nano.specs -mfpu=fpv5-sp-d16 -mfloat-abi=soft -mthumb -o "Src/uart.o"
../Src/uart.c: In function 'uart_send_dma_wait':
../Src/uart.c:159:5: warning: implicit declaration of function 'scheduler_dequeue_prio' [-Wimplicit-function-declaration]
  159 |     scheduler_dequeue_prio(running_task->priority);
      |     ^~~~~~~~~~~~~~~~~~~~~~
../Src/uart.c: At top level:
../Src/uart.c:51:13: warning: 'my_CleanDCache' defined but not used [-Wunused-function]
   51 | static void my_CleanDCache(uint32_t *addr, int32_t dsize) {
      |             ^~~~~~~~~~~~~~
arm-none-eabi-gcc -o "RTOS.elf" @"objects.list"   -mcpu=cortex-m33 -T"/home/traian/RTOS/GCC_STM32CubeIDE/RTOS/STM32U575ZITXQ_FLASH.ld" --specs=nosys.specs -Wl,-Map="RTOS.map" -Wl,--gc-sections -static --specs=nano.specs -mfpu=fpv5-sp-d16 -mfloat-abi=soft -mthumb -Wl,--start-group -lc -lm -Wl,--end-group
Finished building target: RTOS.elf
 
arm-none-eabi-size  RTOS.elf 
arm-none-eabi-objdump -h -S RTOS.elf  > "RTOS.list"
   text	   data	    bss	    dec	    hex	filename
  15123	    108	  35408	  50639	   c5cf	RTOS.elf
Finished building: default.size.stdout
 
Finished building: RTOS.list
 
01:32:14 **** Incremental Build of configuration Debug for project RTOS ****
make -j16 all 
arm-none-eabi-size  RTOS.elf 
   text	   data	    bss	    dec	    hex	filename
  15123	    108	  35408	  50639	   c5cf	RTOS.elf
Finished building: default.size.stdout
 
01:38:04 **** Incremental Build of configuration Debug for project RTOS ****
make -j16 all 
arm-none-eabi-gcc "../Src/uart.c" -mcpu=cortex-m33 -std=gnu11 -g3 -DSTM32U575xx -c -I../Inc -I/home/traian/RTOS/chip_headers/NUCLEO_CMSIS/Include -I/home/traian/RTOS/chip_headers/NUCLEO_CMSIS/Device -I/home/traian/RTOS/chip_headers/NUCLEO_CMSIS/Device/ST/STM32U5xx/Include -O0 -ffunction-sections -fdata-sections -Wall -fstack-usage -fcyclomatic-complexity -MMD -MP -MF"Src/uart.d" -MT"Src/uart.o" --specs=nano.specs -mfpu=fpv5-sp-d16 -mfloat-abi=soft -mthumb -o "Src/uart.o"
../Src/uart.c: In function 'uart_send_dma_wait':
../Src/uart.c:160:5: warning: implicit declaration of function 'scheduler_dequeue_prio' [-Wimplicit-function-declaration]
  160 |     scheduler_dequeue_prio(running_task->priority);
      |     ^~~~~~~~~~~~~~~~~~~~~~
../Src/uart.c: At top level:
../Src/uart.c:51:13: warning: 'my_CleanDCache' defined but not used [-Wunused-function]
   51 | static void my_CleanDCache(uint32_t *addr, int32_t dsize) {
      |             ^~~~~~~~~~~~~~
arm-none-eabi-gcc -o "RTOS.elf" @"objects.list"   -mcpu=cortex-m33 -T"/home/traian/RTOS/GCC_STM32CubeIDE/RTOS/STM32U575ZITXQ_FLASH.ld" --specs=nosys.specs -Wl,-Map="RTOS.map" -Wl,--gc-sections -static --specs=nano.specs -mfpu=fpv5-sp-d16 -mfloat-abi=soft -mthumb -Wl,--start-group -lc -lm -Wl,--end-group
Finished building target: RTOS.elf
 
arm-none-eabi-size  RTOS.elf 
arm-none-eabi-objdump -h -S RTOS.elf  > "RTOS.list"
   text	   data	    bss	    dec	    hex	filename
  15127	    108	  35408	  50643	   c5d3	RTOS.elf
Finished building: default.size.stdout
 
Finished building: RTOS.list
 
01:39:03 **** Incremental Build of configuration Debug for project RTOS ****
make -j16 all 
arm-none-eabi-gcc "../Src/uart.c" -mcpu=cortex-m33 -std=gnu11 -g3 -DSTM32U575xx -c -I../Inc -I/home/traian/RTOS/chip_headers/NUCLEO_CMSIS/Include -I/home/traian/RTOS/chip_headers/NUCLEO_CMSIS/Device -I/home/traian/RTOS/chip_headers/NUCLEO_CMSIS/Device/ST/STM32U5xx/Include -O0 -ffunction-sections -fdata-sections -Wall -fstack-usage -fcyclomatic-complexity -MMD -MP -MF"Src/uart.d" -MT"Src/uart.o" --specs=nano.specs -mfpu=fpv5-sp-d16 -mfloat-abi=soft -mthumb -o "Src/uart.o"
../Src/uart.c: In function 'uart_send_dma_wait':
../Src/uart.c:160:5: warning: implicit declaration of function 'scheduler_dequeue_prio' [-Wimplicit-function-declaration]
  160 |     scheduler_dequeue_prio(running_task->priority);
      |     ^~~~~~~~~~~~~~~~~~~~~~
../Src/uart.c: At top level:
../Src/uart.c:51:13: warning: 'my_CleanDCache' defined but not used [-Wunused-function]
   51 | static void my_CleanDCache(uint32_t *addr, int32_t dsize) {
      |             ^~~~~~~~~~~~~~
arm-none-eabi-gcc -o "RTOS.elf" @"objects.list"   -mcpu=cortex-m33 -T"/home/traian/RTOS/GCC_STM32CubeIDE/RTOS/STM32U575ZITXQ_FLASH.ld" --specs=nosys.specs -Wl,-Map="RTOS.map" -Wl,--gc-sections -static --specs=nano.specs -mfpu=fpv5-sp-d16 -mfloat-abi=soft -mthumb -Wl,--start-group -lc -lm -Wl,--end-group
Finished building target: RTOS.elf
 
arm-none-eabi-size  RTOS.elf 
arm-none-eabi-objdump -h -S RTOS.elf  > "RTOS.list"
   text	   data	    bss	    dec	    hex	filename
  15067	    108	  35408	  50583	   c597	RTOS.elf
Finished building: default.size.stdout
 
Finished building: RTOS.list
 
01:39:56 **** Incremental Build of configuration Debug for project RTOS ****
make -j16 all 
arm-none-eabi-gcc "../Src/uart.c" -mcpu=cortex-m33 -std=gnu11 -g3 -DSTM32U575xx -c -I../Inc -I/home/traian/RTOS/chip_headers/NUCLEO_CMSIS/Include -I/home/traian/RTOS/chip_headers/NUCLEO_CMSIS/Device -I/home/traian/RTOS/chip_headers/NUCLEO_CMSIS/Device/ST/STM32U5xx/Include -O0 -ffunction-sections -fdata-sections -Wall -fstack-usage -fcyclomatic-complexity -MMD -MP -MF"Src/uart.d" -MT"Src/uart.o" --specs=nano.specs -mfpu=fpv5-sp-d16 -mfloat-abi=soft -mthumb -o "Src/uart.o"
../Src/uart.c:51:13: warning: 'my_CleanDCache' defined but not used [-Wunused-function]
   51 | static void my_CleanDCache(uint32_t *addr, int32_t dsize) {
      |             ^~~~~~~~~~~~~~
arm-none-eabi-gcc -o "RTOS.elf" @"objects.list"   -mcpu=cortex-m33 -T"/home/traian/RTOS/GCC_STM32CubeIDE/RTOS/STM32U575ZITXQ_FLASH.ld" --specs=nosys.specs -Wl,-Map="RTOS.map" -Wl,--gc-sections -static --specs=nano.specs -mfpu=fpv5-sp-d16 -mfloat-abi=soft -mthumb -Wl,--start-group -lc -lm -Wl,--end-group
Finished building target: RTOS.elf
 
arm-none-eabi-size  RTOS.elf 
arm-none-eabi-objdump -h -S RTOS.elf  > "RTOS.list"
   text	   data	    bss	    dec	    hex	filename
  15051	    108	  35408	  50567	   c587	RTOS.elf
Finished building: default.size.stdout
 
Finished building: RTOS.list
 
01:40:35 **** Incremental Build of configuration Debug for project RTOS ****
make -j16 all 
arm-none-eabi-gcc "../Src/uart.c" -mcpu=cortex-m33 -std=gnu11 -g3 -DSTM32U575xx -c -I../Inc -I/home/traian/RTOS/chip_headers/NUCLEO_CMSIS/Include -I/home/traian/RTOS/chip_headers/NUCLEO_CMSIS/Device -I/home/traian/RTOS/chip_headers/NUCLEO_CMSIS/Device/ST/STM32U5xx/Include -O0 -ffunction-sections -fdata-sections -Wall -fstack-usage -fcyclomatic-complexity -MMD -MP -MF"Src/uart.d" -MT"Src/uart.o" --specs=nano.specs -mfpu=fpv5-sp-d16 -mfloat-abi=soft -mthumb -o "Src/uart.o"
../Src/uart.c:51:13: warning: 'my_CleanDCache' defined but not used [-Wunused-function]
   51 | static void my_CleanDCache(uint32_t *addr, int32_t dsize) {
      |             ^~~~~~~~~~~~~~
arm-none-eabi-gcc -o "RTOS.elf" @"objects.list"   -mcpu=cortex-m33 -T"/home/traian/RTOS/GCC_STM32CubeIDE/RTOS/STM32U575ZITXQ_FLASH.ld" --specs=nosys.specs -Wl,-Map="RTOS.map" -Wl,--gc-sections -static --specs=nano.specs -mfpu=fpv5-sp-d16 -mfloat-abi=soft -mthumb -Wl,--start-group -lc -lm -Wl,--end-group
Finished building target: RTOS.elf
 
arm-none-eabi-size  RTOS.elf 
arm-none-eabi-objdump -h -S RTOS.elf  > "RTOS.list"
   text	   data	    bss	    dec	    hex	filename
  15051	    108	  35408	  50567	   c587	RTOS.elf
Finished building: default.size.stdout
 
Finished building: RTOS.list
 
01:40:52 **** Incremental Build of configuration Debug for project RTOS ****
make -j16 all 
arm-none-eabi-size  RTOS.elf 
   text	   data	    bss	    dec	    hex	filename
  15051	    108	  35408	  50567	   c587	RTOS.elf
Finished building: default.size.stdout
 
01:41:31 **** Incremental Build of configuration Debug for project RTOS ****
make -j16 all 
arm-none-eabi-size  RTOS.elf 
   text	   data	    bss	    dec	    hex	filename
  15051	    108	  35408	  50567	   c587	RTOS.elf
Finished building: default.size.stdout
 
01:45:34 **** Incremental Build of configuration Debug for project RTOS ****
make -j16 all 
arm-none-eabi-gcc "../Src/uart.c" -mcpu=cortex-m33 -std=gnu11 -g3 -DSTM32U575xx -c -I../Inc -I/home/traian/RTOS/chip_headers/NUCLEO_CMSIS/Include -I/home/traian/RTOS/chip_headers/NUCLEO_CMSIS/Device -I/home/traian/RTOS/chip_headers/NUCLEO_CMSIS/Device/ST/STM32U5xx/Include -O0 -ffunction-sections -fdata-sections -Wall -fstack-usage -fcyclomatic-complexity -MMD -MP -MF"Src/uart.d" -MT"Src/uart.o" --specs=nano.specs -mfpu=fpv5-sp-d16 -mfloat-abi=soft -mthumb -o "Src/uart.o"
../Src/uart.c: In function 'uart_send_dma_wait':
../Src/uart.c:156:6: warning: implicit declaration of function 'scheduler_dequeue_prio' [-Wimplicit-function-declaration]
  156 |      scheduler_dequeue_prio(running_task->priority);
      |      ^~~~~~~~~~~~~~~~~~~~~~
../Src/uart.c: At top level:
../Src/uart.c:232:8: error: redefinition of 'uart_blocked_task'
  232 | TCB_t *uart_blocked_task = 0;
      |        ^~~~~~~~~~~~~~~~~
../Src/uart.c:39:8: note: previous definition of 'uart_blocked_task' with type 'TCB_t *' {aka 'struct TCB *'}
   39 | TCB_t *uart_blocked_task = 0;
      |        ^~~~~~~~~~~~~~~~~
../Src/uart.c:239:17: error: redefinition of 'compute_uart_bd'
  239 | static uint16_t compute_uart_bd(uint32_t periph_clk, uint32_t baudrate) { return ((periph_clk + (baudrate/2U))/baudrate); }
      |                 ^~~~~~~~~~~~~~~
../Src/uart.c:46:17: note: previous definition of 'compute_uart_bd' with type 'uint16_t(uint32_t,  uint32_t)' {aka 'short unsigned int(long unsigned int,  long unsigned int)'}
   46 | static uint16_t compute_uart_bd(uint32_t periph_clk, uint32_t baudrate) { return ((periph_clk + (baudrate/2U))/baudrate); }
      |                 ^~~~~~~~~~~~~~~
../Src/uart.c:240:13: error: redefinition of 'uart_set_baudrate'
  240 | static void uart_set_baudrate(uint32_t periph_clk, uint32_t baudrate){ USART1->BRR = compute_uart_bd(periph_clk, baudrate);
      |             ^~~~~~~~~~~~~~~~~
../Src/uart.c:47:13: note: previous definition of 'uart_set_baudrate' with type 'void(uint32_t,  uint32_t)' {aka 'void(long unsigned int,  long unsigned int)'}
   47 | static void uart_set_baudrate(uint32_t periph_clk, uint32_t baudrate){ USART1->BRR = compute_uart_bd(periph_clk, baudrate);
      |             ^~~~~~~~~~~~~~~~~
../Src/uart.c:244:13: error: redefinition of 'my_CleanDCache'
  244 | static void my_CleanDCache(uint32_t *addr, int32_t dsize) {
      |             ^~~~~~~~~~~~~~
../Src/uart.c:51:13: note: previous definition of 'my_CleanDCache' with type 'void(uint32_t *, int32_t)' {aka 'void(long unsigned int *, long int)'}
   51 | static void my_CleanDCache(uint32_t *addr, int32_t dsize) {
      |             ^~~~~~~~~~~~~~
../Src/uart.c:262:6: error: redefinition of 'dma_init'
  262 | void dma_init(void) {
      |      ^~~~~~~~
../Src/uart.c:69:6: note: previous definition of 'dma_init' with type 'void(void)'
   69 | void dma_init(void) {
      |      ^~~~~~~~
../Src/uart.c:281:6: error: redefinition of 'uart_tx_init'
  281 | void uart_tx_init(void)
      |      ^~~~~~~~~~~~
../Src/uart.c:84:6: note: previous definition of 'uart_tx_init' with type 'void(void)'
   84 | void uart_tx_init(void)
      |      ^~~~~~~~~~~~
../Src/uart.c:306:13: error: redefinition of 'uart_write'
  306 | static void uart_write(int ch){
      |             ^~~~~~~~~~
../Src/uart.c:109:13: note: previous definition of 'uart_write' with type 'void(int)'
  109 | static void uart_write(int ch){
      |             ^~~~~~~~~~
../Src/uart.c:312:6: error: redefinition of 'uart_send_dma'
  312 | void uart_send_dma(uint8_t *data, uint16_t len)
      |      ^~~~~~~~~~~~~
../Src/uart.c:115:6: note: previous definition of 'uart_send_dma' with type 'void(uint8_t *, uint16_t)' {aka 'void(unsigned char *, short unsigned int)'}
  115 | void uart_send_dma(uint8_t *data, uint16_t len)
      |      ^~~~~~~~~~~~~
../Src/uart.c:341:13: error: redefinition of 'uart_send_dma_wait'
  341 | static void uart_send_dma_wait(void) {
      |             ^~~~~~~~~~~~~~~~~~
../Src/uart.c:144:13: note: previous definition of 'uart_send_dma_wait' with type 'void(void)'
  144 | static void uart_send_dma_wait(void) {
      |             ^~~~~~~~~~~~~~~~~~
../Src/uart.c:365:6: error: redefinition of 'uart_printf'
  365 | void uart_printf(const char *format, ...) {
      |      ^~~~~~~~~~~
../Src/uart.c:168:6: note: previous definition of 'uart_printf' with type 'void(const char *, ...)'
  168 | void uart_printf(const char *format, ...) {
      |      ^~~~~~~~~~~
../Src/uart.c:418:5: error: redefinition of '__io_putchar'
  418 | int __io_putchar(int ch){
      |     ^~~~~~~~~~~~
../Src/uart.c:412:5: note: previous definition of '__io_putchar' with type 'int(int)'
  412 | int __io_putchar(int ch){
      |     ^~~~~~~~~~~~
../Src/uart.c:244:13: warning: 'my_CleanDCache' defined but not used [-Wunused-function]
  244 | static void my_CleanDCache(uint32_t *addr, int32_t dsize) {
      |             ^~~~~~~~~~~~~~
../Src/uart.c:109:13: warning: 'uart_write' defined but not used [-Wunused-function]
  109 | static void uart_write(int ch){
      |             ^~~~~~~~~~
make: *** [Src/subdir.mk:64: Src/uart.o] Error 1
"make -j16 all" terminated with exit code 2. Build might be incomplete.
01:46:05 **** Incremental Build of configuration Debug for project RTOS ****
make -j16 all 
arm-none-eabi-gcc "../Src/uart.c" -mcpu=cortex-m33 -std=gnu11 -g3 -DSTM32U575xx -c -I../Inc -I/home/traian/RTOS/chip_headers/NUCLEO_CMSIS/Include -I/home/traian/RTOS/chip_headers/NUCLEO_CMSIS/Device -I/home/traian/RTOS/chip_headers/NUCLEO_CMSIS/Device/ST/STM32U5xx/Include -O0 -ffunction-sections -fdata-sections -Wall -fstack-usage -fcyclomatic-complexity -MMD -MP -MF"Src/uart.d" -MT"Src/uart.o" --specs=nano.specs -mfpu=fpv5-sp-d16 -mfloat-abi=soft -mthumb -o "Src/uart.o"
../Src/uart.c: In function 'uart_send_dma_wait':
../Src/uart.c:156:6: warning: implicit declaration of function 'scheduler_dequeue_prio' [-Wimplicit-function-declaration]
  156 |      scheduler_dequeue_prio(running_task->priority);
      |      ^~~~~~~~~~~~~~~~~~~~~~
../Src/uart.c: At top level:
../Src/uart.c:232:8: error: redefinition of 'uart_blocked_task'
  232 | TCB_t *uart_blocked_task = 0;
      |        ^~~~~~~~~~~~~~~~~
../Src/uart.c:39:8: note: previous definition of 'uart_blocked_task' with type 'TCB_t *' {aka 'struct TCB *'}
   39 | TCB_t *uart_blocked_task = 0;
      |        ^~~~~~~~~~~~~~~~~
../Src/uart.c:239:17: error: redefinition of 'compute_uart_bd'
  239 | static uint16_t compute_uart_bd(uint32_t periph_clk, uint32_t baudrate) { return ((periph_clk + (baudrate/2U))/baudrate); }
      |                 ^~~~~~~~~~~~~~~
../Src/uart.c:46:17: note: previous definition of 'compute_uart_bd' with type 'uint16_t(uint32_t,  uint32_t)' {aka 'short unsigned int(long unsigned int,  long unsigned int)'}
   46 | static uint16_t compute_uart_bd(uint32_t periph_clk, uint32_t baudrate) { return ((periph_clk + (baudrate/2U))/baudrate); }
      |                 ^~~~~~~~~~~~~~~
../Src/uart.c:240:13: error: redefinition of 'uart_set_baudrate'
  240 | static void uart_set_baudrate(uint32_t periph_clk, uint32_t baudrate){ USART1->BRR = compute_uart_bd(periph_clk, baudrate);
      |             ^~~~~~~~~~~~~~~~~
../Src/uart.c:47:13: note: previous definition of 'uart_set_baudrate' with type 'void(uint32_t,  uint32_t)' {aka 'void(long unsigned int,  long unsigned int)'}
   47 | static void uart_set_baudrate(uint32_t periph_clk, uint32_t baudrate){ USART1->BRR = compute_uart_bd(periph_clk, baudrate);
      |             ^~~~~~~~~~~~~~~~~
../Src/uart.c:244:13: error: redefinition of 'my_CleanDCache'
  244 | static void my_CleanDCache(uint32_t *addr, int32_t dsize) {
      |             ^~~~~~~~~~~~~~
../Src/uart.c:51:13: note: previous definition of 'my_CleanDCache' with type 'void(uint32_t *, int32_t)' {aka 'void(long unsigned int *, long int)'}
   51 | static void my_CleanDCache(uint32_t *addr, int32_t dsize) {
      |             ^~~~~~~~~~~~~~
../Src/uart.c:262:6: error: redefinition of 'dma_init'
  262 | void dma_init(void) {
      |      ^~~~~~~~
../Src/uart.c:69:6: note: previous definition of 'dma_init' with type 'void(void)'
   69 | void dma_init(void) {
      |      ^~~~~~~~
../Src/uart.c:281:6: error: redefinition of 'uart_tx_init'
  281 | void uart_tx_init(void)
      |      ^~~~~~~~~~~~
../Src/uart.c:84:6: note: previous definition of 'uart_tx_init' with type 'void(void)'
   84 | void uart_tx_init(void)
      |      ^~~~~~~~~~~~
../Src/uart.c:306:13: error: redefinition of 'uart_write'
  306 | static void uart_write(int ch){
      |             ^~~~~~~~~~
../Src/uart.c:109:13: note: previous definition of 'uart_write' with type 'void(int)'
  109 | static void uart_write(int ch){
      |             ^~~~~~~~~~
../Src/uart.c:312:6: error: redefinition of 'uart_send_dma'
  312 | void uart_send_dma(uint8_t *data, uint16_t len)
      |      ^~~~~~~~~~~~~
../Src/uart.c:115:6: note: previous definition of 'uart_send_dma' with type 'void(uint8_t *, uint16_t)' {aka 'void(unsigned char *, short unsigned int)'}
  115 | void uart_send_dma(uint8_t *data, uint16_t len)
      |      ^~~~~~~~~~~~~
../Src/uart.c:341:13: error: redefinition of 'uart_send_dma_wait'
  341 | static void uart_send_dma_wait(void) {
      |             ^~~~~~~~~~~~~~~~~~
../Src/uart.c:144:13: note: previous definition of 'uart_send_dma_wait' with type 'void(void)'
  144 | static void uart_send_dma_wait(void) {
      |             ^~~~~~~~~~~~~~~~~~
../Src/uart.c:365:6: error: redefinition of 'uart_printf'
  365 | void uart_printf(const char *format, ...) {
      |      ^~~~~~~~~~~
../Src/uart.c:168:6: note: previous definition of 'uart_printf' with type 'void(const char *, ...)'
  168 | void uart_printf(const char *format, ...) {
      |      ^~~~~~~~~~~
../Src/uart.c:244:13: warning: 'my_CleanDCache' defined but not used [-Wunused-function]
  244 | static void my_CleanDCache(uint32_t *addr, int32_t dsize) {
      |             ^~~~~~~~~~~~~~
../Src/uart.c:109:13: warning: 'uart_write' defined but not used [-Wunused-function]
  109 | static void uart_write(int ch){
      |             ^~~~~~~~~~
make: *** [Src/subdir.mk:64: Src/uart.o] Error 1
"make -j16 all" terminated with exit code 2. Build might be incomplete.
01:46:36 **** Incremental Build of configuration Debug for project RTOS ****
make -j16 all 
arm-none-eabi-gcc "../Src/uart.c" -mcpu=cortex-m33 -std=gnu11 -g3 -DSTM32U575xx -c -I../Inc -I/home/traian/RTOS/chip_headers/NUCLEO_CMSIS/Include -I/home/traian/RTOS/chip_headers/NUCLEO_CMSIS/Device -I/home/traian/RTOS/chip_headers/NUCLEO_CMSIS/Device/ST/STM32U5xx/Include -O0 -ffunction-sections -fdata-sections -Wall -fstack-usage -fcyclomatic-complexity -MMD -MP -MF"Src/uart.d" -MT"Src/uart.o" --specs=nano.specs -mfpu=fpv5-sp-d16 -mfloat-abi=soft -mthumb -o "Src/uart.o"
../Src/uart.c: In function 'uart_send_dma_wait':
../Src/uart.c:156:6: warning: implicit declaration of function 'scheduler_dequeue_prio' [-Wimplicit-function-declaration]
  156 |      scheduler_dequeue_prio(running_task->priority);
      |      ^~~~~~~~~~~~~~~~~~~~~~
arm-none-eabi-gcc -o "RTOS.elf" @"objects.list"   -mcpu=cortex-m33 -T"/home/traian/RTOS/GCC_STM32CubeIDE/RTOS/STM32U575ZITXQ_FLASH.ld" --specs=nosys.specs -Wl,-Map="RTOS.map" -Wl,--gc-sections -static --specs=nano.specs -mfpu=fpv5-sp-d16 -mfloat-abi=soft -mthumb -Wl,--start-group -lc -lm -Wl,--end-group
Finished building target: RTOS.elf
 
arm-none-eabi-size  RTOS.elf 
arm-none-eabi-objdump -h -S RTOS.elf  > "RTOS.list"
   text	   data	    bss	    dec	    hex	filename
  15175	    108	  35408	  50691	   c603	RTOS.elf
Finished building: default.size.stdout
 
Finished building: RTOS.list
 
01:46:37 **** Incremental Build of configuration Debug for project RTOS ****
make -j16 all 
arm-none-eabi-size  RTOS.elf 
   text	   data	    bss	    dec	    hex	filename
  15175	    108	  35408	  50691	   c603	RTOS.elf
Finished building: default.size.stdout
 
01:47:22 **** Incremental Build of configuration Debug for project RTOS ****
make -j16 all 
arm-none-eabi-size  RTOS.elf 
   text	   data	    bss	    dec	    hex	filename
  15175	    108	  35408	  50691	   c603	RTOS.elf
Finished building: default.size.stdout
 
01:47:47 **** Incremental Build of configuration Debug for project RTOS ****
make -j16 all 
arm-none-eabi-size  RTOS.elf 
   text	   data	    bss	    dec	    hex	filename
  15175	    108	  35408	  50691	   c603	RTOS.elf
Finished building: default.size.stdout
 
01:49:21 **** Incremental Build of configuration Debug for project RTOS ****
make -j16 all 
arm-none-eabi-gcc "../Src/uart.c" -mcpu=cortex-m33 -std=gnu11 -g3 -DSTM32U575xx -c -I../Inc -I/home/traian/RTOS/chip_headers/NUCLEO_CMSIS/Include -I/home/traian/RTOS/chip_headers/NUCLEO_CMSIS/Device -I/home/traian/RTOS/chip_headers/NUCLEO_CMSIS/Device/ST/STM32U5xx/Include -O0 -ffunction-sections -fdata-sections -Wall -fstack-usage -fcyclomatic-complexity -MMD -MP -MF"Src/uart.d" -MT"Src/uart.o" --specs=nano.specs -mfpu=fpv5-sp-d16 -mfloat-abi=soft -mthumb -o "Src/uart.o"
../Src/uart.c: In function 'uart_send_dma_wait':
../Src/uart.c:156:6: warning: implicit declaration of function 'scheduler_dequeue_prio' [-Wimplicit-function-declaration]
  156 |      scheduler_dequeue_prio(running_task->priority);
      |      ^~~~~~~~~~~~~~~~~~~~~~
../Src/uart.c: At top level:
../Src/uart.c:144:13: warning: 'uart_send_dma_wait' defined but not used [-Wunused-function]
  144 | static void uart_send_dma_wait(void) {
      |             ^~~~~~~~~~~~~~~~~~
arm-none-eabi-gcc -o "RTOS.elf" @"objects.list"   -mcpu=cortex-m33 -T"/home/traian/RTOS/GCC_STM32CubeIDE/RTOS/STM32U575ZITXQ_FLASH.ld" --specs=nosys.specs -Wl,-Map="RTOS.map" -Wl,--gc-sections -static --specs=nano.specs -mfpu=fpv5-sp-d16 -mfloat-abi=soft -mthumb -Wl,--start-group -lc -lm -Wl,--end-group
Finished building target: RTOS.elf
 
arm-none-eabi-size  RTOS.elf 
arm-none-eabi-objdump -h -S RTOS.elf  > "RTOS.list"
   text	   data	    bss	    dec	    hex	filename
  15107	    108	  35408	  50623	   c5bf	RTOS.elf
Finished building: default.size.stdout
 
Finished building: RTOS.list
 
01:49:47 **** Incremental Build of configuration Debug for project RTOS ****
make -j16 all 
arm-none-eabi-gcc "../Src/uart.c" -mcpu=cortex-m33 -std=gnu11 -g3 -DSTM32U575xx -c -I../Inc -I/home/traian/RTOS/chip_headers/NUCLEO_CMSIS/Include -I/home/traian/RTOS/chip_headers/NUCLEO_CMSIS/Device -I/home/traian/RTOS/chip_headers/NUCLEO_CMSIS/Device/ST/STM32U5xx/Include -O0 -ffunction-sections -fdata-sections -Wall -fstack-usage -fcyclomatic-complexity -MMD -MP -MF"Src/uart.d" -MT"Src/uart.o" --specs=nano.specs -mfpu=fpv5-sp-d16 -mfloat-abi=soft -mthumb -o "Src/uart.o"
../Src/uart.c: In function 'uart_send_dma_wait':
../Src/uart.c:156:6: warning: implicit declaration of function 'scheduler_dequeue_prio' [-Wimplicit-function-declaration]
  156 |      scheduler_dequeue_prio(running_task->priority);
      |      ^~~~~~~~~~~~~~~~~~~~~~
../Src/uart.c: At top level:
../Src/uart.c:144:13: warning: 'uart_send_dma_wait' defined but not used [-Wunused-function]
  144 | static void uart_send_dma_wait(void) {
      |             ^~~~~~~~~~~~~~~~~~
arm-none-eabi-gcc -o "RTOS.elf" @"objects.list"   -mcpu=cortex-m33 -T"/home/traian/RTOS/GCC_STM32CubeIDE/RTOS/STM32U575ZITXQ_FLASH.ld" --specs=nosys.specs -Wl,-Map="RTOS.map" -Wl,--gc-sections -static --specs=nano.specs -mfpu=fpv5-sp-d16 -mfloat-abi=soft -mthumb -Wl,--start-group -lc -lm -Wl,--end-group
Finished building target: RTOS.elf
 
arm-none-eabi-size  RTOS.elf 
arm-none-eabi-objdump -h -S RTOS.elf  > "RTOS.list"
   text	   data	    bss	    dec	    hex	filename
  15103	    108	  35408	  50619	   c5bb	RTOS.elf
Finished building: default.size.stdout
 
Finished building: RTOS.list
 
01:52:56 **** Incremental Build of configuration Debug for project RTOS ****
make -j16 all 
arm-none-eabi-gcc "../Src/uart.c" -mcpu=cortex-m33 -std=gnu11 -g3 -DSTM32U575xx -c -I../Inc -I/home/traian/RTOS/chip_headers/NUCLEO_CMSIS/Include -I/home/traian/RTOS/chip_headers/NUCLEO_CMSIS/Device -I/home/traian/RTOS/chip_headers/NUCLEO_CMSIS/Device/ST/STM32U5xx/Include -O0 -ffunction-sections -fdata-sections -Wall -fstack-usage -fcyclomatic-complexity -MMD -MP -MF"Src/uart.d" -MT"Src/uart.o" --specs=nano.specs -mfpu=fpv5-sp-d16 -mfloat-abi=soft -mthumb -o "Src/uart.o"
../Src/uart.c: In function 'uart_send_dma_wait':
../Src/uart.c:147:5: warning: implicit declaration of function 'scheduler_dequeue_prio' [-Wimplicit-function-declaration]
  147 |     scheduler_dequeue_prio(running_task->priority);
      |     ^~~~~~~~~~~~~~~~~~~~~~
arm-none-eabi-gcc -o "RTOS.elf" @"objects.list"   -mcpu=cortex-m33 -T"/home/traian/RTOS/GCC_STM32CubeIDE/RTOS/STM32U575ZITXQ_FLASH.ld" --specs=nosys.specs -Wl,-Map="RTOS.map" -Wl,--gc-sections -static --specs=nano.specs -mfpu=fpv5-sp-d16 -mfloat-abi=soft -mthumb -Wl,--start-group -lc -lm -Wl,--end-group
Finished building target: RTOS.elf
 
arm-none-eabi-size  RTOS.elf 
arm-none-eabi-objdump -h -S RTOS.elf  > "RTOS.list"
   text	   data	    bss	    dec	    hex	filename
  15155	    108	  35408	  50671	   c5ef	RTOS.elf
Finished building: default.size.stdout
 
Finished building: RTOS.list
 
01:56:42 **** Incremental Build of configuration Debug for project RTOS ****
make -j16 all 
arm-none-eabi-gcc "../Src/uart.c" -mcpu=cortex-m33 -std=gnu11 -g3 -DSTM32U575xx -c -I../Inc -I/home/traian/RTOS/chip_headers/NUCLEO_CMSIS/Include -I/home/traian/RTOS/chip_headers/NUCLEO_CMSIS/Device -I/home/traian/RTOS/chip_headers/NUCLEO_CMSIS/Device/ST/STM32U5xx/Include -O0 -ffunction-sections -fdata-sections -Wall -fstack-usage -fcyclomatic-complexity -MMD -MP -MF"Src/uart.d" -MT"Src/uart.o" --specs=nano.specs -mfpu=fpv5-sp-d16 -mfloat-abi=soft -mthumb -o "Src/uart.o"
../Src/uart.c: In function 'uart_send_dma_wait':
../Src/uart.c:147:5: warning: implicit declaration of function 'scheduler_dequeue_prio' [-Wimplicit-function-declaration]
  147 |     scheduler_dequeue_prio(running_task->priority);
      |     ^~~~~~~~~~~~~~~~~~~~~~
arm-none-eabi-gcc -o "RTOS.elf" @"objects.list"   -mcpu=cortex-m33 -T"/home/traian/RTOS/GCC_STM32CubeIDE/RTOS/STM32U575ZITXQ_FLASH.ld" --specs=nosys.specs -Wl,-Map="RTOS.map" -Wl,--gc-sections -static --specs=nano.specs -mfpu=fpv5-sp-d16 -mfloat-abi=soft -mthumb -Wl,--start-group -lc -lm -Wl,--end-group
Finished building target: RTOS.elf
 
arm-none-eabi-size  RTOS.elf 
arm-none-eabi-objdump -h -S RTOS.elf  > "RTOS.list"
   text	   data	    bss	    dec	    hex	filename
  15155	    108	  35408	  50671	   c5ef	RTOS.elf
Finished building: default.size.stdout
 
Finished building: RTOS.list
 
01:58:22 **** Incremental Build of configuration Debug for project RTOS ****
make -j16 all 
arm-none-eabi-gcc "../Src/uart.c" -mcpu=cortex-m33 -std=gnu11 -g3 -DSTM32U575xx -c -I../Inc -I/home/traian/RTOS/chip_headers/NUCLEO_CMSIS/Include -I/home/traian/RTOS/chip_headers/NUCLEO_CMSIS/Device -I/home/traian/RTOS/chip_headers/NUCLEO_CMSIS/Device/ST/STM32U5xx/Include -O0 -ffunction-sections -fdata-sections -Wall -fstack-usage -fcyclomatic-complexity -MMD -MP -MF"Src/uart.d" -MT"Src/uart.o" --specs=nano.specs -mfpu=fpv5-sp-d16 -mfloat-abi=soft -mthumb -o "Src/uart.o"
../Src/uart.c: In function 'uart_send_dma_wait':
../Src/uart.c:147:5: warning: implicit declaration of function 'scheduler_dequeue_prio' [-Wimplicit-function-declaration]
  147 |     scheduler_dequeue_prio(running_task->priority);
      |     ^~~~~~~~~~~~~~~~~~~~~~
arm-none-eabi-gcc -o "RTOS.elf" @"objects.list"   -mcpu=cortex-m33 -T"/home/traian/RTOS/GCC_STM32CubeIDE/RTOS/STM32U575ZITXQ_FLASH.ld" --specs=nosys.specs -Wl,-Map="RTOS.map" -Wl,--gc-sections -static --specs=nano.specs -mfpu=fpv5-sp-d16 -mfloat-abi=soft -mthumb -Wl,--start-group -lc -lm -Wl,--end-group
Finished building target: RTOS.elf
 
arm-none-eabi-size  RTOS.elf 
arm-none-eabi-objdump -h -S RTOS.elf  > "RTOS.list"
   text	   data	    bss	    dec	    hex	filename
  15243	    108	  35408	  50759	   c647	RTOS.elf
Finished building: default.size.stdout
 
Finished building: RTOS.list
 
01:58:58 **** Incremental Build of configuration Debug for project RTOS ****
make -j16 all 
arm-none-eabi-size  RTOS.elf 
   text	   data	    bss	    dec	    hex	filename
  15243	    108	  35408	  50759	   c647	RTOS.elf
Finished building: default.size.stdout
 
01:59:38 **** Incremental Build of configuration Debug for project RTOS ****
make -j16 all 
arm-none-eabi-size  RTOS.elf 
   text	   data	    bss	    dec	    hex	filename
  15243	    108	  35408	  50759	   c647	RTOS.elf
Finished building: default.size.stdout
 
02:00:57 **** Incremental Build of configuration Debug for project RTOS ****
make -j16 all 
arm-none-eabi-gcc "../Src/uart.c" -mcpu=cortex-m33 -std=gnu11 -g3 -DSTM32U575xx -c -I../Inc -I/home/traian/RTOS/chip_headers/NUCLEO_CMSIS/Include -I/home/traian/RTOS/chip_headers/NUCLEO_CMSIS/Device -I/home/traian/RTOS/chip_headers/NUCLEO_CMSIS/Device/ST/STM32U5xx/Include -O0 -ffunction-sections -fdata-sections -Wall -fstack-usage -fcyclomatic-complexity -MMD -MP -MF"Src/uart.d" -MT"Src/uart.o" --specs=nano.specs -mfpu=fpv5-sp-d16 -mfloat-abi=soft -mthumb -o "Src/uart.o"
../Src/uart.c: In function 'uart_send_dma_wait':
../Src/uart.c:147:5: warning: implicit declaration of function 'scheduler_dequeue_prio' [-Wimplicit-function-declaration]
  147 |     scheduler_dequeue_prio(running_task->priority);
      |     ^~~~~~~~~~~~~~~~~~~~~~
arm-none-eabi-gcc -o "RTOS.elf" @"objects.list"   -mcpu=cortex-m33 -T"/home/traian/RTOS/GCC_STM32CubeIDE/RTOS/STM32U575ZITXQ_FLASH.ld" --specs=nosys.specs -Wl,-Map="RTOS.map" -Wl,--gc-sections -static --specs=nano.specs -mfpu=fpv5-sp-d16 -mfloat-abi=soft -mthumb -Wl,--start-group -lc -lm -Wl,--end-group
Finished building target: RTOS.elf
 
arm-none-eabi-size  RTOS.elf 
arm-none-eabi-objdump -h -S RTOS.elf  > "RTOS.list"
   text	   data	    bss	    dec	    hex	filename
  15251	    108	  35408	  50767	   c64f	RTOS.elf
Finished building: default.size.stdout
 
Finished building: RTOS.list
 
02:01:27 **** Incremental Build of configuration Debug for project RTOS ****
make -j16 all 
arm-none-eabi-gcc "../Src/uart.c" -mcpu=cortex-m33 -std=gnu11 -g3 -DSTM32U575xx -c -I../Inc -I/home/traian/RTOS/chip_headers/NUCLEO_CMSIS/Include -I/home/traian/RTOS/chip_headers/NUCLEO_CMSIS/Device -I/home/traian/RTOS/chip_headers/NUCLEO_CMSIS/Device/ST/STM32U5xx/Include -O0 -ffunction-sections -fdata-sections -Wall -fstack-usage -fcyclomatic-complexity -MMD -MP -MF"Src/uart.d" -MT"Src/uart.o" --specs=nano.specs -mfpu=fpv5-sp-d16 -mfloat-abi=soft -mthumb -o "Src/uart.o"
arm-none-eabi-gcc -o "RTOS.elf" @"objects.list"   -mcpu=cortex-m33 -T"/home/traian/RTOS/GCC_STM32CubeIDE/RTOS/STM32U575ZITXQ_FLASH.ld" --specs=nosys.specs -Wl,-Map="RTOS.map" -Wl,--gc-sections -static --specs=nano.specs -mfpu=fpv5-sp-d16 -mfloat-abi=soft -mthumb -Wl,--start-group -lc -lm -Wl,--end-group
Finished building target: RTOS.elf
 
arm-none-eabi-size  RTOS.elf 
arm-none-eabi-objdump -h -S RTOS.elf  > "RTOS.list"
   text	   data	    bss	    dec	    hex	filename
  15239	    108	  35408	  50755	   c643	RTOS.elf
Finished building: default.size.stdout
 
Finished building: RTOS.list
 
02:02:38 **** Incremental Build of configuration Debug for project RTOS ****
make -j16 all 
arm-none-eabi-gcc "../Src/uart.c" -mcpu=cortex-m33 -std=gnu11 -g3 -DSTM32U575xx -c -I../Inc -I/home/traian/RTOS/chip_headers/NUCLEO_CMSIS/Include -I/home/traian/RTOS/chip_headers/NUCLEO_CMSIS/Device -I/home/traian/RTOS/chip_headers/NUCLEO_CMSIS/Device/ST/STM32U5xx/Include -O0 -ffunction-sections -fdata-sections -Wall -fstack-usage -fcyclomatic-complexity -MMD -MP -MF"Src/uart.d" -MT"Src/uart.o" --specs=nano.specs -mfpu=fpv5-sp-d16 -mfloat-abi=soft -mthumb -o "Src/uart.o"
../Src/uart.c:135:13: warning: 'uart_send_dma_wait' defined but not used [-Wunused-function]
  135 | static void uart_send_dma_wait(void) {
      |             ^~~~~~~~~~~~~~~~~~
arm-none-eabi-gcc -o "RTOS.elf" @"objects.list"   -mcpu=cortex-m33 -T"/home/traian/RTOS/GCC_STM32CubeIDE/RTOS/STM32U575ZITXQ_FLASH.ld" --specs=nosys.specs -Wl,-Map="RTOS.map" -Wl,--gc-sections -static --specs=nano.specs -mfpu=fpv5-sp-d16 -mfloat-abi=soft -mthumb -Wl,--start-group -lc -lm -Wl,--end-group
Finished building target: RTOS.elf
 
arm-none-eabi-size  RTOS.elf 
arm-none-eabi-objdump -h -S RTOS.elf  > "RTOS.list"
   text	   data	    bss	    dec	    hex	filename
  15175	    108	  35408	  50691	   c603	RTOS.elf
Finished building: default.size.stdout
 
Finished building: RTOS.list
 
02:02:53 **** Incremental Build of configuration Debug for project RTOS ****
make -j16 all 
arm-none-eabi-size  RTOS.elf 
   text	   data	    bss	    dec	    hex	filename
  15175	    108	  35408	  50691	   c603	RTOS.elf
Finished building: default.size.stdout
 
02:03:33 **** Incremental Build of configuration Debug for project RTOS ****
make -j16 all 
arm-none-eabi-gcc "../Src/uart.c" -mcpu=cortex-m33 -std=gnu11 -g3 -DSTM32U575xx -c -I../Inc -I/home/traian/RTOS/chip_headers/NUCLEO_CMSIS/Include -I/home/traian/RTOS/chip_headers/NUCLEO_CMSIS/Device -I/home/traian/RTOS/chip_headers/NUCLEO_CMSIS/Device/ST/STM32U5xx/Include -O0 -ffunction-sections -fdata-sections -Wall -fstack-usage -fcyclomatic-complexity -MMD -MP -MF"Src/uart.d" -MT"Src/uart.o" --specs=nano.specs -mfpu=fpv5-sp-d16 -mfloat-abi=soft -mthumb -o "Src/uart.o"
../Src/uart.c:135:13: warning: 'uart_send_dma_wait' defined but not used [-Wunused-function]
  135 | static void uart_send_dma_wait(void) {
      |             ^~~~~~~~~~~~~~~~~~
arm-none-eabi-gcc -o "RTOS.elf" @"objects.list"   -mcpu=cortex-m33 -T"/home/traian/RTOS/GCC_STM32CubeIDE/RTOS/STM32U575ZITXQ_FLASH.ld" --specs=nosys.specs -Wl,-Map="RTOS.map" -Wl,--gc-sections -static --specs=nano.specs -mfpu=fpv5-sp-d16 -mfloat-abi=soft -mthumb -Wl,--start-group -lc -lm -Wl,--end-group
Finished building target: RTOS.elf
 
arm-none-eabi-size  RTOS.elf 
arm-none-eabi-objdump -h -S RTOS.elf  > "RTOS.list"
   text	   data	    bss	    dec	    hex	filename
  15159	    108	  35408	  50675	   c5f3	RTOS.elf
Finished building: default.size.stdout
 
Finished building: RTOS.list
 
02:04:30 **** Incremental Build of configuration Debug for project RTOS ****
make -j16 all 
arm-none-eabi-gcc "../Src/binary_heap_queue.c" -mcpu=cortex-m33 -std=gnu11 -g3 -DSTM32U575xx -c -I../Inc -I/home/traian/RTOS/chip_headers/NUCLEO_CMSIS/Include -I/home/traian/RTOS/chip_headers/NUCLEO_CMSIS/Device -I/home/traian/RTOS/chip_headers/NUCLEO_CMSIS/Device/ST/STM32U5xx/Include -O0 -ffunction-sections -fdata-sections -Wall -fstack-usage -fcyclomatic-complexity -MMD -MP -MF"Src/binary_heap_queue.d" -MT"Src/binary_heap_queue.o" --specs=nano.specs -mfpu=fpv5-sp-d16 -mfloat-abi=soft -mthumb -o "Src/binary_heap_queue.o"
arm-none-eabi-gcc "../Src/globals.c" -mcpu=cortex-m33 -std=gnu11 -g3 -DSTM32U575xx -c -I../Inc -I/home/traian/RTOS/chip_headers/NUCLEO_CMSIS/Include -I/home/traian/RTOS/chip_headers/NUCLEO_CMSIS/Device -I/home/traian/RTOS/chip_headers/NUCLEO_CMSIS/Device/ST/STM32U5xx/Include -O0 -ffunction-sections -fdata-sections -Wall -fstack-usage -fcyclomatic-complexity -MMD -MP -MF"Src/globals.d" -MT"Src/globals.o" --specs=nano.specs -mfpu=fpv5-sp-d16 -mfloat-abi=soft -mthumb -o "Src/globals.o"
arm-none-eabi-gcc "../Src/main.c" -mcpu=cortex-m33 -std=gnu11 -g3 -DSTM32U575xx -c -I../Inc -I/home/traian/RTOS/chip_headers/NUCLEO_CMSIS/Include -I/home/traian/RTOS/chip_headers/NUCLEO_CMSIS/Device -I/home/traian/RTOS/chip_headers/NUCLEO_CMSIS/Device/ST/STM32U5xx/Include -O0 -ffunction-sections -fdata-sections -Wall -fstack-usage -fcyclomatic-complexity -MMD -MP -MF"Src/main.d" -MT"Src/main.o" --specs=nano.specs -mfpu=fpv5-sp-d16 -mfloat-abi=soft -mthumb -o "Src/main.o"
arm-none-eabi-gcc "../Src/memory_pool.c" -mcpu=cortex-m33 -std=gnu11 -g3 -DSTM32U575xx -c -I../Inc -I/home/traian/RTOS/chip_headers/NUCLEO_CMSIS/Include -I/home/traian/RTOS/chip_headers/NUCLEO_CMSIS/Device -I/home/traian/RTOS/chip_headers/NUCLEO_CMSIS/Device/ST/STM32U5xx/Include -O0 -ffunction-sections -fdata-sections -Wall -fstack-usage -fcyclomatic-complexity -MMD -MP -MF"Src/memory_pool.d" -MT"Src/memory_pool.o" --specs=nano.specs -mfpu=fpv5-sp-d16 -mfloat-abi=soft -mthumb -o "Src/memory_pool.o"
arm-none-eabi-gcc "../Src/mutex.c" -mcpu=cortex-m33 -std=gnu11 -g3 -DSTM32U575xx -c -I../Inc -I/home/traian/RTOS/chip_headers/NUCLEO_CMSIS/Include -I/home/traian/RTOS/chip_headers/NUCLEO_CMSIS/Device -I/home/traian/RTOS/chip_headers/NUCLEO_CMSIS/Device/ST/STM32U5xx/Include -O0 -ffunction-sections -fdata-sections -Wall -fstack-usage -fcyclomatic-complexity -MMD -MP -MF"Src/mutex.d" -MT"Src/mutex.o" --specs=nano.specs -mfpu=fpv5-sp-d16 -mfloat-abi=soft -mthumb -o "Src/mutex.o"
arm-none-eabi-gcc "../Src/osKernel.c" -mcpu=cortex-m33 -std=gnu11 -g3 -DSTM32U575xx -c -I../Inc -I/home/traian/RTOS/chip_headers/NUCLEO_CMSIS/Include -I/home/traian/RTOS/chip_headers/NUCLEO_CMSIS/Device -I/home/traian/RTOS/chip_headers/NUCLEO_CMSIS/Device/ST/STM32U5xx/Include -O0 -ffunction-sections -fdata-sections -Wall -fstack-usage -fcyclomatic-complexity -MMD -MP -MF"Src/osKernel.d" -MT"Src/osKernel.o" --specs=nano.specs -mfpu=fpv5-sp-d16 -mfloat-abi=soft -mthumb -o "Src/osKernel.o"
arm-none-eabi-gcc "../Src/priority_queue.c" -mcpu=cortex-m33 -std=gnu11 -g3 -DSTM32U575xx -c -I../Inc -I/home/traian/RTOS/chip_headers/NUCLEO_CMSIS/Include -I/home/traian/RTOS/chip_headers/NUCLEO_CMSIS/Device -I/home/traian/RTOS/chip_headers/NUCLEO_CMSIS/Device/ST/STM32U5xx/Include -O0 -ffunction-sections -fdata-sections -Wall -fstack-usage -fcyclomatic-complexity -MMD -MP -MF"Src/priority_queue.d" -MT"Src/priority_queue.o" --specs=nano.specs -mfpu=fpv5-sp-d16 -mfloat-abi=soft -mthumb -o "Src/priority_queue.o"
arm-none-eabi-gcc "../Src/queue.c" -mcpu=cortex-m33 -std=gnu11 -g3 -DSTM32U575xx -c -I../Inc -I/home/traian/RTOS/chip_headers/NUCLEO_CMSIS/Include -I/home/traian/RTOS/chip_headers/NUCLEO_CMSIS/Device -I/home/traian/RTOS/chip_headers/NUCLEO_CMSIS/Device/ST/STM32U5xx/Include -O0 -ffunction-sections -fdata-sections -Wall -fstack-usage -fcyclomatic-complexity -MMD -MP -MF"Src/queue.d" -MT"Src/queue.o" --specs=nano.specs -mfpu=fpv5-sp-d16 -mfloat-abi=soft -mthumb -o "Src/queue.o"
arm-none-eabi-gcc "../Src/rms_scheduler.c" -mcpu=cortex-m33 -std=gnu11 -g3 -DSTM32U575xx -c -I../Inc -I/home/traian/RTOS/chip_headers/NUCLEO_CMSIS/Include -I/home/traian/RTOS/chip_headers/NUCLEO_CMSIS/Device -I/home/traian/RTOS/chip_headers/NUCLEO_CMSIS/Device/ST/STM32U5xx/Include -O0 -ffunction-sections -fdata-sections -Wall -fstack-usage -fcyclomatic-complexity -MMD -MP -MF"Src/rms_scheduler.d" -MT"Src/rms_scheduler.o" --specs=nano.specs -mfpu=fpv5-sp-d16 -mfloat-abi=soft -mthumb -o "Src/rms_scheduler.o"
arm-none-eabi-gcc "../Src/rtos.c" -mcpu=cortex-m33 -std=gnu11 -g3 -DSTM32U575xx -c -I../Inc -I/home/traian/RTOS/chip_headers/NUCLEO_CMSIS/Include -I/home/traian/RTOS/chip_headers/NUCLEO_CMSIS/Device -I/home/traian/RTOS/chip_headers/NUCLEO_CMSIS/Device/ST/STM32U5xx/Include -O0 -ffunction-sections -fdata-sections -Wall -fstack-usage -fcyclomatic-complexity -MMD -MP -MF"Src/rtos.d" -MT"Src/rtos.o" --specs=nano.specs -mfpu=fpv5-sp-d16 -mfloat-abi=soft -mthumb -o "Src/rtos.o"
arm-none-eabi-gcc "../Src/task.c" -mcpu=cortex-m33 -std=gnu11 -g3 -DSTM32U575xx -c -I../Inc -I/home/traian/RTOS/chip_headers/NUCLEO_CMSIS/Include -I/home/traian/RTOS/chip_headers/NUCLEO_CMSIS/Device -I/home/traian/RTOS/chip_headers/NUCLEO_CMSIS/Device/ST/STM32U5xx/Include -O0 -ffunction-sections -fdata-sections -Wall -fstack-usage -fcyclomatic-complexity -MMD -MP -MF"Src/task.d" -MT"Src/task.o" --specs=nano.specs -mfpu=fpv5-sp-d16 -mfloat-abi=soft -mthumb -o "Src/task.o"
arm-none-eabi-gcc "../Src/uart.c" -mcpu=cortex-m33 -std=gnu11 -g3 -DSTM32U575xx -c -I../Inc -I/home/traian/RTOS/chip_headers/NUCLEO_CMSIS/Include -I/home/traian/RTOS/chip_headers/NUCLEO_CMSIS/Device -I/home/traian/RTOS/chip_headers/NUCLEO_CMSIS/Device/ST/STM32U5xx/Include -O0 -ffunction-sections -fdata-sections -Wall -fstack-usage -fcyclomatic-complexity -MMD -MP -MF"Src/uart.d" -MT"Src/uart.o" --specs=nano.specs -mfpu=fpv5-sp-d16 -mfloat-abi=soft -mthumb -o "Src/uart.o"
../Src/rms_scheduler.c:7: warning: "SET_BIT" redefined
    7 | #define SET_BIT(number, position) \
      | 
In file included from ../Inc/globals.h:6,
                 from ../Src/rms_scheduler.c:4:
/home/traian/RTOS/chip_headers/NUCLEO_CMSIS/Device/ST/STM32U5xx/Include/stm32u5xx.h:173: note: this is the location of the previous definition
  173 | #define SET_BIT(REG, BIT)     ((REG) |= (BIT))
      | 
../Src/main.c: In function 'task_med':
../Src/main.c:61:6: warning: implicit declaration of function 'uart_printf' [-Wimplicit-function-declaration]
   61 |      uart_printf("Hello World");
      |      ^~~~~~~~~~~
../Src/rms_scheduler.c: In function 'rms_task_templates_add':
../Src/rms_scheduler.c:109:18: warning: unused variable 'p' [-Wunused-variable]
  109 |     volatile int p = task->period;
      |                  ^
../Src/rms_scheduler.c:108:18: warning: unused variable 'w' [-Wunused-variable]
  108 |     volatile int w = task->worst_case_execution_time;
      |                  ^
../Src/uart.c:135:13: warning: 'uart_send_dma_wait' defined but not used [-Wunused-function]
  135 | static void uart_send_dma_wait(void) {
      |             ^~~~~~~~~~~~~~~~~~
../Src/memory_pool.c: In function 'c_malloc':
../Src/memory_pool.c:79:54: warning: suggest parentheses around '+' inside '<<' [-Wparentheses]
   79 |                    OCUPY_BLOCK(current_element, size + sizeof(uint32_t));
      |                                                 ~~~~~^~~~~~~~~~~~~~~~~~
../Src/memory_pool.c:35:24: note: in definition of macro 'OCUPY_BLOCK'
   35 |     memory_block[0] = (new_size << 1) >> 8; \
      |                        ^~~~~~~~
../Src/memory_pool.c:79:54: warning: suggest parentheses around '+' inside '<<' [-Wparentheses]
   79 |                    OCUPY_BLOCK(current_element, size + sizeof(uint32_t));
      |                                                 ~~~~~^~~~~~~~~~~~~~~~~~
../Src/memory_pool.c:36:24: note: in definition of macro 'OCUPY_BLOCK'
   36 |     memory_block[1] = (new_size << 1) | 0x01;
      |                        ^~~~~~~~
../Src/memory_pool.c:83:43: warning: suggest parentheses around '+' inside '<<' [-Wparentheses]
   83 |         OCUPY_BLOCK(current_element, size + sizeof(uint32_t));
      |                                      ~~~~~^~~~~~~~~~~~~~~~~~
../Src/memory_pool.c:35:24: note: in definition of macro 'OCUPY_BLOCK'
   35 |     memory_block[0] = (new_size << 1) >> 8; \
      |                        ^~~~~~~~
../Src/memory_pool.c:83:43: warning: suggest parentheses around '+' inside '<<' [-Wparentheses]
   83 |         OCUPY_BLOCK(current_element, size + sizeof(uint32_t));
      |                                      ~~~~~^~~~~~~~~~~~~~~~~~
../Src/memory_pool.c:36:24: note: in definition of macro 'OCUPY_BLOCK'
   36 |     memory_block[1] = (new_size << 1) | 0x01;
      |                        ^~~~~~~~
../Src/memory_pool.c:85:58: warning: suggest parentheses around '-' inside '<<' [-Wparentheses]
   85 |         INITIALIZE_BLOCK(block_to_initialize, block_size - (size + sizeof(uint32_t)));
      |                                               ~~~~~~~~~~~^~~~~~~~~~~~~~~~~~~~~~~~~~~
../Src/memory_pool.c:40:24: note: in definition of macro 'INITIALIZE_BLOCK'
   40 |     memory_block[0] = (size << 1) >> 8; \
      |                        ^~~~
../Src/memory_pool.c:85:58: warning: suggest parentheses around '-' inside '<<' [-Wparentheses]
   85 |         INITIALIZE_BLOCK(block_to_initialize, block_size - (size + sizeof(uint32_t)));
      |                                               ~~~~~~~~~~~^~~~~~~~~~~~~~~~~~~~~~~~~~~
../Src/memory_pool.c:41:23: note: in definition of macro 'INITIALIZE_BLOCK'
   41 |     memory_block[1] = size << 1;
      |                       ^~~~
../Src/memory_pool.c: In function 'c_free':
../Src/memory_pool.c:105:33: warning: comparison of distinct pointer types lacks a cast
  105 |     if(!(ptr - sizeof(uint32_t) >= memory_pool && ptr < memory_pool + HEAP_SIZE))
      |                                 ^~
../Src/memory_pool.c:105:55: warning: comparison of distinct pointer types lacks a cast
  105 |     if(!(ptr - sizeof(uint32_t) >= memory_pool && ptr < memory_pool + HEAP_SIZE))
      |                                                       ^
../Src/memory_pool.c:49:67: warning: suggest parentheses around '+' inside '<<' [-Wparentheses]
   49 |     INITIALIZE_BLOCK(memory_block1, GET_BLOCK_SIZE(memory_block1) + GET_BLOCK_SIZE(memory_block2)) \
      |                                                                   ^
../Src/memory_pool.c:40:24: note: in definition of macro 'INITIALIZE_BLOCK'
   40 |     memory_block[0] = (size << 1) >> 8; \
      |                        ^~~~
../Src/memory_pool.c:114:9: note: in expansion of macro 'MERGE_BLOCKS'
  114 |         MERGE_BLOCKS(element_to_free, next_block);
      |         ^~~~~~~~~~~~
../Src/memory_pool.c:49:67: warning: suggest parentheses around '+' inside '<<' [-Wparentheses]
   49 |     INITIALIZE_BLOCK(memory_block1, GET_BLOCK_SIZE(memory_block1) + GET_BLOCK_SIZE(memory_block2)) \
      |                                                                   ^
../Src/memory_pool.c:41:23: note: in definition of macro 'INITIALIZE_BLOCK'
   41 |     memory_block[1] = size << 1;
      |                       ^~~~
../Src/memory_pool.c:114:9: note: in expansion of macro 'MERGE_BLOCKS'
  114 |         MERGE_BLOCKS(element_to_free, next_block);
      |         ^~~~~~~~~~~~
../Src/memory_pool.c:49:67: warning: suggest parentheses around '+' inside '<<' [-Wparentheses]
   49 |     INITIALIZE_BLOCK(memory_block1, GET_BLOCK_SIZE(memory_block1) + GET_BLOCK_SIZE(memory_block2)) \
      |                                                                   ^
../Src/memory_pool.c:40:24: note: in definition of macro 'INITIALIZE_BLOCK'
   40 |     memory_block[0] = (size << 1) >> 8; \
      |                        ^~~~
../Src/memory_pool.c:126:5: note: in expansion of macro 'MERGE_BLOCKS'
  126 |     MERGE_BLOCKS(ant, element_to_free);
      |     ^~~~~~~~~~~~
../Src/memory_pool.c:49:67: warning: suggest parentheses around '+' inside '<<' [-Wparentheses]
   49 |     INITIALIZE_BLOCK(memory_block1, GET_BLOCK_SIZE(memory_block1) + GET_BLOCK_SIZE(memory_block2)) \
      |                                                                   ^
../Src/memory_pool.c:41:23: note: in definition of macro 'INITIALIZE_BLOCK'
   41 |     memory_block[1] = size << 1;
      |                       ^~~~
../Src/memory_pool.c:126:5: note: in expansion of macro 'MERGE_BLOCKS'
  126 |     MERGE_BLOCKS(ant, element_to_free);
      |     ^~~~~~~~~~~~
../Src/rtos.c: In function 'rtos_task_delay':
../Src/rtos.c:76:9: warning: implicit declaration of function 'scheduler_dequeue_prio' [-Wimplicit-function-declaration]
   76 |         scheduler_dequeue_prio(running_task->priority);
      |         ^~~~~~~~~~~~~~~~~~~~~~
../Src/task.c: In function 'inheritate_priority':
../Src/task.c:68:31: warning: assignment to 'TCB_t *' {aka 'struct TCB *'} from incompatible pointer type 'mutex_t *' {aka 'struct mutex *'} [-Wincompatible-pointer-types]
   68 |         task_that_inheritates = task_inheritated->blocked_by;
      |                               ^
arm-none-eabi-gcc -o "RTOS.elf" @"objects.list"   -mcpu=cortex-m33 -T"/home/traian/RTOS/GCC_STM32CubeIDE/RTOS/STM32U575ZITXQ_FLASH.ld" --specs=nosys.specs -Wl,-Map="RTOS.map" -Wl,--gc-sections -static --specs=nano.specs -mfpu=fpv5-sp-d16 -mfloat-abi=soft -mthumb -Wl,--start-group -lc -lm -Wl,--end-group
Finished building target: RTOS.elf
 
arm-none-eabi-size  RTOS.elf 
arm-none-eabi-objdump -h -S RTOS.elf  > "RTOS.list"
   text	   data	    bss	    dec	    hex	filename
  15159	    108	  35408	  50675	   c5f3	RTOS.elf
Finished building: default.size.stdout
 
Finished building: RTOS.list
 
02:06:17 **** Incremental Build of configuration Debug for project RTOS ****
make -j16 all 
arm-none-eabi-gcc "../Src/binary_heap_queue.c" -mcpu=cortex-m33 -std=gnu11 -g3 -DSTM32U575xx -c -I../Inc -I/home/traian/RTOS/chip_headers/NUCLEO_CMSIS/Include -I/home/traian/RTOS/chip_headers/NUCLEO_CMSIS/Device -I/home/traian/RTOS/chip_headers/NUCLEO_CMSIS/Device/ST/STM32U5xx/Include -O0 -ffunction-sections -fdata-sections -Wall -fstack-usage -fcyclomatic-complexity -MMD -MP -MF"Src/binary_heap_queue.d" -MT"Src/binary_heap_queue.o" --specs=nano.specs -mfpu=fpv5-sp-d16 -mfloat-abi=soft -mthumb -o "Src/binary_heap_queue.o"
arm-none-eabi-gcc "../Src/globals.c" -mcpu=cortex-m33 -std=gnu11 -g3 -DSTM32U575xx -c -I../Inc -I/home/traian/RTOS/chip_headers/NUCLEO_CMSIS/Include -I/home/traian/RTOS/chip_headers/NUCLEO_CMSIS/Device -I/home/traian/RTOS/chip_headers/NUCLEO_CMSIS/Device/ST/STM32U5xx/Include -O0 -ffunction-sections -fdata-sections -Wall -fstack-usage -fcyclomatic-complexity -MMD -MP -MF"Src/globals.d" -MT"Src/globals.o" --specs=nano.specs -mfpu=fpv5-sp-d16 -mfloat-abi=soft -mthumb -o "Src/globals.o"
arm-none-eabi-gcc "../Src/main.c" -mcpu=cortex-m33 -std=gnu11 -g3 -DSTM32U575xx -c -I../Inc -I/home/traian/RTOS/chip_headers/NUCLEO_CMSIS/Include -I/home/traian/RTOS/chip_headers/NUCLEO_CMSIS/Device -I/home/traian/RTOS/chip_headers/NUCLEO_CMSIS/Device/ST/STM32U5xx/Include -O0 -ffunction-sections -fdata-sections -Wall -fstack-usage -fcyclomatic-complexity -MMD -MP -MF"Src/main.d" -MT"Src/main.o" --specs=nano.specs -mfpu=fpv5-sp-d16 -mfloat-abi=soft -mthumb -o "Src/main.o"
arm-none-eabi-gcc "../Src/memory_pool.c" -mcpu=cortex-m33 -std=gnu11 -g3 -DSTM32U575xx -c -I../Inc -I/home/traian/RTOS/chip_headers/NUCLEO_CMSIS/Include -I/home/traian/RTOS/chip_headers/NUCLEO_CMSIS/Device -I/home/traian/RTOS/chip_headers/NUCLEO_CMSIS/Device/ST/STM32U5xx/Include -O0 -ffunction-sections -fdata-sections -Wall -fstack-usage -fcyclomatic-complexity -MMD -MP -MF"Src/memory_pool.d" -MT"Src/memory_pool.o" --specs=nano.specs -mfpu=fpv5-sp-d16 -mfloat-abi=soft -mthumb -o "Src/memory_pool.o"
arm-none-eabi-gcc "../Src/mutex.c" -mcpu=cortex-m33 -std=gnu11 -g3 -DSTM32U575xx -c -I../Inc -I/home/traian/RTOS/chip_headers/NUCLEO_CMSIS/Include -I/home/traian/RTOS/chip_headers/NUCLEO_CMSIS/Device -I/home/traian/RTOS/chip_headers/NUCLEO_CMSIS/Device/ST/STM32U5xx/Include -O0 -ffunction-sections -fdata-sections -Wall -fstack-usage -fcyclomatic-complexity -MMD -MP -MF"Src/mutex.d" -MT"Src/mutex.o" --specs=nano.specs -mfpu=fpv5-sp-d16 -mfloat-abi=soft -mthumb -o "Src/mutex.o"
arm-none-eabi-gcc "../Src/osKernel.c" -mcpu=cortex-m33 -std=gnu11 -g3 -DSTM32U575xx -c -I../Inc -I/home/traian/RTOS/chip_headers/NUCLEO_CMSIS/Include -I/home/traian/RTOS/chip_headers/NUCLEO_CMSIS/Device -I/home/traian/RTOS/chip_headers/NUCLEO_CMSIS/Device/ST/STM32U5xx/Include -O0 -ffunction-sections -fdata-sections -Wall -fstack-usage -fcyclomatic-complexity -MMD -MP -MF"Src/osKernel.d" -MT"Src/osKernel.o" --specs=nano.specs -mfpu=fpv5-sp-d16 -mfloat-abi=soft -mthumb -o "Src/osKernel.o"
arm-none-eabi-gcc "../Src/priority_queue.c" -mcpu=cortex-m33 -std=gnu11 -g3 -DSTM32U575xx -c -I../Inc -I/home/traian/RTOS/chip_headers/NUCLEO_CMSIS/Include -I/home/traian/RTOS/chip_headers/NUCLEO_CMSIS/Device -I/home/traian/RTOS/chip_headers/NUCLEO_CMSIS/Device/ST/STM32U5xx/Include -O0 -ffunction-sections -fdata-sections -Wall -fstack-usage -fcyclomatic-complexity -MMD -MP -MF"Src/priority_queue.d" -MT"Src/priority_queue.o" --specs=nano.specs -mfpu=fpv5-sp-d16 -mfloat-abi=soft -mthumb -o "Src/priority_queue.o"
arm-none-eabi-gcc "../Src/queue.c" -mcpu=cortex-m33 -std=gnu11 -g3 -DSTM32U575xx -c -I../Inc -I/home/traian/RTOS/chip_headers/NUCLEO_CMSIS/Include -I/home/traian/RTOS/chip_headers/NUCLEO_CMSIS/Device -I/home/traian/RTOS/chip_headers/NUCLEO_CMSIS/Device/ST/STM32U5xx/Include -O0 -ffunction-sections -fdata-sections -Wall -fstack-usage -fcyclomatic-complexity -MMD -MP -MF"Src/queue.d" -MT"Src/queue.o" --specs=nano.specs -mfpu=fpv5-sp-d16 -mfloat-abi=soft -mthumb -o "Src/queue.o"
arm-none-eabi-gcc "../Src/rms_scheduler.c" -mcpu=cortex-m33 -std=gnu11 -g3 -DSTM32U575xx -c -I../Inc -I/home/traian/RTOS/chip_headers/NUCLEO_CMSIS/Include -I/home/traian/RTOS/chip_headers/NUCLEO_CMSIS/Device -I/home/traian/RTOS/chip_headers/NUCLEO_CMSIS/Device/ST/STM32U5xx/Include -O0 -ffunction-sections -fdata-sections -Wall -fstack-usage -fcyclomatic-complexity -MMD -MP -MF"Src/rms_scheduler.d" -MT"Src/rms_scheduler.o" --specs=nano.specs -mfpu=fpv5-sp-d16 -mfloat-abi=soft -mthumb -o "Src/rms_scheduler.o"
arm-none-eabi-gcc "../Src/rtos.c" -mcpu=cortex-m33 -std=gnu11 -g3 -DSTM32U575xx -c -I../Inc -I/home/traian/RTOS/chip_headers/NUCLEO_CMSIS/Include -I/home/traian/RTOS/chip_headers/NUCLEO_CMSIS/Device -I/home/traian/RTOS/chip_headers/NUCLEO_CMSIS/Device/ST/STM32U5xx/Include -O0 -ffunction-sections -fdata-sections -Wall -fstack-usage -fcyclomatic-complexity -MMD -MP -MF"Src/rtos.d" -MT"Src/rtos.o" --specs=nano.specs -mfpu=fpv5-sp-d16 -mfloat-abi=soft -mthumb -o "Src/rtos.o"
arm-none-eabi-gcc "../Src/task.c" -mcpu=cortex-m33 -std=gnu11 -g3 -DSTM32U575xx -c -I../Inc -I/home/traian/RTOS/chip_headers/NUCLEO_CMSIS/Include -I/home/traian/RTOS/chip_headers/NUCLEO_CMSIS/Device -I/home/traian/RTOS/chip_headers/NUCLEO_CMSIS/Device/ST/STM32U5xx/Include -O0 -ffunction-sections -fdata-sections -Wall -fstack-usage -fcyclomatic-complexity -MMD -MP -MF"Src/task.d" -MT"Src/task.o" --specs=nano.specs -mfpu=fpv5-sp-d16 -mfloat-abi=soft -mthumb -o "Src/task.o"
arm-none-eabi-gcc "../Src/uart.c" -mcpu=cortex-m33 -std=gnu11 -g3 -DSTM32U575xx -c -I../Inc -I/home/traian/RTOS/chip_headers/NUCLEO_CMSIS/Include -I/home/traian/RTOS/chip_headers/NUCLEO_CMSIS/Device -I/home/traian/RTOS/chip_headers/NUCLEO_CMSIS/Device/ST/STM32U5xx/Include -O0 -ffunction-sections -fdata-sections -Wall -fstack-usage -fcyclomatic-complexity -MMD -MP -MF"Src/uart.d" -MT"Src/uart.o" --specs=nano.specs -mfpu=fpv5-sp-d16 -mfloat-abi=soft -mthumb -o "Src/uart.o"
../Src/memory_pool.c: In function 'c_malloc':
../Src/memory_pool.c:79:54: warning: suggest parentheses around '+' inside '<<' [-Wparentheses]
   79 |                    OCUPY_BLOCK(current_element, size + sizeof(uint32_t));
      |                                                 ~~~~~^~~~~~~~~~~~~~~~~~
../Src/memory_pool.c:35:24: note: in definition of macro 'OCUPY_BLOCK'
   35 |     memory_block[0] = (new_size << 1) >> 8; \
      |                        ^~~~~~~~
../Src/memory_pool.c:79:54: warning: suggest parentheses around '+' inside '<<' [-Wparentheses]
   79 |                    OCUPY_BLOCK(current_element, size + sizeof(uint32_t));
      |                                                 ~~~~~^~~~~~~~~~~~~~~~~~
../Src/memory_pool.c:36:24: note: in definition of macro 'OCUPY_BLOCK'
   36 |     memory_block[1] = (new_size << 1) | 0x01;
      |                        ^~~~~~~~
../Src/memory_pool.c:83:43: warning: suggest parentheses around '+' inside '<<' [-Wparentheses]
   83 |         OCUPY_BLOCK(current_element, size + sizeof(uint32_t));
      |                                      ~~~~~^~~~~~~~~~~~~~~~~~
../Src/memory_pool.c:35:24: note: in definition of macro 'OCUPY_BLOCK'
   35 |     memory_block[0] = (new_size << 1) >> 8; \
      |                        ^~~~~~~~
../Src/memory_pool.c:83:43: warning: suggest parentheses around '+' inside '<<' [-Wparentheses]
   83 |         OCUPY_BLOCK(current_element, size + sizeof(uint32_t));
      |                                      ~~~~~^~~~~~~~~~~~~~~~~~
../Src/memory_pool.c:36:24: note: in definition of macro 'OCUPY_BLOCK'
   36 |     memory_block[1] = (new_size << 1) | 0x01;
      |                        ^~~~~~~~
../Src/memory_pool.c:85:58: warning: suggest parentheses around '-' inside '<<' [-Wparentheses]
   85 |         INITIALIZE_BLOCK(block_to_initialize, block_size - (size + sizeof(uint32_t)));
      |                                               ~~~~~~~~~~~^~~~~~~~~~~~~~~~~~~~~~~~~~~
../Src/memory_pool.c:40:24: note: in definition of macro 'INITIALIZE_BLOCK'
   40 |     memory_block[0] = (size << 1) >> 8; \
      |                        ^~~~
../Src/memory_pool.c:85:58: warning: suggest parentheses around '-' inside '<<' [-Wparentheses]
   85 |         INITIALIZE_BLOCK(block_to_initialize, block_size - (size + sizeof(uint32_t)));
      |                                               ~~~~~~~~~~~^~~~~~~~~~~~~~~~~~~~~~~~~~~
../Src/memory_pool.c:41:23: note: in definition of macro 'INITIALIZE_BLOCK'
   41 |     memory_block[1] = size << 1;
      |                       ^~~~
../Src/memory_pool.c: In function 'c_free':
../Src/memory_pool.c:105:33: warning: comparison of distinct pointer types lacks a cast
  105 |     if(!(ptr - sizeof(uint32_t) >= memory_pool && ptr < memory_pool + HEAP_SIZE))
      |                                 ^~
../Src/memory_pool.c:105:55: warning: comparison of distinct pointer types lacks a cast
  105 |     if(!(ptr - sizeof(uint32_t) >= memory_pool && ptr < memory_pool + HEAP_SIZE))
      |                                                       ^
../Src/memory_pool.c:49:67: warning: suggest parentheses around '+' inside '<<' [-Wparentheses]
   49 |     INITIALIZE_BLOCK(memory_block1, GET_BLOCK_SIZE(memory_block1) + GET_BLOCK_SIZE(memory_block2)) \
      |                                                                   ^
../Src/memory_pool.c:40:24: note: in definition of macro 'INITIALIZE_BLOCK'
   40 |     memory_block[0] = (size << 1) >> 8; \
      |                        ^~~~
../Src/memory_pool.c:114:9: note: in expansion of macro 'MERGE_BLOCKS'
  114 |         MERGE_BLOCKS(element_to_free, next_block);
      |         ^~~~~~~~~~~~
../Src/memory_pool.c:49:67: warning: suggest parentheses around '+' inside '<<' [-Wparentheses]
   49 |     INITIALIZE_BLOCK(memory_block1, GET_BLOCK_SIZE(memory_block1) + GET_BLOCK_SIZE(memory_block2)) \
      |                                                                   ^
../Src/memory_pool.c:41:23: note: in definition of macro 'INITIALIZE_BLOCK'
   41 |     memory_block[1] = size << 1;
      |                       ^~~~
../Src/memory_pool.c:114:9: note: in expansion of macro 'MERGE_BLOCKS'
  114 |         MERGE_BLOCKS(element_to_free, next_block);
      |         ^~~~~~~~~~~~
../Src/memory_pool.c:49:67: warning: suggest parentheses around '+' inside '<<' [-Wparentheses]
   49 |     INITIALIZE_BLOCK(memory_block1, GET_BLOCK_SIZE(memory_block1) + GET_BLOCK_SIZE(memory_block2)) \
      |                                                                   ^
../Src/memory_pool.c:40:24: note: in definition of macro 'INITIALIZE_BLOCK'
   40 |     memory_block[0] = (size << 1) >> 8; \
      |                        ^~~~
../Src/memory_pool.c:126:5: note: in expansion of macro 'MERGE_BLOCKS'
  126 |     MERGE_BLOCKS(ant, element_to_free);
      |     ^~~~~~~~~~~~
../Src/memory_pool.c:49:67: warning: suggest parentheses around '+' inside '<<' [-Wparentheses]
   49 |     INITIALIZE_BLOCK(memory_block1, GET_BLOCK_SIZE(memory_block1) + GET_BLOCK_SIZE(memory_block2)) \
      |                                                                   ^
../Src/memory_pool.c:41:23: note: in definition of macro 'INITIALIZE_BLOCK'
   41 |     memory_block[1] = size << 1;
      |                       ^~~~
../Src/memory_pool.c:126:5: note: in expansion of macro 'MERGE_BLOCKS'
  126 |     MERGE_BLOCKS(ant, element_to_free);
      |     ^~~~~~~~~~~~
../Src/rms_scheduler.c:7: warning: "SET_BIT" redefined
    7 | #define SET_BIT(number, position) \
      | 
In file included from ../Inc/globals.h:6,
                 from ../Src/rms_scheduler.c:4:
/home/traian/RTOS/chip_headers/NUCLEO_CMSIS/Device/ST/STM32U5xx/Include/stm32u5xx.h:173: note: this is the location of the previous definition
  173 | #define SET_BIT(REG, BIT)     ((REG) |= (BIT))
      | 
../Src/rms_scheduler.c: In function 'rms_task_templates_add':
../Src/rms_scheduler.c:109:18: warning: unused variable 'p' [-Wunused-variable]
  109 |     volatile int p = task->period;
      |                  ^
../Src/rms_scheduler.c:108:18: warning: unused variable 'w' [-Wunused-variable]
  108 |     volatile int w = task->worst_case_execution_time;
      |                  ^
../Src/task.c: In function 'inheritate_priority':
../Src/task.c:68:31: warning: assignment to 'TCB_t *' {aka 'struct TCB *'} from incompatible pointer type 'mutex_t *' {aka 'struct mutex *'} [-Wincompatible-pointer-types]
   68 |         task_that_inheritates = task_inheritated->blocked_by;
      |                               ^
../Src/uart.c:135:13: warning: 'uart_send_dma_wait' defined but not used [-Wunused-function]
  135 | static void uart_send_dma_wait(void) {
      |             ^~~~~~~~~~~~~~~~~~
../Src/main.c: In function 'task_med':
../Src/main.c:61:6: warning: implicit declaration of function 'uart_printf' [-Wimplicit-function-declaration]
   61 |      uart_printf("Hello World");
      |      ^~~~~~~~~~~
../Src/rtos.c: In function 'rtos_task_delay':
../Src/rtos.c:76:9: warning: implicit declaration of function 'scheduler_dequeue_prio' [-Wimplicit-function-declaration]
   76 |         scheduler_dequeue_prio(running_task->priority);
      |         ^~~~~~~~~~~~~~~~~~~~~~
arm-none-eabi-gcc -o "RTOS.elf" @"objects.list"   -mcpu=cortex-m33 -T"/home/traian/RTOS/GCC_STM32CubeIDE/RTOS/STM32U575ZITXQ_FLASH.ld" --specs=nosys.specs -Wl,-Map="RTOS.map" -Wl,--gc-sections -static --specs=nano.specs -mfpu=fpv5-sp-d16 -mfloat-abi=soft -mthumb -Wl,--start-group -lc -lm -Wl,--end-group
Finished building target: RTOS.elf
 
arm-none-eabi-size  RTOS.elf 
arm-none-eabi-objdump -h -S RTOS.elf  > "RTOS.list"
   text	   data	    bss	    dec	    hex	filename
  15159	    108	  68176	  83443	  145f3	RTOS.elf
Finished building: default.size.stdout
 
Finished building: RTOS.list
 
02:08:35 **** Incremental Build of configuration Debug for project RTOS ****
make -j16 all 
arm-none-eabi-gcc "../Src/binary_heap_queue.c" -mcpu=cortex-m33 -std=gnu11 -g3 -DSTM32U575xx -c -I../Inc -I/home/traian/RTOS/chip_headers/NUCLEO_CMSIS/Include -I/home/traian/RTOS/chip_headers/NUCLEO_CMSIS/Device -I/home/traian/RTOS/chip_headers/NUCLEO_CMSIS/Device/ST/STM32U5xx/Include -O0 -ffunction-sections -fdata-sections -Wall -fstack-usage -fcyclomatic-complexity -MMD -MP -MF"Src/binary_heap_queue.d" -MT"Src/binary_heap_queue.o" --specs=nano.specs -mfpu=fpv5-sp-d16 -mfloat-abi=soft -mthumb -o "Src/binary_heap_queue.o"
arm-none-eabi-gcc "../Src/globals.c" -mcpu=cortex-m33 -std=gnu11 -g3 -DSTM32U575xx -c -I../Inc -I/home/traian/RTOS/chip_headers/NUCLEO_CMSIS/Include -I/home/traian/RTOS/chip_headers/NUCLEO_CMSIS/Device -I/home/traian/RTOS/chip_headers/NUCLEO_CMSIS/Device/ST/STM32U5xx/Include -O0 -ffunction-sections -fdata-sections -Wall -fstack-usage -fcyclomatic-complexity -MMD -MP -MF"Src/globals.d" -MT"Src/globals.o" --specs=nano.specs -mfpu=fpv5-sp-d16 -mfloat-abi=soft -mthumb -o "Src/globals.o"
arm-none-eabi-gcc "../Src/main.c" -mcpu=cortex-m33 -std=gnu11 -g3 -DSTM32U575xx -c -I../Inc -I/home/traian/RTOS/chip_headers/NUCLEO_CMSIS/Include -I/home/traian/RTOS/chip_headers/NUCLEO_CMSIS/Device -I/home/traian/RTOS/chip_headers/NUCLEO_CMSIS/Device/ST/STM32U5xx/Include -O0 -ffunction-sections -fdata-sections -Wall -fstack-usage -fcyclomatic-complexity -MMD -MP -MF"Src/main.d" -MT"Src/main.o" --specs=nano.specs -mfpu=fpv5-sp-d16 -mfloat-abi=soft -mthumb -o "Src/main.o"
arm-none-eabi-gcc "../Src/memory_pool.c" -mcpu=cortex-m33 -std=gnu11 -g3 -DSTM32U575xx -c -I../Inc -I/home/traian/RTOS/chip_headers/NUCLEO_CMSIS/Include -I/home/traian/RTOS/chip_headers/NUCLEO_CMSIS/Device -I/home/traian/RTOS/chip_headers/NUCLEO_CMSIS/Device/ST/STM32U5xx/Include -O0 -ffunction-sections -fdata-sections -Wall -fstack-usage -fcyclomatic-complexity -MMD -MP -MF"Src/memory_pool.d" -MT"Src/memory_pool.o" --specs=nano.specs -mfpu=fpv5-sp-d16 -mfloat-abi=soft -mthumb -o "Src/memory_pool.o"
arm-none-eabi-gcc "../Src/mutex.c" -mcpu=cortex-m33 -std=gnu11 -g3 -DSTM32U575xx -c -I../Inc -I/home/traian/RTOS/chip_headers/NUCLEO_CMSIS/Include -I/home/traian/RTOS/chip_headers/NUCLEO_CMSIS/Device -I/home/traian/RTOS/chip_headers/NUCLEO_CMSIS/Device/ST/STM32U5xx/Include -O0 -ffunction-sections -fdata-sections -Wall -fstack-usage -fcyclomatic-complexity -MMD -MP -MF"Src/mutex.d" -MT"Src/mutex.o" --specs=nano.specs -mfpu=fpv5-sp-d16 -mfloat-abi=soft -mthumb -o "Src/mutex.o"
arm-none-eabi-gcc "../Src/osKernel.c" -mcpu=cortex-m33 -std=gnu11 -g3 -DSTM32U575xx -c -I../Inc -I/home/traian/RTOS/chip_headers/NUCLEO_CMSIS/Include -I/home/traian/RTOS/chip_headers/NUCLEO_CMSIS/Device -I/home/traian/RTOS/chip_headers/NUCLEO_CMSIS/Device/ST/STM32U5xx/Include -O0 -ffunction-sections -fdata-sections -Wall -fstack-usage -fcyclomatic-complexity -MMD -MP -MF"Src/osKernel.d" -MT"Src/osKernel.o" --specs=nano.specs -mfpu=fpv5-sp-d16 -mfloat-abi=soft -mthumb -o "Src/osKernel.o"
arm-none-eabi-gcc "../Src/priority_queue.c" -mcpu=cortex-m33 -std=gnu11 -g3 -DSTM32U575xx -c -I../Inc -I/home/traian/RTOS/chip_headers/NUCLEO_CMSIS/Include -I/home/traian/RTOS/chip_headers/NUCLEO_CMSIS/Device -I/home/traian/RTOS/chip_headers/NUCLEO_CMSIS/Device/ST/STM32U5xx/Include -O0 -ffunction-sections -fdata-sections -Wall -fstack-usage -fcyclomatic-complexity -MMD -MP -MF"Src/priority_queue.d" -MT"Src/priority_queue.o" --specs=nano.specs -mfpu=fpv5-sp-d16 -mfloat-abi=soft -mthumb -o "Src/priority_queue.o"
arm-none-eabi-gcc "../Src/queue.c" -mcpu=cortex-m33 -std=gnu11 -g3 -DSTM32U575xx -c -I../Inc -I/home/traian/RTOS/chip_headers/NUCLEO_CMSIS/Include -I/home/traian/RTOS/chip_headers/NUCLEO_CMSIS/Device -I/home/traian/RTOS/chip_headers/NUCLEO_CMSIS/Device/ST/STM32U5xx/Include -O0 -ffunction-sections -fdata-sections -Wall -fstack-usage -fcyclomatic-complexity -MMD -MP -MF"Src/queue.d" -MT"Src/queue.o" --specs=nano.specs -mfpu=fpv5-sp-d16 -mfloat-abi=soft -mthumb -o "Src/queue.o"
arm-none-eabi-gcc "../Src/rms_scheduler.c" -mcpu=cortex-m33 -std=gnu11 -g3 -DSTM32U575xx -c -I../Inc -I/home/traian/RTOS/chip_headers/NUCLEO_CMSIS/Include -I/home/traian/RTOS/chip_headers/NUCLEO_CMSIS/Device -I/home/traian/RTOS/chip_headers/NUCLEO_CMSIS/Device/ST/STM32U5xx/Include -O0 -ffunction-sections -fdata-sections -Wall -fstack-usage -fcyclomatic-complexity -MMD -MP -MF"Src/rms_scheduler.d" -MT"Src/rms_scheduler.o" --specs=nano.specs -mfpu=fpv5-sp-d16 -mfloat-abi=soft -mthumb -o "Src/rms_scheduler.o"
arm-none-eabi-gcc "../Src/rtos.c" -mcpu=cortex-m33 -std=gnu11 -g3 -DSTM32U575xx -c -I../Inc -I/home/traian/RTOS/chip_headers/NUCLEO_CMSIS/Include -I/home/traian/RTOS/chip_headers/NUCLEO_CMSIS/Device -I/home/traian/RTOS/chip_headers/NUCLEO_CMSIS/Device/ST/STM32U5xx/Include -O0 -ffunction-sections -fdata-sections -Wall -fstack-usage -fcyclomatic-complexity -MMD -MP -MF"Src/rtos.d" -MT"Src/rtos.o" --specs=nano.specs -mfpu=fpv5-sp-d16 -mfloat-abi=soft -mthumb -o "Src/rtos.o"
arm-none-eabi-gcc "../Src/task.c" -mcpu=cortex-m33 -std=gnu11 -g3 -DSTM32U575xx -c -I../Inc -I/home/traian/RTOS/chip_headers/NUCLEO_CMSIS/Include -I/home/traian/RTOS/chip_headers/NUCLEO_CMSIS/Device -I/home/traian/RTOS/chip_headers/NUCLEO_CMSIS/Device/ST/STM32U5xx/Include -O0 -ffunction-sections -fdata-sections -Wall -fstack-usage -fcyclomatic-complexity -MMD -MP -MF"Src/task.d" -MT"Src/task.o" --specs=nano.specs -mfpu=fpv5-sp-d16 -mfloat-abi=soft -mthumb -o "Src/task.o"
arm-none-eabi-gcc "../Src/uart.c" -mcpu=cortex-m33 -std=gnu11 -g3 -DSTM32U575xx -c -I../Inc -I/home/traian/RTOS/chip_headers/NUCLEO_CMSIS/Include -I/home/traian/RTOS/chip_headers/NUCLEO_CMSIS/Device -I/home/traian/RTOS/chip_headers/NUCLEO_CMSIS/Device/ST/STM32U5xx/Include -O0 -ffunction-sections -fdata-sections -Wall -fstack-usage -fcyclomatic-complexity -MMD -MP -MF"Src/uart.d" -MT"Src/uart.o" --specs=nano.specs -mfpu=fpv5-sp-d16 -mfloat-abi=soft -mthumb -o "Src/uart.o"
../Src/memory_pool.c: In function 'c_malloc':
../Src/memory_pool.c:79:54: warning: suggest parentheses around '+' inside '<<' [-Wparentheses]
   79 |                    OCUPY_BLOCK(current_element, size + sizeof(uint32_t));
      |                                                 ~~~~~^~~~~~~~~~~~~~~~~~
../Src/memory_pool.c:35:24: note: in definition of macro 'OCUPY_BLOCK'
   35 |     memory_block[0] = (new_size << 1) >> 8; \
      |                        ^~~~~~~~
../Src/memory_pool.c:79:54: warning: suggest parentheses around '+' inside '<<' [-Wparentheses]
   79 |                    OCUPY_BLOCK(current_element, size + sizeof(uint32_t));
      |                                                 ~~~~~^~~~~~~~~~~~~~~~~~
../Src/memory_pool.c:36:24: note: in definition of macro 'OCUPY_BLOCK'
   36 |     memory_block[1] = (new_size << 1) | 0x01;
      |                        ^~~~~~~~
../Src/memory_pool.c:83:43: warning: suggest parentheses around '+' inside '<<' [-Wparentheses]
   83 |         OCUPY_BLOCK(current_element, size + sizeof(uint32_t));
      |                                      ~~~~~^~~~~~~~~~~~~~~~~~
../Src/memory_pool.c:35:24: note: in definition of macro 'OCUPY_BLOCK'
   35 |     memory_block[0] = (new_size << 1) >> 8; \
      |                        ^~~~~~~~
../Src/memory_pool.c:83:43: warning: suggest parentheses around '+' inside '<<' [-Wparentheses]
   83 |         OCUPY_BLOCK(current_element, size + sizeof(uint32_t));
      |                                      ~~~~~^~~~~~~~~~~~~~~~~~
../Src/memory_pool.c:36:24: note: in definition of macro 'OCUPY_BLOCK'
   36 |     memory_block[1] = (new_size << 1) | 0x01;
      |                        ^~~~~~~~
../Src/memory_pool.c:85:58: warning: suggest parentheses around '-' inside '<<' [-Wparentheses]
   85 |         INITIALIZE_BLOCK(block_to_initialize, block_size - (size + sizeof(uint32_t)));
      |                                               ~~~~~~~~~~~^~~~~~~~~~~~~~~~~~~~~~~~~~~
../Src/memory_pool.c:40:24: note: in definition of macro 'INITIALIZE_BLOCK'
   40 |     memory_block[0] = (size << 1) >> 8; \
      |                        ^~~~
../Src/memory_pool.c:85:58: warning: suggest parentheses around '-' inside '<<' [-Wparentheses]
   85 |         INITIALIZE_BLOCK(block_to_initialize, block_size - (size + sizeof(uint32_t)));
      |                                               ~~~~~~~~~~~^~~~~~~~~~~~~~~~~~~~~~~~~~~
../Src/memory_pool.c:41:23: note: in definition of macro 'INITIALIZE_BLOCK'
   41 |     memory_block[1] = size << 1;
      |                       ^~~~
../Src/memory_pool.c: In function 'c_free':
../Src/memory_pool.c:105:33: warning: comparison of distinct pointer types lacks a cast
  105 |     if(!(ptr - sizeof(uint32_t) >= memory_pool && ptr < memory_pool + HEAP_SIZE))
      |                                 ^~
../Src/memory_pool.c:105:55: warning: comparison of distinct pointer types lacks a cast
  105 |     if(!(ptr - sizeof(uint32_t) >= memory_pool && ptr < memory_pool + HEAP_SIZE))
      |                                                       ^
../Src/memory_pool.c:49:67: warning: suggest parentheses around '+' inside '<<' [-Wparentheses]
   49 |     INITIALIZE_BLOCK(memory_block1, GET_BLOCK_SIZE(memory_block1) + GET_BLOCK_SIZE(memory_block2)) \
      |                                                                   ^
../Src/memory_pool.c:40:24: note: in definition of macro 'INITIALIZE_BLOCK'
   40 |     memory_block[0] = (size << 1) >> 8; \
      |                        ^~~~
../Src/memory_pool.c:114:9: note: in expansion of macro 'MERGE_BLOCKS'
  114 |         MERGE_BLOCKS(element_to_free, next_block);
      |         ^~~~~~~~~~~~
../Src/memory_pool.c:49:67: warning: suggest parentheses around '+' inside '<<' [-Wparentheses]
   49 |     INITIALIZE_BLOCK(memory_block1, GET_BLOCK_SIZE(memory_block1) + GET_BLOCK_SIZE(memory_block2)) \
      |                                                                   ^
../Src/memory_pool.c:41:23: note: in definition of macro 'INITIALIZE_BLOCK'
   41 |     memory_block[1] = size << 1;
      |                       ^~~~
../Src/memory_pool.c:114:9: note: in expansion of macro 'MERGE_BLOCKS'
  114 |         MERGE_BLOCKS(element_to_free, next_block);
      |         ^~~~~~~~~~~~
../Src/memory_pool.c:49:67: warning: suggest parentheses around '+' inside '<<' [-Wparentheses]
   49 |     INITIALIZE_BLOCK(memory_block1, GET_BLOCK_SIZE(memory_block1) + GET_BLOCK_SIZE(memory_block2)) \
      |                                                                   ^
../Src/memory_pool.c:40:24: note: in definition of macro 'INITIALIZE_BLOCK'
   40 |     memory_block[0] = (size << 1) >> 8; \
      |                        ^~~~
../Src/memory_pool.c:126:5: note: in expansion of macro 'MERGE_BLOCKS'
  126 |     MERGE_BLOCKS(ant, element_to_free);
      |     ^~~~~~~~~~~~
../Src/memory_pool.c:49:67: warning: suggest parentheses around '+' inside '<<' [-Wparentheses]
   49 |     INITIALIZE_BLOCK(memory_block1, GET_BLOCK_SIZE(memory_block1) + GET_BLOCK_SIZE(memory_block2)) \
      |                                                                   ^
../Src/memory_pool.c:41:23: note: in definition of macro 'INITIALIZE_BLOCK'
   41 |     memory_block[1] = size << 1;
      |                       ^~~~
../Src/memory_pool.c:126:5: note: in expansion of macro 'MERGE_BLOCKS'
  126 |     MERGE_BLOCKS(ant, element_to_free);
      |     ^~~~~~~~~~~~
../Src/main.c: In function 'task_med':
../Src/main.c:61:6: warning: implicit declaration of function 'uart_printf' [-Wimplicit-function-declaration]
   61 |      uart_printf("Hello World");
      |      ^~~~~~~~~~~
../Src/rms_scheduler.c:7: warning: "SET_BIT" redefined
    7 | #define SET_BIT(number, position) \
      | 
In file included from ../Inc/globals.h:6,
                 from ../Src/rms_scheduler.c:4:
/home/traian/RTOS/chip_headers/NUCLEO_CMSIS/Device/ST/STM32U5xx/Include/stm32u5xx.h:173: note: this is the location of the previous definition
  173 | #define SET_BIT(REG, BIT)     ((REG) |= (BIT))
      | 
../Src/rms_scheduler.c: In function 'rms_task_templates_add':
../Src/rms_scheduler.c:109:18: warning: unused variable 'p' [-Wunused-variable]
  109 |     volatile int p = task->period;
      |                  ^
../Src/rms_scheduler.c:108:18: warning: unused variable 'w' [-Wunused-variable]
  108 |     volatile int w = task->worst_case_execution_time;
      |                  ^
../Src/task.c: In function 'inheritate_priority':
../Src/task.c:68:31: warning: assignment to 'TCB_t *' {aka 'struct TCB *'} from incompatible pointer type 'mutex_t *' {aka 'struct mutex *'} [-Wincompatible-pointer-types]
   68 |         task_that_inheritates = task_inheritated->blocked_by;
      |                               ^
../Src/uart.c:135:13: warning: 'uart_send_dma_wait' defined but not used [-Wunused-function]
  135 | static void uart_send_dma_wait(void) {
      |             ^~~~~~~~~~~~~~~~~~
../Src/rtos.c: In function 'rtos_task_delay':
../Src/rtos.c:76:9: warning: implicit declaration of function 'scheduler_dequeue_prio' [-Wimplicit-function-declaration]
   76 |         scheduler_dequeue_prio(running_task->priority);
      |         ^~~~~~~~~~~~~~~~~~~~~~
arm-none-eabi-gcc -o "RTOS.elf" @"objects.list"   -mcpu=cortex-m33 -T"/home/traian/RTOS/GCC_STM32CubeIDE/RTOS/STM32U575ZITXQ_FLASH.ld" --specs=nosys.specs -Wl,-Map="RTOS.map" -Wl,--gc-sections -static --specs=nano.specs -mfpu=fpv5-sp-d16 -mfloat-abi=soft -mthumb -Wl,--start-group -lc -lm -Wl,--end-group
Finished building target: RTOS.elf
 
arm-none-eabi-size  RTOS.elf 
arm-none-eabi-objdump -h -S RTOS.elf  > "RTOS.list"
   text	   data	    bss	    dec	    hex	filename
  15159	    108	  68176	  83443	  145f3	RTOS.elf
Finished building: default.size.stdout
 
Finished building: RTOS.list
 
02:13:45 **** Incremental Build of configuration Debug for project RTOS ****
make -j16 all 
arm-none-eabi-gcc "../Src/binary_heap_queue.c" -mcpu=cortex-m33 -std=gnu11 -g3 -DSTM32U575xx -c -I../Inc -I/home/traian/RTOS/chip_headers/NUCLEO_CMSIS/Include -I/home/traian/RTOS/chip_headers/NUCLEO_CMSIS/Device -I/home/traian/RTOS/chip_headers/NUCLEO_CMSIS/Device/ST/STM32U5xx/Include -O0 -ffunction-sections -fdata-sections -Wall -fstack-usage -fcyclomatic-complexity -MMD -MP -MF"Src/binary_heap_queue.d" -MT"Src/binary_heap_queue.o" --specs=nano.specs -mfpu=fpv5-sp-d16 -mfloat-abi=soft -mthumb -o "Src/binary_heap_queue.o"
arm-none-eabi-gcc "../Src/uart.c" -mcpu=cortex-m33 -std=gnu11 -g3 -DSTM32U575xx -c -I../Inc -I/home/traian/RTOS/chip_headers/NUCLEO_CMSIS/Include -I/home/traian/RTOS/chip_headers/NUCLEO_CMSIS/Device -I/home/traian/RTOS/chip_headers/NUCLEO_CMSIS/Device/ST/STM32U5xx/Include -O0 -ffunction-sections -fdata-sections -Wall -fstack-usage -fcyclomatic-complexity -MMD -MP -MF"Src/uart.d" -MT"Src/uart.o" --specs=nano.specs -mfpu=fpv5-sp-d16 -mfloat-abi=soft -mthumb -o "Src/uart.o"
../Src/uart.c:136:13: warning: 'uart_send_dma_wait' defined but not used [-Wunused-function]
  136 | static void uart_send_dma_wait(void) {
      |             ^~~~~~~~~~~~~~~~~~
arm-none-eabi-gcc -o "RTOS.elf" @"objects.list"   -mcpu=cortex-m33 -T"/home/traian/RTOS/GCC_STM32CubeIDE/RTOS/STM32U575ZITXQ_FLASH.ld" --specs=nosys.specs -Wl,-Map="RTOS.map" -Wl,--gc-sections -static --specs=nano.specs -mfpu=fpv5-sp-d16 -mfloat-abi=soft -mthumb -Wl,--start-group -lc -lm -Wl,--end-group
Finished building target: RTOS.elf
 
arm-none-eabi-size  RTOS.elf 
arm-none-eabi-objdump -h -S RTOS.elf  > "RTOS.list"
   text	   data	    bss	    dec	    hex	filename
  15159	    108	  68208	  83475	  14613	RTOS.elf
Finished building: default.size.stdout
 
Finished building: RTOS.list
 
02:14:42 **** Incremental Build of configuration Debug for project RTOS ****
make -j16 all 
arm-none-eabi-gcc "../Src/binary_heap_queue.c" -mcpu=cortex-m33 -std=gnu11 -g3 -DSTM32U575xx -c -I../Inc -I/home/traian/RTOS/chip_headers/NUCLEO_CMSIS/Include -I/home/traian/RTOS/chip_headers/NUCLEO_CMSIS/Device -I/home/traian/RTOS/chip_headers/NUCLEO_CMSIS/Device/ST/STM32U5xx/Include -O0 -ffunction-sections -fdata-sections -Wall -fstack-usage -fcyclomatic-complexity -MMD -MP -MF"Src/binary_heap_queue.d" -MT"Src/binary_heap_queue.o" --specs=nano.specs -mfpu=fpv5-sp-d16 -mfloat-abi=soft -mthumb -o "Src/binary_heap_queue.o"
arm-none-eabi-gcc "../Src/globals.c" -mcpu=cortex-m33 -std=gnu11 -g3 -DSTM32U575xx -c -I../Inc -I/home/traian/RTOS/chip_headers/NUCLEO_CMSIS/Include -I/home/traian/RTOS/chip_headers/NUCLEO_CMSIS/Device -I/home/traian/RTOS/chip_headers/NUCLEO_CMSIS/Device/ST/STM32U5xx/Include -O0 -ffunction-sections -fdata-sections -Wall -fstack-usage -fcyclomatic-complexity -MMD -MP -MF"Src/globals.d" -MT"Src/globals.o" --specs=nano.specs -mfpu=fpv5-sp-d16 -mfloat-abi=soft -mthumb -o "Src/globals.o"
arm-none-eabi-gcc "../Src/main.c" -mcpu=cortex-m33 -std=gnu11 -g3 -DSTM32U575xx -c -I../Inc -I/home/traian/RTOS/chip_headers/NUCLEO_CMSIS/Include -I/home/traian/RTOS/chip_headers/NUCLEO_CMSIS/Device -I/home/traian/RTOS/chip_headers/NUCLEO_CMSIS/Device/ST/STM32U5xx/Include -O0 -ffunction-sections -fdata-sections -Wall -fstack-usage -fcyclomatic-complexity -MMD -MP -MF"Src/main.d" -MT"Src/main.o" --specs=nano.specs -mfpu=fpv5-sp-d16 -mfloat-abi=soft -mthumb -o "Src/main.o"
arm-none-eabi-gcc "../Src/memory_pool.c" -mcpu=cortex-m33 -std=gnu11 -g3 -DSTM32U575xx -c -I../Inc -I/home/traian/RTOS/chip_headers/NUCLEO_CMSIS/Include -I/home/traian/RTOS/chip_headers/NUCLEO_CMSIS/Device -I/home/traian/RTOS/chip_headers/NUCLEO_CMSIS/Device/ST/STM32U5xx/Include -O0 -ffunction-sections -fdata-sections -Wall -fstack-usage -fcyclomatic-complexity -MMD -MP -MF"Src/memory_pool.d" -MT"Src/memory_pool.o" --specs=nano.specs -mfpu=fpv5-sp-d16 -mfloat-abi=soft -mthumb -o "Src/memory_pool.o"
[...]
arm-none-eabi-objdump -h -S RTOS.elf  > "RTOS.list"
   text	   data	    bss	    dec	    hex	filename
  13027	     96	  35432	  48555	   bdab	RTOS.elf
Finished building: default.size.stdout
 
Finished building: RTOS.list
 
03:09:30 **** Incremental Build of configuration Debug for project RTOS ****
make -j16 all 
arm-none-eabi-gcc "../Src/osKernel.c" -mcpu=cortex-m33 -std=gnu11 -g3 -DSTM32U575xx -c -I../Inc -I/home/traian/RTOS/chip_headers/NUCLEO_CMSIS/Include -I/home/traian/RTOS/chip_headers/NUCLEO_CMSIS/Device -I/home/traian/RTOS/chip_headers/NUCLEO_CMSIS/Device/ST/STM32U5xx/Include -O0 -ffunction-sections -fdata-sections -Wall -fstack-usage -fcyclomatic-complexity -MMD -MP -MF"Src/osKernel.d" -MT"Src/osKernel.o" --specs=nano.specs -mfpu=fpv5-sp-d16 -mfloat-abi=soft -mthumb -o "Src/osKernel.o"
arm-none-eabi-gcc "../Src/uart.c" -mcpu=cortex-m33 -std=gnu11 -g3 -DSTM32U575xx -c -I../Inc -I/home/traian/RTOS/chip_headers/NUCLEO_CMSIS/Include -I/home/traian/RTOS/chip_headers/NUCLEO_CMSIS/Device -I/home/traian/RTOS/chip_headers/NUCLEO_CMSIS/Device/ST/STM32U5xx/Include -O0 -ffunction-sections -fdata-sections -Wall -fstack-usage -fcyclomatic-complexity -MMD -MP -MF"Src/uart.d" -MT"Src/uart.o" --specs=nano.specs -mfpu=fpv5-sp-d16 -mfloat-abi=soft -mthumb -o "Src/uart.o"
../Src/uart.c: In function 'uart_send_dma_wait':
../Src/uart.c:148:4: warning: implicit declaration of function 'scheduler_dequeue_prio' [-Wimplicit-function-declaration]
  148 |    scheduler_dequeue_prio(running_task->priority);
      |    ^~~~~~~~~~~~~~~~~~~~~~
arm-none-eabi-gcc -o "RTOS.elf" @"objects.list"   -mcpu=cortex-m33 -T"/home/traian/RTOS/GCC_STM32CubeIDE/RTOS/STM32U575ZITXQ_FLASH.ld" --specs=nosys.specs -Wl,-Map="RTOS.map" -Wl,--gc-sections -static --specs=nano.specs -mfpu=fpv5-sp-d16 -mfloat-abi=soft -mthumb -Wl,--start-group -lc -lm -Wl,--end-group
Finished building target: RTOS.elf
 
arm-none-eabi-size  RTOS.elf 
arm-none-eabi-objdump -h -S RTOS.elf  > "RTOS.list"
   text	   data	    bss	    dec	    hex	filename
  13031	     96	  35432	  48559	   bdaf	RTOS.elf
Finished building: default.size.stdout
 
Finished building: RTOS.list
 
03:10:06 **** Incremental Build of configuration Debug for project RTOS ****
make -j16 all 
arm-none-eabi-gcc "../Src/uart.c" -mcpu=cortex-m33 -std=gnu11 -g3 -DSTM32U575xx -c -I../Inc -I/home/traian/RTOS/chip_headers/NUCLEO_CMSIS/Include -I/home/traian/RTOS/chip_headers/NUCLEO_CMSIS/Device -I/home/traian/RTOS/chip_headers/NUCLEO_CMSIS/Device/ST/STM32U5xx/Include -O0 -ffunction-sections -fdata-sections -Wall -fstack-usage -fcyclomatic-complexity -MMD -MP -MF"Src/uart.d" -MT"Src/uart.o" --specs=nano.specs -mfpu=fpv5-sp-d16 -mfloat-abi=soft -mthumb -o "Src/uart.o"
../Src/uart.c: In function 'uart_send_dma_wait':
../Src/uart.c:148:4: warning: implicit declaration of function 'scheduler_dequeue_prio' [-Wimplicit-function-declaration]
  148 |    scheduler_dequeue_prio(running_task->priority);
      |    ^~~~~~~~~~~~~~~~~~~~~~
arm-none-eabi-gcc -o "RTOS.elf" @"objects.list"   -mcpu=cortex-m33 -T"/home/traian/RTOS/GCC_STM32CubeIDE/RTOS/STM32U575ZITXQ_FLASH.ld" --specs=nosys.specs -Wl,-Map="RTOS.map" -Wl,--gc-sections -static --specs=nano.specs -mfpu=fpv5-sp-d16 -mfloat-abi=soft -mthumb -Wl,--start-group -lc -lm -Wl,--end-group
Finished building target: RTOS.elf
 
arm-none-eabi-size  RTOS.elf 
arm-none-eabi-objdump -h -S RTOS.elf  > "RTOS.list"
   text	   data	    bss	    dec	    hex	filename
  13031	     96	  35432	  48559	   bdaf	RTOS.elf
Finished building: default.size.stdout
 
Finished building: RTOS.list
 
03:10:28 **** Incremental Build of configuration Debug for project RTOS ****
make -j16 all 
arm-none-eabi-gcc "../Src/uart.c" -mcpu=cortex-m33 -std=gnu11 -g3 -DSTM32U575xx -c -I../Inc -I/home/traian/RTOS/chip_headers/NUCLEO_CMSIS/Include -I/home/traian/RTOS/chip_headers/NUCLEO_CMSIS/Device -I/home/traian/RTOS/chip_headers/NUCLEO_CMSIS/Device/ST/STM32U5xx/Include -O0 -ffunction-sections -fdata-sections -Wall -fstack-usage -fcyclomatic-complexity -MMD -MP -MF"Src/uart.d" -MT"Src/uart.o" --specs=nano.specs -mfpu=fpv5-sp-d16 -mfloat-abi=soft -mthumb -o "Src/uart.o"
../Src/uart.c: In function 'uart_send_dma_wait':
../Src/uart.c:148:4: warning: implicit declaration of function 'scheduler_dequeue_prio' [-Wimplicit-function-declaration]
  148 |    scheduler_dequeue_prio(running_task->priority);
      |    ^~~~~~~~~~~~~~~~~~~~~~
arm-none-eabi-gcc -o "RTOS.elf" @"objects.list"   -mcpu=cortex-m33 -T"/home/traian/RTOS/GCC_STM32CubeIDE/RTOS/STM32U575ZITXQ_FLASH.ld" --specs=nosys.specs -Wl,-Map="RTOS.map" -Wl,--gc-sections -static --specs=nano.specs -mfpu=fpv5-sp-d16 -mfloat-abi=soft -mthumb -Wl,--start-group -lc -lm -Wl,--end-group
Finished building target: RTOS.elf
 
arm-none-eabi-size  RTOS.elf 
arm-none-eabi-objdump -h -S RTOS.elf  > "RTOS.list"
   text	   data	    bss	    dec	    hex	filename
  13023	     96	  35432	  48551	   bda7	RTOS.elf
Finished building: default.size.stdout
 
Finished building: RTOS.list
 
03:12:15 **** Incremental Build of configuration Debug for project RTOS ****
make -j16 all 
arm-none-eabi-gcc "../Src/uart.c" -mcpu=cortex-m33 -std=gnu11 -g3 -DSTM32U575xx -c -I../Inc -I/home/traian/RTOS/chip_headers/NUCLEO_CMSIS/Include -I/home/traian/RTOS/chip_headers/NUCLEO_CMSIS/Device -I/home/traian/RTOS/chip_headers/NUCLEO_CMSIS/Device/ST/STM32U5xx/Include -O0 -ffunction-sections -fdata-sections -Wall -fstack-usage -fcyclomatic-complexity -MMD -MP -MF"Src/uart.d" -MT"Src/uart.o" --specs=nano.specs -mfpu=fpv5-sp-d16 -mfloat-abi=soft -mthumb -o "Src/uart.o"
../Src/uart.c: In function 'uart_send_dma_wait':
../Src/uart.c:148:4: warning: implicit declaration of function 'scheduler_dequeue_prio' [-Wimplicit-function-declaration]
  148 |    scheduler_dequeue_prio(running_task->priority);
      |    ^~~~~~~~~~~~~~~~~~~~~~
arm-none-eabi-gcc -o "RTOS.elf" @"objects.list"   -mcpu=cortex-m33 -T"/home/traian/RTOS/GCC_STM32CubeIDE/RTOS/STM32U575ZITXQ_FLASH.ld" --specs=nosys.specs -Wl,-Map="RTOS.map" -Wl,--gc-sections -static --specs=nano.specs -mfpu=fpv5-sp-d16 -mfloat-abi=soft -mthumb -Wl,--start-group -lc -lm -Wl,--end-group
Finished building target: RTOS.elf
 
arm-none-eabi-size  RTOS.elf 
arm-none-eabi-objdump -h -S RTOS.elf  > "RTOS.list"
   text	   data	    bss	    dec	    hex	filename
  13027	     96	  35432	  48555	   bdab	RTOS.elf
Finished building: default.size.stdout
 
Finished building: RTOS.list
 
03:13:07 **** Incremental Build of configuration Debug for project RTOS ****
make -j16 all 
arm-none-eabi-gcc "../Src/uart.c" -mcpu=cortex-m33 -std=gnu11 -g3 -DSTM32U575xx -c -I../Inc -I/home/traian/RTOS/chip_headers/NUCLEO_CMSIS/Include -I/home/traian/RTOS/chip_headers/NUCLEO_CMSIS/Device -I/home/traian/RTOS/chip_headers/NUCLEO_CMSIS/Device/ST/STM32U5xx/Include -O0 -ffunction-sections -fdata-sections -Wall -fstack-usage -fcyclomatic-complexity -MMD -MP -MF"Src/uart.d" -MT"Src/uart.o" --specs=nano.specs -mfpu=fpv5-sp-d16 -mfloat-abi=soft -mthumb -o "Src/uart.o"
../Src/uart.c: In function 'uart_send_dma_wait':
../Src/uart.c:147:4: warning: implicit declaration of function 'scheduler_dequeue_prio' [-Wimplicit-function-declaration]
  147 |    scheduler_dequeue_prio(running_task->priority);
      |    ^~~~~~~~~~~~~~~~~~~~~~
arm-none-eabi-gcc -o "RTOS.elf" @"objects.list"   -mcpu=cortex-m33 -T"/home/traian/RTOS/GCC_STM32CubeIDE/RTOS/STM32U575ZITXQ_FLASH.ld" --specs=nosys.specs -Wl,-Map="RTOS.map" -Wl,--gc-sections -static --specs=nano.specs -mfpu=fpv5-sp-d16 -mfloat-abi=soft -mthumb -Wl,--start-group -lc -lm -Wl,--end-group
Finished building target: RTOS.elf
 
arm-none-eabi-size  RTOS.elf 
arm-none-eabi-objdump -h -S RTOS.elf  > "RTOS.list"
   text	   data	    bss	    dec	    hex	filename
  13031	     96	  35432	  48559	   bdaf	RTOS.elf
Finished building: default.size.stdout
 
Finished building: RTOS.list
 
03:13:30 **** Incremental Build of configuration Debug for project RTOS ****
make -j16 all 
arm-none-eabi-gcc "../Src/uart.c" -mcpu=cortex-m33 -std=gnu11 -g3 -DSTM32U575xx -c -I../Inc -I/home/traian/RTOS/chip_headers/NUCLEO_CMSIS/Include -I/home/traian/RTOS/chip_headers/NUCLEO_CMSIS/Device -I/home/traian/RTOS/chip_headers/NUCLEO_CMSIS/Device/ST/STM32U5xx/Include -O0 -ffunction-sections -fdata-sections -Wall -fstack-usage -fcyclomatic-complexity -MMD -MP -MF"Src/uart.d" -MT"Src/uart.o" --specs=nano.specs -mfpu=fpv5-sp-d16 -mfloat-abi=soft -mthumb -o "Src/uart.o"
../Src/uart.c: In function 'uart_send_dma_wait':
../Src/uart.c:147:4: warning: implicit declaration of function 'scheduler_dequeue_prio' [-Wimplicit-function-declaration]
  147 |    scheduler_dequeue_prio(running_task->priority);
      |    ^~~~~~~~~~~~~~~~~~~~~~
arm-none-eabi-gcc -o "RTOS.elf" @"objects.list"   -mcpu=cortex-m33 -T"/home/traian/RTOS/GCC_STM32CubeIDE/RTOS/STM32U575ZITXQ_FLASH.ld" --specs=nosys.specs -Wl,-Map="RTOS.map" -Wl,--gc-sections -static --specs=nano.specs -mfpu=fpv5-sp-d16 -mfloat-abi=soft -mthumb -Wl,--start-group -lc -lm -Wl,--end-group
Finished building target: RTOS.elf
 
arm-none-eabi-size  RTOS.elf 
arm-none-eabi-objdump -h -S RTOS.elf  > "RTOS.list"
   text	   data	    bss	    dec	    hex	filename
  13043	     96	  35432	  48571	   bdbb	RTOS.elf
Finished building: default.size.stdout
 
Finished building: RTOS.list
 
03:14:09 **** Incremental Build of configuration Debug for project RTOS ****
make -j16 all 
arm-none-eabi-gcc "../Src/uart.c" -mcpu=cortex-m33 -std=gnu11 -g3 -DSTM32U575xx -c -I../Inc -I/home/traian/RTOS/chip_headers/NUCLEO_CMSIS/Include -I/home/traian/RTOS/chip_headers/NUCLEO_CMSIS/Device -I/home/traian/RTOS/chip_headers/NUCLEO_CMSIS/Device/ST/STM32U5xx/Include -O0 -ffunction-sections -fdata-sections -Wall -fstack-usage -fcyclomatic-complexity -MMD -MP -MF"Src/uart.d" -MT"Src/uart.o" --specs=nano.specs -mfpu=fpv5-sp-d16 -mfloat-abi=soft -mthumb -o "Src/uart.o"
arm-none-eabi-gcc -o "RTOS.elf" @"objects.list"   -mcpu=cortex-m33 -T"/home/traian/RTOS/GCC_STM32CubeIDE/RTOS/STM32U575ZITXQ_FLASH.ld" --specs=nosys.specs -Wl,-Map="RTOS.map" -Wl,--gc-sections -static --specs=nano.specs -mfpu=fpv5-sp-d16 -mfloat-abi=soft -mthumb -Wl,--start-group -lc -lm -Wl,--end-group
Finished building target: RTOS.elf
 
arm-none-eabi-size  RTOS.elf 
arm-none-eabi-objdump -h -S RTOS.elf  > "RTOS.list"
   text	   data	    bss	    dec	    hex	filename
  12971	     96	  35432	  48499	   bd73	RTOS.elf
Finished building: default.size.stdout
 
Finished building: RTOS.list
 
03:14:56 **** Incremental Build of configuration Debug for project RTOS ****
make -j16 all 
arm-none-eabi-gcc "../Src/uart.c" -mcpu=cortex-m33 -std=gnu11 -g3 -DSTM32U575xx -c -I../Inc -I/home/traian/RTOS/chip_headers/NUCLEO_CMSIS/Include -I/home/traian/RTOS/chip_headers/NUCLEO_CMSIS/Device -I/home/traian/RTOS/chip_headers/NUCLEO_CMSIS/Device/ST/STM32U5xx/Include -O0 -ffunction-sections -fdata-sections -Wall -fstack-usage -fcyclomatic-complexity -MMD -MP -MF"Src/uart.d" -MT"Src/uart.o" --specs=nano.specs -mfpu=fpv5-sp-d16 -mfloat-abi=soft -mthumb -o "Src/uart.o"
arm-none-eabi-gcc -o "RTOS.elf" @"objects.list"   -mcpu=cortex-m33 -T"/home/traian/RTOS/GCC_STM32CubeIDE/RTOS/STM32U575ZITXQ_FLASH.ld" --specs=nosys.specs -Wl,-Map="RTOS.map" -Wl,--gc-sections -static --specs=nano.specs -mfpu=fpv5-sp-d16 -mfloat-abi=soft -mthumb -Wl,--start-group -lc -lm -Wl,--end-group
Finished building target: RTOS.elf
 
arm-none-eabi-size  RTOS.elf 
arm-none-eabi-objdump -h -S RTOS.elf  > "RTOS.list"
   text	   data	    bss	    dec	    hex	filename
  12927	     96	  35432	  48455	   bd47	RTOS.elf
Finished building: default.size.stdout
 
Finished building: RTOS.list
 
03:15:34 **** Incremental Build of configuration Debug for project RTOS ****
make -j16 all 
arm-none-eabi-gcc "../Src/uart.c" -mcpu=cortex-m33 -std=gnu11 -g3 -DSTM32U575xx -c -I../Inc -I/home/traian/RTOS/chip_headers/NUCLEO_CMSIS/Include -I/home/traian/RTOS/chip_headers/NUCLEO_CMSIS/Device -I/home/traian/RTOS/chip_headers/NUCLEO_CMSIS/Device/ST/STM32U5xx/Include -O0 -ffunction-sections -fdata-sections -Wall -fstack-usage -fcyclomatic-complexity -MMD -MP -MF"Src/uart.d" -MT"Src/uart.o" --specs=nano.specs -mfpu=fpv5-sp-d16 -mfloat-abi=soft -mthumb -o "Src/uart.o"
../Src/uart.c:136:13: warning: 'uart_send_dma_wait' defined but not used [-Wunused-function]
  136 | static void uart_send_dma_wait(void) {
      |             ^~~~~~~~~~~~~~~~~~
arm-none-eabi-gcc -o "RTOS.elf" @"objects.list"   -mcpu=cortex-m33 -T"/home/traian/RTOS/GCC_STM32CubeIDE/RTOS/STM32U575ZITXQ_FLASH.ld" --specs=nosys.specs -Wl,-Map="RTOS.map" -Wl,--gc-sections -static --specs=nano.specs -mfpu=fpv5-sp-d16 -mfloat-abi=soft -mthumb -Wl,--start-group -lc -lm -Wl,--end-group
Finished building target: RTOS.elf
 
arm-none-eabi-size  RTOS.elf 
arm-none-eabi-objdump -h -S RTOS.elf  > "RTOS.list"
   text	   data	    bss	    dec	    hex	filename
  12403	     96	  35432	  47931	   bb3b	RTOS.elf
Finished building: default.size.stdout
 
Finished building: RTOS.list
 
03:20:47 **** Incremental Build of configuration Debug for project RTOS ****
make -j16 all 
arm-none-eabi-gcc "../Src/uart.c" -mcpu=cortex-m33 -std=gnu11 -g3 -DSTM32U575xx -c -I../Inc -I/home/traian/RTOS/chip_headers/NUCLEO_CMSIS/Include -I/home/traian/RTOS/chip_headers/NUCLEO_CMSIS/Device -I/home/traian/RTOS/chip_headers/NUCLEO_CMSIS/Device/ST/STM32U5xx/Include -O0 -ffunction-sections -fdata-sections -Wall -fstack-usage -fcyclomatic-complexity -MMD -MP -MF"Src/uart.d" -MT"Src/uart.o" --specs=nano.specs -mfpu=fpv5-sp-d16 -mfloat-abi=soft -mthumb -o "Src/uart.o"
../Src/uart.c: In function 'uart_printf':
../Src/uart.c:134:8: warning: this 'if' clause does not guard... [-Wmisleading-indentation]
  134 |        if(len >UART_BUFFER_SIZE)
      |        ^~
../Src/uart.c:136:9: note: ...this statement, but the latter is misleadingly indented as if it were guarded by the 'if'
  136 |         uart_blocked_task = running_task;
      |         ^~~~~~~~~~~~~~~~~
../Src/uart.c:137:50: error: expected statement before ')' token
  137 |         uart_send_dma(dma_buffer, (uint16_t)len);)
      |                                                  ^
../Src/uart.c: At top level:
../Src/uart.c:119:13: warning: 'uart_send_dma_wait' defined but not used [-Wunused-function]
  119 | static void uart_send_dma_wait(void) {
      |             ^~~~~~~~~~~~~~~~~~
make: *** [Src/subdir.mk:64: Src/uart.o] Error 1
"make -j16 all" terminated with exit code 2. Build might be incomplete.
03:21:19 **** Incremental Build of configuration Debug for project RTOS ****
make -j16 all 
arm-none-eabi-gcc "../Src/uart.c" -mcpu=cortex-m33 -std=gnu11 -g3 -DSTM32U575xx -c -I../Inc -I/home/traian/RTOS/chip_headers/NUCLEO_CMSIS/Include -I/home/traian/RTOS/chip_headers/NUCLEO_CMSIS/Device -I/home/traian/RTOS/chip_headers/NUCLEO_CMSIS/Device/ST/STM32U5xx/Include -O0 -ffunction-sections -fdata-sections -Wall -fstack-usage -fcyclomatic-complexity -MMD -MP -MF"Src/uart.d" -MT"Src/uart.o" --specs=nano.specs -mfpu=fpv5-sp-d16 -mfloat-abi=soft -mthumb -o "Src/uart.o"
../Src/uart.c: In function 'uart_printf':
../Src/uart.c:134:8: warning: this 'if' clause does not guard... [-Wmisleading-indentation]
  134 |        if(len >UART_BUFFER_SIZE)
      |        ^~
../Src/uart.c:136:9: note: ...this statement, but the latter is misleadingly indented as if it were guarded by the 'if'
  136 |         uart_blocked_task = running_task;
      |         ^~~~~~~~~~~~~~~~~
../Src/uart.c: At top level:
../Src/uart.c:119:13: warning: 'uart_send_dma_wait' defined but not used [-Wunused-function]
  119 | static void uart_send_dma_wait(void) {
      |             ^~~~~~~~~~~~~~~~~~
arm-none-eabi-gcc -o "RTOS.elf" @"objects.list"   -mcpu=cortex-m33 -T"/home/traian/RTOS/GCC_STM32CubeIDE/RTOS/STM32U575ZITXQ_FLASH.ld" --specs=nosys.specs -Wl,-Map="RTOS.map" -Wl,--gc-sections -static --specs=nano.specs -mfpu=fpv5-sp-d16 -mfloat-abi=soft -mthumb -Wl,--start-group -lc -lm -Wl,--end-group
Finished building target: RTOS.elf
 
arm-none-eabi-size  RTOS.elf 
arm-none-eabi-objdump -h -S RTOS.elf  > "RTOS.list"
   text	   data	    bss	    dec	    hex	filename
  12875	     96	  35432	  48403	   bd13	RTOS.elf
Finished building: default.size.stdout
 
Finished building: RTOS.list
 
03:21:20 **** Incremental Build of configuration Debug for project RTOS ****
make -j16 all 
arm-none-eabi-size  RTOS.elf 
   text	   data	    bss	    dec	    hex	filename
  12875	     96	  35432	  48403	   bd13	RTOS.elf
Finished building: default.size.stdout
 
03:22:18 **** Incremental Build of configuration Debug for project RTOS ****
make -j16 all 
arm-none-eabi-gcc "../Src/uart.c" -mcpu=cortex-m33 -std=gnu11 -g3 -DSTM32U575xx -c -I../Inc -I/home/traian/RTOS/chip_headers/NUCLEO_CMSIS/Include -I/home/traian/RTOS/chip_headers/NUCLEO_CMSIS/Device -I/home/traian/RTOS/chip_headers/NUCLEO_CMSIS/Device/ST/STM32U5xx/Include -O0 -ffunction-sections -fdata-sections -Wall -fstack-usage -fcyclomatic-complexity -MMD -MP -MF"Src/uart.d" -MT"Src/uart.o" --specs=nano.specs -mfpu=fpv5-sp-d16 -mfloat-abi=soft -mthumb -o "Src/uart.o"
../Src/uart.c: In function 'uart_printf':
../Src/uart.c:134:8: warning: this 'if' clause does not guard... [-Wmisleading-indentation]
  134 |        if(len >UART_BUFFER_SIZE)
      |        ^~
../Src/uart.c:136:9: note: ...this statement, but the latter is misleadingly indented as if it were guarded by the 'if'
  136 |         uart_blocked_task = running_task;
      |         ^~~~~~~~~~~~~~~~~
../Src/uart.c: At top level:
../Src/uart.c:119:13: warning: 'uart_send_dma_wait' defined but not used [-Wunused-function]
  119 | static void uart_send_dma_wait(void) {
      |             ^~~~~~~~~~~~~~~~~~
arm-none-eabi-gcc -o "RTOS.elf" @"objects.list"   -mcpu=cortex-m33 -T"/home/traian/RTOS/GCC_STM32CubeIDE/RTOS/STM32U575ZITXQ_FLASH.ld" --specs=nosys.specs -Wl,-Map="RTOS.map" -Wl,--gc-sections -static --specs=nano.specs -mfpu=fpv5-sp-d16 -mfloat-abi=soft -mthumb -Wl,--start-group -lc -lm -Wl,--end-group
Finished building target: RTOS.elf
 
arm-none-eabi-size  RTOS.elf 
arm-none-eabi-objdump -h -S RTOS.elf  > "RTOS.list"
   text	   data	    bss	    dec	    hex	filename
  12883	     96	  35432	  48411	   bd1b	RTOS.elf
Finished building: default.size.stdout
 
Finished building: RTOS.list
 
03:22:56 **** Incremental Build of configuration Debug for project RTOS ****
make -j16 all 
arm-none-eabi-gcc "../Src/uart.c" -mcpu=cortex-m33 -std=gnu11 -g3 -DSTM32U575xx -c -I../Inc -I/home/traian/RTOS/chip_headers/NUCLEO_CMSIS/Include -I/home/traian/RTOS/chip_headers/NUCLEO_CMSIS/Device -I/home/traian/RTOS/chip_headers/NUCLEO_CMSIS/Device/ST/STM32U5xx/Include -O0 -ffunction-sections -fdata-sections -Wall -fstack-usage -fcyclomatic-complexity -MMD -MP -MF"Src/uart.d" -MT"Src/uart.o" --specs=nano.specs -mfpu=fpv5-sp-d16 -mfloat-abi=soft -mthumb -o "Src/uart.o"
../Src/uart.c: In function 'uart_printf':
../Src/uart.c:134:8: warning: this 'if' clause does not guard... [-Wmisleading-indentation]
  134 |        if(len >UART_BUFFER_SIZE)
      |        ^~
../Src/uart.c:136:9: note: ...this statement, but the latter is misleadingly indented as if it were guarded by the 'if'
  136 |         uart_blocked_task = running_task;
      |         ^~~~~~~~~~~~~~~~~
../Src/uart.c: At top level:
../Src/uart.c:119:13: warning: 'uart_send_dma_wait' defined but not used [-Wunused-function]
  119 | static void uart_send_dma_wait(void) {
      |             ^~~~~~~~~~~~~~~~~~
arm-none-eabi-gcc -o "RTOS.elf" @"objects.list"   -mcpu=cortex-m33 -T"/home/traian/RTOS/GCC_STM32CubeIDE/RTOS/STM32U575ZITXQ_FLASH.ld" --specs=nosys.specs -Wl,-Map="RTOS.map" -Wl,--gc-sections -static --specs=nano.specs -mfpu=fpv5-sp-d16 -mfloat-abi=soft -mthumb -Wl,--start-group -lc -lm -Wl,--end-group
Finished building target: RTOS.elf
 
arm-none-eabi-size  RTOS.elf 
arm-none-eabi-objdump -h -S RTOS.elf  > "RTOS.list"
   text	   data	    bss	    dec	    hex	filename
  12403	     96	  35432	  47931	   bb3b	RTOS.elf
Finished building: default.size.stdout
 
Finished building: RTOS.list
 
