18:21:14 **** Incremental Build of configuration Debug for project RTOS ****
make -j16 all 
arm-none-eabi-gcc -o "RTOS.elf" @"objects.list"   -mcpu=cortex-m33 -T"/home/traian/RTOS/GCC_STM32CubeIDE/RTOS/STM32U575ZITXQ_FLASH.ld" --specs=nosys.specs -Wl,-Map="RTOS.map" -Wl,--gc-sections -static --specs=nano.specs -mfpu=fpv5-sp-d16 -mfloat-abi=soft -mthumb -Wl,--start-group -lc -lm -Wl,--end-group
/home/traian/st/stm32cubeide_1.19.0/plugins/com.st.stm32cube.ide.mcu.externaltools.gnu-tools-for-stm32.13.3.rel1.linux64_1.0.0.202410170706/tools/bin/../lib/gcc/arm-none-eabi/13.3.1/../../../../arm-none-eabi/bin/ld: ./Src/osKernel.o: in function `osKernelInit':
/home/traian/RTOS/GCC_STM32CubeIDE/RTOS/Debug/../Src/osKernel.c:92:(.text.osKernelInit+0x4): undefined reference to `SystemCoreClockUpdate'
/home/traian/st/stm32cubeide_1.19.0/plugins/com.st.stm32cube.ide.mcu.externaltools.gnu-tools-for-stm32.13.3.rel1.linux64_1.0.0.202410170706/tools/bin/../lib/gcc/arm-none-eabi/13.3.1/../../../../arm-none-eabi/bin/ld: /home/traian/RTOS/GCC_STM32CubeIDE/RTOS/Debug/../Src/osKernel.c:95:(.text.osKernelInit+0x20): undefined reference to `SystemCoreClock'
collect2: error: ld returned 1 exit status
make: *** [makefile:63: RTOS.elf] Error 1
"make -j16 all" terminated with exit code 2. Build might be incomplete.
18:21:46 **** Incremental Build of configuration Debug for project RTOS ****
make -j16 all 
arm-none-eabi-gcc "../Src/osKernel.c" -mcpu=cortex-m33 -std=gnu11 -g3 -DSTM32U575xx -c -I../Inc -I/home/traian/RTOS/chip_headers/NUCLEO_CMSIS/Include -I/home/traian/RTOS/chip_headers/NUCLEO_CMSIS/Device -I/home/traian/RTOS/chip_headers/NUCLEO_CMSIS/Device/ST/STM32U5xx/Include -O0 -ffunction-sections -fdata-sections -Wall -fstack-usage -fcyclomatic-complexity -MMD -MP -MF"Src/osKernel.d" -MT"Src/osKernel.o" --specs=nano.specs -mfpu=fpv5-sp-d16 -mfloat-abi=soft -mthumb -o "Src/osKernel.o"
arm-none-eabi-gcc -o "RTOS.elf" @"objects.list"   -mcpu=cortex-m33 -T"/home/traian/RTOS/GCC_STM32CubeIDE/RTOS/STM32U575ZITXQ_FLASH.ld" --specs=nosys.specs -Wl,-Map="RTOS.map" -Wl,--gc-sections -static --specs=nano.specs -mfpu=fpv5-sp-d16 -mfloat-abi=soft -mthumb -Wl,--start-group -lc -lm -Wl,--end-group
Finished building target: RTOS.elf
 
arm-none-eabi-size  RTOS.elf 
arm-none-eabi-objdump -h -S RTOS.elf  > "RTOS.list"
   text	   data	    bss	    dec	    hex	filename
   8300	   4096	   1920	  14316	   37ec	RTOS.elf
Finished building: default.size.stdout
 
Finished building: RTOS.list
 
18:21:47 **** Incremental Build of configuration Debug for project RTOS ****
make -j16 all 
arm-none-eabi-size  RTOS.elf 
   text	   data	    bss	    dec	    hex	filename
   8300	   4096	   1920	  14316	   37ec	RTOS.elf
Finished building: default.size.stdout
 
18:23:24 **** Incremental Build of configuration Debug for project RTOS ****
make -j16 all 
arm-none-eabi-gcc "../Src/main.c" -mcpu=cortex-m33 -std=gnu11 -g3 -DSTM32U575xx -c -I../Inc -I/home/traian/RTOS/chip_headers/NUCLEO_CMSIS/Include -I/home/traian/RTOS/chip_headers/NUCLEO_CMSIS/Device -I/home/traian/RTOS/chip_headers/NUCLEO_CMSIS/Device/ST/STM32U5xx/Include -O0 -ffunction-sections -fdata-sections -Wall -fstack-usage -fcyclomatic-complexity -MMD -MP -MF"Src/main.d" -MT"Src/main.o" --specs=nano.specs -mfpu=fpv5-sp-d16 -mfloat-abi=soft -mthumb -o "Src/main.o"
arm-none-eabi-gcc -o "RTOS.elf" @"objects.list"   -mcpu=cortex-m33 -T"/home/traian/RTOS/GCC_STM32CubeIDE/RTOS/STM32U575ZITXQ_FLASH.ld" --specs=nosys.specs -Wl,-Map="RTOS.map" -Wl,--gc-sections -static --specs=nano.specs -mfpu=fpv5-sp-d16 -mfloat-abi=soft -mthumb -Wl,--start-group -lc -lm -Wl,--end-group
Finished building target: RTOS.elf
 
arm-none-eabi-size  RTOS.elf 
arm-none-eabi-objdump -h -S RTOS.elf  > "RTOS.list"
   text	   data	    bss	    dec	    hex	filename
   8292	   4096	   1920	  14308	   37e4	RTOS.elf
Finished building: default.size.stdout
 
Finished building: RTOS.list
 
18:23:50 **** Incremental Build of configuration Debug for project RTOS ****
make -j16 all 
arm-none-eabi-size  RTOS.elf 
   text	   data	    bss	    dec	    hex	filename
   8292	   4096	   1920	  14308	   37e4	RTOS.elf
Finished building: default.size.stdout
 
18:28:32 **** Incremental Build of configuration Debug for project RTOS ****
make -j16 all 
arm-none-eabi-size  RTOS.elf 
   text	   data	    bss	    dec	    hex	filename
   8292	   4096	   1920	  14308	   37e4	RTOS.elf
Finished building: default.size.stdout
 
18:30:59 **** Build of configuration Debug for project RTOS ****
make -j16 all 
arm-none-eabi-size  RTOS.elf 
   text	   data	    bss	    dec	    hex	filename
   8292	   4096	   1920	  14308	   37e4	RTOS.elf
Finished building: default.size.stdout
 
18:32:43 **** Incremental Build of configuration Debug for project RTOS ****
make -j16 all 
arm-none-eabi-gcc "../Src/main.c" -mcpu=cortex-m33 -std=gnu11 -g3 -DSTM32U575xx -c -I../Inc -I/home/traian/RTOS/chip_headers/NUCLEO_CMSIS/Include -I/home/traian/RTOS/chip_headers/NUCLEO_CMSIS/Device -I/home/traian/RTOS/chip_headers/NUCLEO_CMSIS/Device/ST/STM32U5xx/Include -O0 -ffunction-sections -fdata-sections -Wall -fstack-usage -fcyclomatic-complexity -MMD -MP -MF"Src/main.d" -MT"Src/main.o" --specs=nano.specs -mfpu=fpv5-sp-d16 -mfloat-abi=soft -mthumb -o "Src/main.o"
arm-none-eabi-gcc -o "RTOS.elf" @"objects.list"   -mcpu=cortex-m33 -T"/home/traian/RTOS/GCC_STM32CubeIDE/RTOS/STM32U575ZITXQ_FLASH.ld" --specs=nosys.specs -Wl,-Map="RTOS.map" -Wl,--gc-sections -static --specs=nano.specs -mfpu=fpv5-sp-d16 -mfloat-abi=soft -mthumb -Wl,--start-group -lc -lm -Wl,--end-group
Finished building target: RTOS.elf
 
arm-none-eabi-size  RTOS.elf 
arm-none-eabi-objdump -h -S RTOS.elf  > "RTOS.list"
   text	   data	    bss	    dec	    hex	filename
   8308	   4096	   1920	  14324	   37f4	RTOS.elf
Finished building: default.size.stdout
 
Finished building: RTOS.list
 
18:34:31 **** Incremental Build of configuration Debug for project RTOS ****
make -j16 all 
arm-none-eabi-size  RTOS.elf 
   text	   data	    bss	    dec	    hex	filename
   8308	   4096	   1920	  14324	   37f4	RTOS.elf
Finished building: default.size.stdout
 
18:35:42 **** Incremental Build of configuration Debug for project RTOS ****
make -j16 all 
arm-none-eabi-size  RTOS.elf 
   text	   data	    bss	    dec	    hex	filename
   8308	   4096	   1920	  14324	   37f4	RTOS.elf
Finished building: default.size.stdout
 
18:37:26 **** Incremental Build of configuration Debug for project RTOS ****
make -j16 all 
arm-none-eabi-size  RTOS.elf 
   text	   data	    bss	    dec	    hex	filename
   8308	   4096	   1920	  14324	   37f4	RTOS.elf
Finished building: default.size.stdout
 
18:43:33 **** Incremental Build of configuration Debug for project RTOS ****
make -j16 all 
arm-none-eabi-size  RTOS.elf 
   text	   data	    bss	    dec	    hex	filename
   8308	   4096	   1920	  14324	   37f4	RTOS.elf
Finished building: default.size.stdout
 
18:46:04 **** Incremental Build of configuration Debug for project RTOS ****
make -j16 all 
arm-none-eabi-gcc "../Src/main.c" -mcpu=cortex-m33 -std=gnu11 -g3 -DSTM32U575xx -c -I../Inc -I/home/traian/RTOS/chip_headers/NUCLEO_CMSIS/Include -I/home/traian/RTOS/chip_headers/NUCLEO_CMSIS/Device -I/home/traian/RTOS/chip_headers/NUCLEO_CMSIS/Device/ST/STM32U5xx/Include -O0 -ffunction-sections -fdata-sections -Wall -fstack-usage -fcyclomatic-complexity -MMD -MP -MF"Src/main.d" -MT"Src/main.o" --specs=nano.specs -mfpu=fpv5-sp-d16 -mfloat-abi=soft -mthumb -o "Src/main.o"
arm-none-eabi-gcc -o "RTOS.elf" @"objects.list"   -mcpu=cortex-m33 -T"/home/traian/RTOS/GCC_STM32CubeIDE/RTOS/STM32U575ZITXQ_FLASH.ld" --specs=nosys.specs -Wl,-Map="RTOS.map" -Wl,--gc-sections -static --specs=nano.specs -mfpu=fpv5-sp-d16 -mfloat-abi=soft -mthumb -Wl,--start-group -lc -lm -Wl,--end-group
Finished building target: RTOS.elf
 
arm-none-eabi-size  RTOS.elf 
arm-none-eabi-objdump -h -S RTOS.elf  > "RTOS.list"
   text	   data	    bss	    dec	    hex	filename
   8316	   4096	   1920	  14332	   37fc	RTOS.elf
Finished building: default.size.stdout
 
Finished building: RTOS.list
 
