18:30:51 **** Incremental Build of configuration Debug for project RTOS ****
make -j16 all 
arm-none-eabi-size  RTOS.elf 
   text	   data	    bss	    dec	    hex	filename
   8776	   4104	   1992	  14872	   3a18	RTOS.elf
Finished building: default.size.stdout
 
18:30:58 **** Incremental Build of configuration Debug for project RTOS ****
make -j16 all 
arm-none-eabi-size  RTOS.elf 
   text	   data	    bss	    dec	    hex	filename
   8776	   4104	   1992	  14872	   3a18	RTOS.elf
Finished building: default.size.stdout
 
18:39:23 **** Incremental Build of configuration Debug for project RTOS ****
make -j16 all 
arm-none-eabi-gcc "../Src/memory_pool.c" -mcpu=cortex-m33 -std=gnu11 -g3 -DSTM32U575xx -c -I../Inc -I/home/traian/RTOS/chip_headers/NUCLEO_CMSIS/Include -I/home/traian/RTOS/chip_headers/NUCLEO_CMSIS/Device -I/home/traian/RTOS/chip_headers/NUCLEO_CMSIS/Device/ST/STM32U5xx/Include -O0 -ffunction-sections -fdata-sections -Wall -fstack-usage -fcyclomatic-complexity -MMD -MP -MF"Src/memory_pool.d" -MT"Src/memory_pool.o" --specs=nano.specs -mfpu=fpv5-sp-d16 -mfloat-abi=soft -mthumb -o "Src/memory_pool.o"
In file included from ../Inc/memory_pool.h:9,
                 from ../Src/memory_pool.c:4:
../Inc/rtos_config.h:8:19: warning: unsigned conversion from 'int' to 'unsigned char' changes value from '4096' to '0' [-Woverflow]
    8 | #define HEAP_SIZE 4096
      |                   ^~~~
../Src/memory_pool.c:55:83: note: in expansion of macro 'HEAP_SIZE'
   55 | static memory_pool_t memory_pool[HEAP_SIZE] = {[0] = (HEAP_SIZE << 1) >> 8, [1] = HEAP_SIZE};
      |                                                                                   ^~~~~~~~~
../Src/memory_pool.c: In function 'c_malloc':
../Src/memory_pool.c:87:58: warning: suggest parentheses around '-' inside '<<' [-Wparentheses]
   87 |         INITIALIZE_BLOCK(block_to_initialize, block_size - total_req);
      |                                               ~~~~~~~~~~~^~~~~~~~~~~
../Src/memory_pool.c:40:24: note: in definition of macro 'INITIALIZE_BLOCK'
   40 |     memory_block[0] = (size << 1) >> 8; \
      |                        ^~~~
../Src/memory_pool.c:87:58: warning: suggest parentheses around '-' inside '<<' [-Wparentheses]
   87 |         INITIALIZE_BLOCK(block_to_initialize, block_size - total_req);
      |                                               ~~~~~~~~~~~^~~~~~~~~~~
../Src/memory_pool.c:41:23: note: in definition of macro 'INITIALIZE_BLOCK'
   41 |     memory_block[1] = size << 1;
      |                       ^~~~
../Src/memory_pool.c: In function 'c_free':
../Src/memory_pool.c:107:33: warning: comparison of distinct pointer types lacks a cast
  107 |     if(!(ptr - sizeof(uint32_t) >= memory_pool && ptr < memory_pool + HEAP_SIZE))
      |                                 ^~
../Src/memory_pool.c:107:55: warning: comparison of distinct pointer types lacks a cast
  107 |     if(!(ptr - sizeof(uint32_t) >= memory_pool && ptr < memory_pool + HEAP_SIZE))
      |                                                       ^
../Src/memory_pool.c:49:67: warning: suggest parentheses around '+' inside '<<' [-Wparentheses]
   49 |     INITIALIZE_BLOCK(memory_block1, GET_BLOCK_SIZE(memory_block1) + GET_BLOCK_SIZE(memory_block2)) \
      |                                                                   ^
../Src/memory_pool.c:40:24: note: in definition of macro 'INITIALIZE_BLOCK'
   40 |     memory_block[0] = (size << 1) >> 8; \
      |                        ^~~~
../Src/memory_pool.c:116:9: note: in expansion of macro 'MERGE_BLOCKS'
  116 |         MERGE_BLOCKS(element_to_free, next_block);
      |         ^~~~~~~~~~~~
../Src/memory_pool.c:49:67: warning: suggest parentheses around '+' inside '<<' [-Wparentheses]
   49 |     INITIALIZE_BLOCK(memory_block1, GET_BLOCK_SIZE(memory_block1) + GET_BLOCK_SIZE(memory_block2)) \
      |                                                                   ^
../Src/memory_pool.c:41:23: note: in definition of macro 'INITIALIZE_BLOCK'
   41 |     memory_block[1] = size << 1;
      |                       ^~~~
../Src/memory_pool.c:116:9: note: in expansion of macro 'MERGE_BLOCKS'
  116 |         MERGE_BLOCKS(element_to_free, next_block);
      |         ^~~~~~~~~~~~
../Src/memory_pool.c:49:67: warning: suggest parentheses around '+' inside '<<' [-Wparentheses]
   49 |     INITIALIZE_BLOCK(memory_block1, GET_BLOCK_SIZE(memory_block1) + GET_BLOCK_SIZE(memory_block2)) \
      |                                                                   ^
../Src/memory_pool.c:40:24: note: in definition of macro 'INITIALIZE_BLOCK'
   40 |     memory_block[0] = (size << 1) >> 8; \
      |                        ^~~~
../Src/memory_pool.c:128:5: note: in expansion of macro 'MERGE_BLOCKS'
  128 |     MERGE_BLOCKS(ant, element_to_free);
      |     ^~~~~~~~~~~~
../Src/memory_pool.c:49:67: warning: suggest parentheses around '+' inside '<<' [-Wparentheses]
   49 |     INITIALIZE_BLOCK(memory_block1, GET_BLOCK_SIZE(memory_block1) + GET_BLOCK_SIZE(memory_block2)) \
      |                                                                   ^
../Src/memory_pool.c:41:23: note: in definition of macro 'INITIALIZE_BLOCK'
   41 |     memory_block[1] = size << 1;
      |                       ^~~~
../Src/memory_pool.c:128:5: note: in expansion of macro 'MERGE_BLOCKS'
  128 |     MERGE_BLOCKS(ant, element_to_free);
      |     ^~~~~~~~~~~~
arm-none-eabi-gcc -o "RTOS.elf" @"objects.list"   -mcpu=cortex-m33 -T"/home/traian/RTOS/GCC_STM32CubeIDE/RTOS/STM32U575ZITXQ_FLASH.ld" --specs=nosys.specs -Wl,-Map="RTOS.map" -Wl,--gc-sections -static --specs=nano.specs -mfpu=fpv5-sp-d16 -mfloat-abi=soft -mthumb -Wl,--start-group -lc -lm -Wl,--end-group
Finished building target: RTOS.elf
 
arm-none-eabi-size  RTOS.elf 
arm-none-eabi-objdump -h -S RTOS.elf  > "RTOS.list"
   text	   data	    bss	    dec	    hex	filename
   8776	   4104	   1992	  14872	   3a18	RTOS.elf
Finished building: default.size.stdout
 
Finished building: RTOS.list
 
18:39:56 **** Incremental Build of configuration Debug for project RTOS ****
make -j16 all 
arm-none-eabi-size  RTOS.elf 
   text	   data	    bss	    dec	    hex	filename
   8776	   4104	   1992	  14872	   3a18	RTOS.elf
Finished building: default.size.stdout
 
18:44:22 **** Incremental Build of configuration Debug for project RTOS ****
make -j16 all 
arm-none-eabi-gcc "../Src/osKernel.c" -mcpu=cortex-m33 -std=gnu11 -g3 -DSTM32U575xx -c -I../Inc -I/home/traian/RTOS/chip_headers/NUCLEO_CMSIS/Include -I/home/traian/RTOS/chip_headers/NUCLEO_CMSIS/Device -I/home/traian/RTOS/chip_headers/NUCLEO_CMSIS/Device/ST/STM32U5xx/Include -O0 -ffunction-sections -fdata-sections -Wall -fstack-usage -fcyclomatic-complexity -MMD -MP -MF"Src/osKernel.d" -MT"Src/osKernel.o" --specs=nano.specs -mfpu=fpv5-sp-d16 -mfloat-abi=soft -mthumb -o "Src/osKernel.o"
arm-none-eabi-gcc -o "RTOS.elf" @"objects.list"   -mcpu=cortex-m33 -T"/home/traian/RTOS/GCC_STM32CubeIDE/RTOS/STM32U575ZITXQ_FLASH.ld" --specs=nosys.specs -Wl,-Map="RTOS.map" -Wl,--gc-sections -static --specs=nano.specs -mfpu=fpv5-sp-d16 -mfloat-abi=soft -mthumb -Wl,--start-group -lc -lm -Wl,--end-group
Finished building target: RTOS.elf
 
arm-none-eabi-size  RTOS.elf 
arm-none-eabi-objdump -h -S RTOS.elf  > "RTOS.list"
   text	   data	    bss	    dec	    hex	filename
   8776	   4104	   1992	  14872	   3a18	RTOS.elf
Finished building: default.size.stdout
 
Finished building: RTOS.list
 
18:44:54 **** Incremental Build of configuration Debug for project RTOS ****
make -j16 all 
arm-none-eabi-size  RTOS.elf 
   text	   data	    bss	    dec	    hex	filename
   8776	   4104	   1992	  14872	   3a18	RTOS.elf
Finished building: default.size.stdout
 
18:45:36 **** Incremental Build of configuration Debug for project RTOS ****
make -j16 all 
arm-none-eabi-gcc "../Src/memory_pool.c" -mcpu=cortex-m33 -std=gnu11 -g3 -DSTM32U575xx -c -I../Inc -I/home/traian/RTOS/chip_headers/NUCLEO_CMSIS/Include -I/home/traian/RTOS/chip_headers/NUCLEO_CMSIS/Device -I/home/traian/RTOS/chip_headers/NUCLEO_CMSIS/Device/ST/STM32U5xx/Include -O0 -ffunction-sections -fdata-sections -Wall -fstack-usage -fcyclomatic-complexity -MMD -MP -MF"Src/memory_pool.d" -MT"Src/memory_pool.o" --specs=nano.specs -mfpu=fpv5-sp-d16 -mfloat-abi=soft -mthumb -o "Src/memory_pool.o"
arm-none-eabi-gcc "../Src/osKernel.c" -mcpu=cortex-m33 -std=gnu11 -g3 -DSTM32U575xx -c -I../Inc -I/home/traian/RTOS/chip_headers/NUCLEO_CMSIS/Include -I/home/traian/RTOS/chip_headers/NUCLEO_CMSIS/Device -I/home/traian/RTOS/chip_headers/NUCLEO_CMSIS/Device/ST/STM32U5xx/Include -O0 -ffunction-sections -fdata-sections -Wall -fstack-usage -fcyclomatic-complexity -MMD -MP -MF"Src/osKernel.d" -MT"Src/osKernel.o" --specs=nano.specs -mfpu=fpv5-sp-d16 -mfloat-abi=soft -mthumb -o "Src/osKernel.o"
In file included from ../Inc/memory_pool.h:9,
                 from ../Src/memory_pool.c:4:
../Inc/rtos_config.h:8:19: warning: unsigned conversion from 'int' to 'unsigned char' changes value from '4096' to '0' [-Woverflow]
    8 | #define HEAP_SIZE 4096
      |                   ^~~~
../Src/memory_pool.c:55:83: note: in expansion of macro 'HEAP_SIZE'
   55 | static memory_pool_t memory_pool[HEAP_SIZE] = {[0] = (HEAP_SIZE << 1) >> 8, [1] = HEAP_SIZE};
      |                                                                                   ^~~~~~~~~
../Src/memory_pool.c: In function 'c_malloc':
../Src/memory_pool.c:76:54: warning: suggest parentheses around '+' inside '<<' [-Wparentheses]
   76 |                    OCUPY_BLOCK(current_element, size + sizeof(uint32_t));
      |                                                 ~~~~~^~~~~~~~~~~~~~~~~~
../Src/memory_pool.c:35:24: note: in definition of macro 'OCUPY_BLOCK'
   35 |     memory_block[0] = (new_size << 1) >> 8; \
      |                        ^~~~~~~~
../Src/memory_pool.c:76:54: warning: suggest parentheses around '+' inside '<<' [-Wparentheses]
   76 |                    OCUPY_BLOCK(current_element, size + sizeof(uint32_t));
      |                                                 ~~~~~^~~~~~~~~~~~~~~~~~
../Src/memory_pool.c:36:24: note: in definition of macro 'OCUPY_BLOCK'
   36 |     memory_block[1] = (new_size << 1) | 0x01;
      |                        ^~~~~~~~
../Src/memory_pool.c:80:43: warning: suggest parentheses around '+' inside '<<' [-Wparentheses]
   80 |         OCUPY_BLOCK(current_element, size + sizeof(uint32_t));
      |                                      ~~~~~^~~~~~~~~~~~~~~~~~
../Src/memory_pool.c:35:24: note: in definition of macro 'OCUPY_BLOCK'
   35 |     memory_block[0] = (new_size << 1) >> 8; \
      |                        ^~~~~~~~
../Src/memory_pool.c:80:43: warning: suggest parentheses around '+' inside '<<' [-Wparentheses]
   80 |         OCUPY_BLOCK(current_element, size + sizeof(uint32_t));
      |                                      ~~~~~^~~~~~~~~~~~~~~~~~
../Src/memory_pool.c:36:24: note: in definition of macro 'OCUPY_BLOCK'
   36 |     memory_block[1] = (new_size << 1) | 0x01;
      |                        ^~~~~~~~
../Src/memory_pool.c:82:58: warning: suggest parentheses around '-' inside '<<' [-Wparentheses]
   82 |         INITIALIZE_BLOCK(block_to_initialize, block_size - (size + sizeof(uint32_t)));
      |                                               ~~~~~~~~~~~^~~~~~~~~~~~~~~~~~~~~~~~~~~
../Src/memory_pool.c:40:24: note: in definition of macro 'INITIALIZE_BLOCK'
   40 |     memory_block[0] = (size << 1) >> 8; \
      |                        ^~~~
../Src/memory_pool.c:82:58: warning: suggest parentheses around '-' inside '<<' [-Wparentheses]
   82 |         INITIALIZE_BLOCK(block_to_initialize, block_size - (size + sizeof(uint32_t)));
      |                                               ~~~~~~~~~~~^~~~~~~~~~~~~~~~~~~~~~~~~~~
../Src/memory_pool.c:41:23: note: in definition of macro 'INITIALIZE_BLOCK'
   41 |     memory_block[1] = size << 1;
      |                       ^~~~
../Src/memory_pool.c: In function 'c_free':
../Src/memory_pool.c:102:33: warning: comparison of distinct pointer types lacks a cast
  102 |     if(!(ptr - sizeof(uint32_t) >= memory_pool && ptr < memory_pool + HEAP_SIZE))
      |                                 ^~
../Src/memory_pool.c:102:55: warning: comparison of distinct pointer types lacks a cast
  102 |     if(!(ptr - sizeof(uint32_t) >= memory_pool && ptr < memory_pool + HEAP_SIZE))
      |                                                       ^
../Src/memory_pool.c:49:67: warning: suggest parentheses around '+' inside '<<' [-Wparentheses]
   49 |     INITIALIZE_BLOCK(memory_block1, GET_BLOCK_SIZE(memory_block1) + GET_BLOCK_SIZE(memory_block2)) \
      |                                                                   ^
../Src/memory_pool.c:40:24: note: in definition of macro 'INITIALIZE_BLOCK'
   40 |     memory_block[0] = (size << 1) >> 8; \
      |                        ^~~~
../Src/memory_pool.c:111:9: note: in expansion of macro 'MERGE_BLOCKS'
  111 |         MERGE_BLOCKS(element_to_free, next_block);
      |         ^~~~~~~~~~~~
../Src/memory_pool.c:49:67: warning: suggest parentheses around '+' inside '<<' [-Wparentheses]
   49 |     INITIALIZE_BLOCK(memory_block1, GET_BLOCK_SIZE(memory_block1) + GET_BLOCK_SIZE(memory_block2)) \
      |                                                                   ^
../Src/memory_pool.c:41:23: note: in definition of macro 'INITIALIZE_BLOCK'
   41 |     memory_block[1] = size << 1;
      |                       ^~~~
../Src/memory_pool.c:111:9: note: in expansion of macro 'MERGE_BLOCKS'
  111 |         MERGE_BLOCKS(element_to_free, next_block);
      |         ^~~~~~~~~~~~
../Src/memory_pool.c:49:67: warning: suggest parentheses around '+' inside '<<' [-Wparentheses]
   49 |     INITIALIZE_BLOCK(memory_block1, GET_BLOCK_SIZE(memory_block1) + GET_BLOCK_SIZE(memory_block2)) \
      |                                                                   ^
../Src/memory_pool.c:40:24: note: in definition of macro 'INITIALIZE_BLOCK'
   40 |     memory_block[0] = (size << 1) >> 8; \
      |                        ^~~~
../Src/memory_pool.c:123:5: note: in expansion of macro 'MERGE_BLOCKS'
  123 |     MERGE_BLOCKS(ant, element_to_free);
      |     ^~~~~~~~~~~~
../Src/memory_pool.c:49:67: warning: suggest parentheses around '+' inside '<<' [-Wparentheses]
   49 |     INITIALIZE_BLOCK(memory_block1, GET_BLOCK_SIZE(memory_block1) + GET_BLOCK_SIZE(memory_block2)) \
      |                                                                   ^
../Src/memory_pool.c:41:23: note: in definition of macro 'INITIALIZE_BLOCK'
   41 |     memory_block[1] = size << 1;
      |                       ^~~~
../Src/memory_pool.c:123:5: note: in expansion of macro 'MERGE_BLOCKS'
  123 |     MERGE_BLOCKS(ant, element_to_free);
      |     ^~~~~~~~~~~~
arm-none-eabi-gcc -o "RTOS.elf" @"objects.list"   -mcpu=cortex-m33 -T"/home/traian/RTOS/GCC_STM32CubeIDE/RTOS/STM32U575ZITXQ_FLASH.ld" --specs=nosys.specs -Wl,-Map="RTOS.map" -Wl,--gc-sections -static --specs=nano.specs -mfpu=fpv5-sp-d16 -mfloat-abi=soft -mthumb -Wl,--start-group -lc -lm -Wl,--end-group
Finished building target: RTOS.elf
 
arm-none-eabi-size  RTOS.elf 
arm-none-eabi-objdump -h -S RTOS.elf  > "RTOS.list"
   text	   data	    bss	    dec	    hex	filename
   8776	   4104	   1992	  14872	   3a18	RTOS.elf
Finished building: default.size.stdout
 
Finished building: RTOS.list
 
18:54:40 **** Incremental Build of configuration Debug for project RTOS ****
make -j16 all 
arm-none-eabi-size  RTOS.elf 
   text	   data	    bss	    dec	    hex	filename
   8776	   4104	   1992	  14872	   3a18	RTOS.elf
Finished building: default.size.stdout
 
18:58:48 **** Incremental Build of configuration Debug for project RTOS ****
make -j16 all 
arm-none-eabi-gcc "../Src/osKernel.c" -mcpu=cortex-m33 -std=gnu11 -g3 -DSTM32U575xx -c -I../Inc -I/home/traian/RTOS/chip_headers/NUCLEO_CMSIS/Include -I/home/traian/RTOS/chip_headers/NUCLEO_CMSIS/Device -I/home/traian/RTOS/chip_headers/NUCLEO_CMSIS/Device/ST/STM32U5xx/Include -O0 -ffunction-sections -fdata-sections -Wall -fstack-usage -fcyclomatic-complexity -MMD -MP -MF"Src/osKernel.d" -MT"Src/osKernel.o" --specs=nano.specs -mfpu=fpv5-sp-d16 -mfloat-abi=soft -mthumb -o "Src/osKernel.o"
arm-none-eabi-gcc -o "RTOS.elf" @"objects.list"   -mcpu=cortex-m33 -T"/home/traian/RTOS/GCC_STM32CubeIDE/RTOS/STM32U575ZITXQ_FLASH.ld" --specs=nosys.specs -Wl,-Map="RTOS.map" -Wl,--gc-sections -static --specs=nano.specs -mfpu=fpv5-sp-d16 -mfloat-abi=soft -mthumb -Wl,--start-group -lc -lm -Wl,--end-group
Finished building target: RTOS.elf
 
arm-none-eabi-size  RTOS.elf 
arm-none-eabi-objdump -h -S RTOS.elf  > "RTOS.list"
   text	   data	    bss	    dec	    hex	filename
   8768	   4104	   1992	  14864	   3a10	RTOS.elf
Finished building: default.size.stdout
 
Finished building: RTOS.list
 
18:59:30 **** Incremental Build of configuration Debug for project RTOS ****
make -j16 all 
arm-none-eabi-gcc "../Src/osKernel.c" -mcpu=cortex-m33 -std=gnu11 -g3 -DSTM32U575xx -c -I../Inc -I/home/traian/RTOS/chip_headers/NUCLEO_CMSIS/Include -I/home/traian/RTOS/chip_headers/NUCLEO_CMSIS/Device -I/home/traian/RTOS/chip_headers/NUCLEO_CMSIS/Device/ST/STM32U5xx/Include -O0 -ffunction-sections -fdata-sections -Wall -fstack-usage -fcyclomatic-complexity -MMD -MP -MF"Src/osKernel.d" -MT"Src/osKernel.o" --specs=nano.specs -mfpu=fpv5-sp-d16 -mfloat-abi=soft -mthumb -o "Src/osKernel.o"
arm-none-eabi-gcc -o "RTOS.elf" @"objects.list"   -mcpu=cortex-m33 -T"/home/traian/RTOS/GCC_STM32CubeIDE/RTOS/STM32U575ZITXQ_FLASH.ld" --specs=nosys.specs -Wl,-Map="RTOS.map" -Wl,--gc-sections -static --specs=nano.specs -mfpu=fpv5-sp-d16 -mfloat-abi=soft -mthumb -Wl,--start-group -lc -lm -Wl,--end-group
Finished building target: RTOS.elf
 
arm-none-eabi-size  RTOS.elf 
arm-none-eabi-objdump -h -S RTOS.elf  > "RTOS.list"
   text	   data	    bss	    dec	    hex	filename
   8768	   4104	   1992	  14864	   3a10	RTOS.elf
Finished building: default.size.stdout
 
Finished building: RTOS.list
 
